Archive member included because of file (symbol)

/home/robert/Desktop/Projektwoche/stm/U23_2013_examples/libs/libCMSIS/obj/libCMSIS.a(system_stm32f4xx.o)
                              (--whole-archive)
/home/robert/Desktop/Projektwoche/stm/U23_2013_examples/libs/libCMSIS/obj/libCMSIS.a(startup_stm32f4xx.o)
                              (--whole-archive)
/home/robert/Desktop/Projektwoche/stm/U23_2013_examples/libs/libstm32f4xx/obj/libstm32f4xx.a(misc.o)
                              (--whole-archive)
/home/robert/Desktop/Projektwoche/stm/U23_2013_examples/libs/libstm32f4xx/obj/libstm32f4xx.a(stm32f4xx_cryp_aes.o)
                              (--whole-archive)
/home/robert/Desktop/Projektwoche/stm/U23_2013_examples/libs/libstm32f4xx/obj/libstm32f4xx.a(stm32f4xx_dac.o)
                              (--whole-archive)
/home/robert/Desktop/Projektwoche/stm/U23_2013_examples/libs/libstm32f4xx/obj/libstm32f4xx.a(stm32f4xx_exti.o)
                              (--whole-archive)
/home/robert/Desktop/Projektwoche/stm/U23_2013_examples/libs/libstm32f4xx/obj/libstm32f4xx.a(stm32f4xx_hash.o)
                              (--whole-archive)
/home/robert/Desktop/Projektwoche/stm/U23_2013_examples/libs/libstm32f4xx/obj/libstm32f4xx.a(stm32f4xx_iwdg.o)
                              (--whole-archive)
/home/robert/Desktop/Projektwoche/stm/U23_2013_examples/libs/libstm32f4xx/obj/libstm32f4xx.a(stm32f4xx_rtc.o)
                              (--whole-archive)
/home/robert/Desktop/Projektwoche/stm/U23_2013_examples/libs/libstm32f4xx/obj/libstm32f4xx.a(stm32f4xx_tim.o)
                              (--whole-archive)
/home/robert/Desktop/Projektwoche/stm/U23_2013_examples/libs/libstm32f4xx/obj/libstm32f4xx.a(stm32f4xx_adc.o)
                              (--whole-archive)
/home/robert/Desktop/Projektwoche/stm/U23_2013_examples/libs/libstm32f4xx/obj/libstm32f4xx.a(stm32f4xx_cryp.o)
                              (--whole-archive)
/home/robert/Desktop/Projektwoche/stm/U23_2013_examples/libs/libstm32f4xx/obj/libstm32f4xx.a(stm32f4xx_dbgmcu.o)
                              (--whole-archive)
/home/robert/Desktop/Projektwoche/stm/U23_2013_examples/libs/libstm32f4xx/obj/libstm32f4xx.a(stm32f4xx_flash.o)
                              (--whole-archive)
/home/robert/Desktop/Projektwoche/stm/U23_2013_examples/libs/libstm32f4xx/obj/libstm32f4xx.a(stm32f4xx_hash_md5.o)
                              (--whole-archive)
/home/robert/Desktop/Projektwoche/stm/U23_2013_examples/libs/libstm32f4xx/obj/libstm32f4xx.a(stm32f4xx_pwr.o)
                              (--whole-archive)
/home/robert/Desktop/Projektwoche/stm/U23_2013_examples/libs/libstm32f4xx/obj/libstm32f4xx.a(stm32f4xx_sdio.o)
                              (--whole-archive)
/home/robert/Desktop/Projektwoche/stm/U23_2013_examples/libs/libstm32f4xx/obj/libstm32f4xx.a(stm32f4xx_usart.o)
                              (--whole-archive)
/home/robert/Desktop/Projektwoche/stm/U23_2013_examples/libs/libstm32f4xx/obj/libstm32f4xx.a(stm32f4xx_can.o)
                              (--whole-archive)
/home/robert/Desktop/Projektwoche/stm/U23_2013_examples/libs/libstm32f4xx/obj/libstm32f4xx.a(stm32f4xx_cryp_des.o)
                              (--whole-archive)
/home/robert/Desktop/Projektwoche/stm/U23_2013_examples/libs/libstm32f4xx/obj/libstm32f4xx.a(stm32f4xx_dcmi.o)
                              (--whole-archive)
/home/robert/Desktop/Projektwoche/stm/U23_2013_examples/libs/libstm32f4xx/obj/libstm32f4xx.a(stm32f4xx_fsmc.o)
                              (--whole-archive)
/home/robert/Desktop/Projektwoche/stm/U23_2013_examples/libs/libstm32f4xx/obj/libstm32f4xx.a(stm32f4xx_hash_sha1.o)
                              (--whole-archive)
/home/robert/Desktop/Projektwoche/stm/U23_2013_examples/libs/libstm32f4xx/obj/libstm32f4xx.a(stm32f4xx_rcc.o)
                              (--whole-archive)
/home/robert/Desktop/Projektwoche/stm/U23_2013_examples/libs/libstm32f4xx/obj/libstm32f4xx.a(stm32f4xx_spi.o)
                              (--whole-archive)
/home/robert/Desktop/Projektwoche/stm/U23_2013_examples/libs/libstm32f4xx/obj/libstm32f4xx.a(stm32f4xx_wwdg.o)
                              (--whole-archive)
/home/robert/Desktop/Projektwoche/stm/U23_2013_examples/libs/libstm32f4xx/obj/libstm32f4xx.a(stm32f4xx_crc.o)
                              (--whole-archive)
/home/robert/Desktop/Projektwoche/stm/U23_2013_examples/libs/libstm32f4xx/obj/libstm32f4xx.a(stm32f4xx_cryp_tdes.o)
                              (--whole-archive)
/home/robert/Desktop/Projektwoche/stm/U23_2013_examples/libs/libstm32f4xx/obj/libstm32f4xx.a(stm32f4xx_dma.o)
                              (--whole-archive)
/home/robert/Desktop/Projektwoche/stm/U23_2013_examples/libs/libstm32f4xx/obj/libstm32f4xx.a(stm32f4xx_gpio.o)
                              (--whole-archive)
/home/robert/Desktop/Projektwoche/stm/U23_2013_examples/libs/libstm32f4xx/obj/libstm32f4xx.a(stm32f4xx_i2c.o)
                              (--whole-archive)
[...]
Memory Configuration

Name             Origin             Length             Attributes
flash            0x0000000008000000 0x0000000000100000 xr
ccmram           0x0000000010000000 0x0000000000010000 xrw
sram             0x0000000020000000 0x0000000000020000 xrw
*default*        0x0000000000000000 0xffffffffffffffff

Linker script and memory map

                0x0000000008000000                . = ORIGIN (flash)

.text           0x0000000008000000     0xae98
 *(.vectors)
 .vectors       0x0000000008000000      0x188 /home/robert/Desktop/Projektwoche/stm/U23_2013_examples/libs/libCMSIS/obj/libCMSIS.a(startup_stm32f4xx.o)
                0x0000000008000000                InterruptVectors
 *(.text*)
 .text.DelayMS  0x0000000008000188       0x38 /home/robert/Desktop/Projektwoche/stm/U23_2013_examples/examples/ssd1289/obj/SSD1289.o
 .text.SSD1289_Configuration
                0x00000000080001c0       0x6c /home/robert/Desktop/Projektwoche/stm/U23_2013_examples/examples/ssd1289/obj/SSD1289.o
 .text.SSD1289_WriteIndex
                0x000000000800022c       0x5c /home/robert/Desktop/Projektwoche/stm/U23_2013_examples/examples/ssd1289/obj/SSD1289.o
                0x000000000800022c                SSD1289_WriteIndex
 .text.SSD1289_WriteData
                0x0000000008000288       0x4c /home/robert/Desktop/Projektwoche/stm/U23_2013_examples/examples/ssd1289/obj/SSD1289.o
                0x0000000008000288                SSD1289_WriteData
 .text.SSD1289_WriteReg
                0x00000000080002d4       0x44 /home/robert/Desktop/Projektwoche/stm/U23_2013_examples/examples/ssd1289/obj/SSD1289.o
                0x00000000080002d4                SSD1289_WriteReg
 .text.SSD1289_SetCursor
                0x0000000008000318       0x80 /home/robert/Desktop/Projektwoche/stm/U23_2013_examples/examples/ssd1289/obj/SSD1289.o
                0x0000000008000318                SSD1289_SetCursor
 .text.SSD1289_Init
                0x0000000008000398      0x2b0 /home/robert/Desktop/Projektwoche/stm/U23_2013_examples/examples/ssd1289/obj/SSD1289.o
                0x0000000008000398                SSD1289_Init
 .text.SSD1289_Clear
                0x0000000008000648       0x80 /home/robert/Desktop/Projektwoche/stm/U23_2013_examples/examples/ssd1289/obj/SSD1289.o
                0x0000000008000648                SSD1289_Clear
 .text.SSD1289_SetPoint
                0x00000000080006c8       0x40 /home/robert/Desktop/Projektwoche/stm/U23_2013_examples/examples/ssd1289/obj/SSD1289.o
                0x00000000080006c8                SSD1289_SetPoint
 .text.SSD1289_DrawLine
                0x0000000008000708      0x198 /home/robert/Desktop/Projektwoche/stm/U23_2013_examples/examples/ssd1289/obj/SSD1289.o
                0x0000000008000708                SSD1289_DrawLine
 .text.SSD1289_CleanPutCharFont
                0x00000000080008a0       0xbc /home/robert/Desktop/Projektwoche/stm/U23_2013_examples/examples/ssd1289/obj/SSD1289.o
                0x00000000080008a0                SSD1289_CleanPutCharFont
 .text.SSD1289_CleanTextFont
                0x000000000800095c       0x64 /home/robert/Desktop/Projektwoche/stm/U23_2013_examples/examples/ssd1289/obj/SSD1289.o
                0x000000000800095c                SSD1289_CleanTextFont
 .text.SSD1289_FillCircle
                0x00000000080009c0      0x14c /home/robert/Desktop/Projektwoche/stm/U23_2013_examples/examples/ssd1289/obj/SSD1289.o
                0x00000000080009c0                SSD1289_FillCircle
 .text.SSD1289_DrawRect
                0x0000000008000b0c       0xc4 /home/robert/Desktop/Projektwoche/stm/U23_2013_examples/examples/ssd1289/obj/SSD1289.o
                0x0000000008000b0c                SSD1289_DrawRect
 .text.SSD1289_FillRect
                0x0000000008000bd0       0x94 /home/robert/Desktop/Projektwoche/stm/U23_2013_examples/examples/ssd1289/obj/SSD1289.o
                0x0000000008000bd0                SSD1289_FillRect
 .text.XPT2046_Init
                0x0000000008000c64      0x120 /home/robert/Desktop/Projektwoche/stm/U23_2013_examples/examples/ssd1289/obj/XPT2046.o
                0x0000000008000c64                XPT2046_Init
 .text.Read_X   0x0000000008000d84       0x34 /home/robert/Desktop/Projektwoche/stm/U23_2013_examples/examples/ssd1289/obj/XPT2046.o
                0x0000000008000d84                Read_X
 .text.Read_Y   0x0000000008000db8       0x34 /home/robert/Desktop/Projektwoche/stm/U23_2013_examples/examples/ssd1289/obj/XPT2046.o
                0x0000000008000db8                Read_Y
 .text.XPT2046_GetAdXY
                0x0000000008000dec       0x34 /home/robert/Desktop/Projektwoche/stm/U23_2013_examples/examples/ssd1289/obj/XPT2046.o
                0x0000000008000dec                XPT2046_GetAdXY
 .text.Read_XPT2046
                0x0000000008000e20      0x2c8 /home/robert/Desktop/Projektwoche/stm/U23_2013_examples/examples/ssd1289/obj/XPT2046.o
                0x0000000008000e20                Read_XPT2046
 .text.getDisplayPoint
                0x00000000080010e8      0x180 /home/robert/Desktop/Projektwoche/stm/U23_2013_examples/examples/ssd1289/obj/XPT2046.o
                0x00000000080010e8                getDisplayPoint
 .text.set_CS   0x0000000008001268       0x18 /home/robert/Desktop/Projektwoche/stm/U23_2013_examples/examples/ssd1289/obj/XPT2046.o
 .text.reset_CS
                0x0000000008001280       0x18 /home/robert/Desktop/Projektwoche/stm/U23_2013_examples/examples/ssd1289/obj/XPT2046.o
 .text.read_IRQ
                0x0000000008001298       0x1c /home/robert/Desktop/Projektwoche/stm/U23_2013_examples/examples/ssd1289/obj/XPT2046.o
 .text.WR_CMD   0x00000000080012b4       0x58 /home/robert/Desktop/Projektwoche/stm/U23_2013_examples/examples/ssd1289/obj/XPT2046.o
 .text.RD_AD    0x000000000800130c       0xc8 /home/robert/Desktop/Projektwoche/stm/U23_2013_examples/examples/ssd1289/obj/XPT2046.o
 .text.SetLEDs  0x00000000080013d4       0x40 /home/robert/Desktop/Projektwoche/stm/U23_2013_examples/examples/ssd1289/obj/LCD.o
 .text.DelayMS  0x0000000008001414       0x38 /home/robert/Desktop/Projektwoche/stm/U23_2013_examples/examples/ssd1289/obj/LCD.o
 .text.lcd_initLCD
                0x000000000800144c       0x40 /home/robert/Desktop/Projektwoche/stm/U23_2013_examples/examples/ssd1289/obj/LCD.o
                0x000000000800144c                lcd_initLCD
 .text.addButtonList
                0x000000000800148c       0xac /home/robert/Desktop/Projektwoche/stm/U23_2013_examples/examples/ssd1289/obj/LCD.o
                0x000000000800148c                addButtonList
 .text.lcd_addButton
                0x0000000008001538       0xb4 /home/robert/Desktop/Projektwoche/stm/U23_2013_examples/examples/ssd1289/obj/LCD.o
                0x0000000008001538                lcd_addButton
 .text.lcd_highlightButton
                0x00000000080015ec       0xa8 /home/robert/Desktop/Projektwoche/stm/U23_2013_examples/examples/ssd1289/obj/LCD.o
                0x00000000080015ec                lcd_highlightButton
 .text.lcd_checkButton
                0x0000000008001694       0x88 /home/robert/Desktop/Projektwoche/stm/U23_2013_examples/examples/ssd1289/obj/LCD.o
                0x0000000008001694                lcd_checkButton
 .text.lcd_checkButtons
                0x000000000800171c       0x30 /home/robert/Desktop/Projektwoche/stm/U23_2013_examples/examples/ssd1289/obj/LCD.o
                0x000000000800171c                lcd_checkButtons
 .text.NVIC_SetPriority
                0x000000000800174c       0x58 /home/robert/Desktop/Projektwoche/stm/U23_2013_examples/examples/ssd1289/obj/main.o
 .text.SysTick_Config
                0x00000000080017a4       0x54 /home/robert/Desktop/Projektwoche/stm/U23_2013_examples/examples/ssd1289/obj/main.o
 .text.button_clicked
                0x00000000080017f8       0x14 /home/robert/Desktop/Projektwoche/stm/U23_2013_examples/examples/ssd1289/obj/main.o
                0x00000000080017f8                button_clicked
 .text.main     0x000000000800180c      0x1e4 /home/robert/Desktop/Projektwoche/stm/U23_2013_examples/examples/ssd1289/obj/main.o
                0x000000000800180c                main
 .text.GetASCIICode
                0x00000000080019f0       0xa8 /home/robert/Desktop/Projektwoche/stm/U23_2013_examples/examples/ssd1289/obj/AsciiLib.o
                0x00000000080019f0                GetASCIICode
 .text.SystemInit
                0x0000000008001a98       0xac /home/robert/Desktop/Projektwoche/stm/U23_2013_examples/libs/libCMSIS/obj/libCMSIS.a(system_stm32f4xx.o)
                0x0000000008001a98                SystemInit
 .text.SetSysClock
                0x0000000008001b44      0x1d4 /home/robert/Desktop/Projektwoche/stm/U23_2013_examples/libs/libCMSIS/obj/libCMSIS.a(system_stm32f4xx.o)
 .text.Reset_Handler
                0x0000000008001d18       0x90 /home/robert/Desktop/Projektwoche/stm/U23_2013_examples/libs/libCMSIS/obj/libCMSIS.a(startup_stm32f4xx.o)
                0x0000000008001d18                Reset_Handler
 .text.Default_Handler
                0x0000000008001da8        0x4 /home/robert/Desktop/Projektwoche/stm/U23_2013_examples/libs/libCMSIS/obj/libCMSIS.a(startup_stm32f4xx.o)
                0x0000000008001da8                RTC_Alarm_IRQHandler
                0x0000000008001da8                HASH_RNG_IRQHandler
                0x0000000008001da8                EXTI2_IRQHandler
                0x0000000008001da8                TIM8_CC_IRQHandler
                0x0000000008001da8                SVCall_Handler
                0x0000000008001da8                DebugMon_Handler
                0x0000000008001da8                TIM1_CC_IRQHandler
                0x0000000008001da8                DMA2_Stream5_IRQHandler
                0x0000000008001da8                HardFault_Handler
                0x0000000008001da8                DMA1_Stream5_IRQHandler
                0x0000000008001da8                PVD_IRQHandler
                0x0000000008001da8                SDIO_IRQHandler
                0x0000000008001da8                TAMP_STAMP_IRQHandler
                0x0000000008001da8                PendSV_Handler
                0x0000000008001da8                NMI_Handler
                0x0000000008001da8                CAN2_RX1_IRQHandler
                0x0000000008001da8                EXTI3_IRQHandler
                0x0000000008001da8                TIM8_TRG_COM_TIM14_IRQHandler
                0x0000000008001da8                TIM1_UP_TIM10_IRQHandler
                0x0000000008001da8                TIM8_UP_TIM13_IRQHandler
                0x0000000008001da8                I2C3_ER_IRQHandler
                0x0000000008001da8                EXTI0_IRQHandler
                0x0000000008001da8                I2C2_EV_IRQHandler
                0x0000000008001da8                DMA1_Stream2_IRQHandler
                0x0000000008001da8                CAN1_RX0_IRQHandler
                0x0000000008001da8                FPU_IRQHandler
                0x0000000008001da8                OTG_HS_WKUP_IRQHandler
                0x0000000008001da8                UsageFault_Handler
                0x0000000008001da8                CAN2_SCE_IRQHandler
                0x0000000008001da8                DMA2_Stream2_IRQHandler
                0x0000000008001da8                SPI1_IRQHandler
                0x0000000008001da8                TIM6_DAC_IRQHandler
                0x0000000008001da8                TIM1_BRK_TIM9_IRQHandler
                0x0000000008001da8                DCMI_IRQHandler
                0x0000000008001da8                CAN2_RX0_IRQHandler
                0x0000000008001da8                DMA2_Stream3_IRQHandler
                0x0000000008001da8                USART6_IRQHandler
                0x0000000008001da8                USART3_IRQHandler
                0x0000000008001da8                CRYP_IRQHandler
                0x0000000008001da8                CAN1_RX1_IRQHandler
                0x0000000008001da8                UART5_IRQHandler
                0x0000000008001da8                DMA2_Stream0_IRQHandler
                0x0000000008001da8                TIM4_IRQHandler
                0x0000000008001da8                I2C1_EV_IRQHandler
                0x0000000008001da8                DMA1_Stream6_IRQHandler
                0x0000000008001da8                DMA1_Stream1_IRQHandler
                0x0000000008001da8                UART4_IRQHandler
                0x0000000008001da8                TIM3_IRQHandler
                0x0000000008001da8                RCC_IRQHandler
                0x0000000008001da8                TIM8_BRK_TIM12_IRQHandler
                0x0000000008001da8                Default_Handler
                0x0000000008001da8                EXTI15_10_IRQHandler
                0x0000000008001da8                ADC_IRQHandler
                0x0000000008001da8                CAN2_TX_IRQHandler
                0x0000000008001da8                TIM5_IRQHandler
                0x0000000008001da8                DMA2_Stream7_IRQHandler
                0x0000000008001da8                I2C3_EV_IRQHandler
                0x0000000008001da8                EXTI9_5_IRQHandler
                0x0000000008001da8                RTC_WKUP_IRQHandler
                0x0000000008001da8                ETH_WKUP_IRQHandler
                0x0000000008001da8                OTG_HS_EP1_IN_IRQHandler
                0x0000000008001da8                MemManage_Handler
                0x0000000008001da8                DMA1_Stream0_IRQHandler
                0x0000000008001da8                CAN1_TX_IRQHandler
                0x0000000008001da8                EXTI4_IRQHandler
                0x0000000008001da8                FSMC_IRQHandler
                0x0000000008001da8                ETH_IRQHandler
                0x0000000008001da8                OTG_HS_EP1_OUT_IRQHandler
                0x0000000008001da8                WWDG_IRQHandler
                0x0000000008001da8                TIM2_IRQHandler
                0x0000000008001da8                OTG_FS_WKUP_IRQHandler
                0x0000000008001da8                TIM1_TRG_COM_TIM11_IRQHandler
                0x0000000008001da8                OTG_HS_IRQHandler
                0x0000000008001da8                EXTI1_IRQHandler
                0x0000000008001da8                USART2_IRQHandler
                0x0000000008001da8                I2C2_ER_IRQHandler
                0x0000000008001da8                DMA2_Stream1_IRQHandler
                0x0000000008001da8                CAN1_SCE_IRQHandler
                0x0000000008001da8                FLASH_IRQHandler
                0x0000000008001da8                DMA2_Stream4_IRQHandler
                0x0000000008001da8                BusFault_Handler
                0x0000000008001da8                USART1_IRQHandler
                0x0000000008001da8                OTG_FS_IRQHandler
                0x0000000008001da8                SPI3_IRQHandler
                0x0000000008001da8                DMA1_Stream4_IRQHandler
                0x0000000008001da8                I2C1_ER_IRQHandler
                0x0000000008001da8                DMA2_Stream6_IRQHandler
                0x0000000008001da8                DMA1_Stream3_IRQHandler
 .text.NVIC_PriorityGroupConfig
                0x0000000008001dac       0x28 /home/robert/Desktop/Projektwoche/stm/U23_2013_examples/libs/libstm32f4xx/obj/libstm32f4xx.a(misc.o)
                0x0000000008001dac                NVIC_PriorityGroupConfig
 .text.NVIC_Init
                0x0000000008001dd4       0xcc /home/robert/Desktop/Projektwoche/stm/U23_2013_examples/libs/libstm32f4xx/obj/libstm32f4xx.a(misc.o)
                0x0000000008001dd4                NVIC_Init
 .text.TIM_GetITStatus
                0x0000000008001ea0       0x54 /home/robert/Desktop/Projektwoche/stm/U23_2013_examples/libs/libstm32f4xx/obj/libstm32f4xx.a(stm32f4xx_tim.o)
                0x0000000008001ea0                TIM_GetITStatus
 .text.TIM_ClearITPendingBit
                0x0000000008001ef4       0x20 /home/robert/Desktop/Projektwoche/stm/U23_2013_examples/libs/libstm32f4xx/obj/libstm32f4xx.a(stm32f4xx_tim.o)
                0x0000000008001ef4                TIM_ClearITPendingBit
 .text.USART_Init
                0x0000000008001f14      0x188 /home/robert/Desktop/Projektwoche/stm/U23_2013_examples/libs/libstm32f4xx/obj/libstm32f4xx.a(stm32f4xx_usart.o)
                0x0000000008001f14                USART_Init
 .text.USART_ClockInit
                0x000000000800209c       0x54 /home/robert/Desktop/Projektwoche/stm/U23_2013_examples/libs/libstm32f4xx/obj/libstm32f4xx.a(stm32f4xx_usart.o)
                0x000000000800209c                USART_ClockInit
 .text.USART_ClockStructInit
                0x00000000080020f0       0x2c /home/robert/Desktop/Projektwoche/stm/U23_2013_examples/libs/libstm32f4xx/obj/libstm32f4xx.a(stm32f4xx_usart.o)
                0x00000000080020f0                USART_ClockStructInit
 .text.USART_Cmd
                0x000000000800211c       0x40 /home/robert/Desktop/Projektwoche/stm/U23_2013_examples/libs/libstm32f4xx/obj/libstm32f4xx.a(stm32f4xx_usart.o)
                0x000000000800211c                USART_Cmd
 .text.USART_SendData
                0x000000000800215c       0x24 /home/robert/Desktop/Projektwoche/stm/U23_2013_examples/libs/libstm32f4xx/obj/libstm32f4xx.a(stm32f4xx_usart.o)
                0x000000000800215c                USART_SendData
 .text.USART_GetFlagStatus
                0x0000000008002180       0x38 /home/robert/Desktop/Projektwoche/stm/U23_2013_examples/libs/libstm32f4xx/obj/libstm32f4xx.a(stm32f4xx_usart.o)
                0x0000000008002180                USART_GetFlagStatus
 .text.RCC_GetClocksFreq
                0x00000000080021b8      0x1a8 /home/robert/Desktop/Projektwoche/stm/U23_2013_examples/libs/libstm32f4xx/obj/libstm32f4xx.a(stm32f4xx_rcc.o)
                0x00000000080021b8                RCC_GetClocksFreq
 .text.RCC_AHB1PeriphClockCmd
                0x0000000008002360       0x50 /home/robert/Desktop/Projektwoche/stm/U23_2013_examples/libs/libstm32f4xx/obj/libstm32f4xx.a(stm32f4xx_rcc.o)
                0x0000000008002360                RCC_AHB1PeriphClockCmd
 .text.RCC_AHB2PeriphClockCmd
                0x00000000080023b0       0x50 /home/robert/Desktop/Projektwoche/stm/U23_2013_examples/libs/libstm32f4xx/obj/libstm32f4xx.a(stm32f4xx_rcc.o)
                0x00000000080023b0                RCC_AHB2PeriphClockCmd
 .text.RCC_APB1PeriphClockCmd
                0x0000000008002400       0x50 /home/robert/Desktop/Projektwoche/stm/U23_2013_examples/libs/libstm32f4xx/obj/libstm32f4xx.a(stm32f4xx_rcc.o)
                0x0000000008002400                RCC_APB1PeriphClockCmd
 .text.SPI_Init
                0x0000000008002450       0x88 /home/robert/Desktop/Projektwoche/stm/U23_2013_examples/libs/libstm32f4xx/obj/libstm32f4xx.a(stm32f4xx_spi.o)
                0x0000000008002450                SPI_Init
 .text.SPI_Cmd  0x00000000080024d8       0x40 /home/robert/Desktop/Projektwoche/stm/U23_2013_examples/libs/libstm32f4xx/obj/libstm32f4xx.a(stm32f4xx_spi.o)
                0x00000000080024d8                SPI_Cmd
 .text.SPI_I2S_ReceiveData
                0x0000000008002518       0x1c /home/robert/Desktop/Projektwoche/stm/U23_2013_examples/libs/libstm32f4xx/obj/libstm32f4xx.a(stm32f4xx_spi.o)
                0x0000000008002518                SPI_I2S_ReceiveData
 .text.SPI_I2S_SendData
                0x0000000008002534       0x1c /home/robert/Desktop/Projektwoche/stm/U23_2013_examples/libs/libstm32f4xx/obj/libstm32f4xx.a(stm32f4xx_spi.o)
                0x0000000008002534                SPI_I2S_SendData
 .text.SPI_I2S_ITConfig
                0x0000000008002550       0x60 /home/robert/Desktop/Projektwoche/stm/U23_2013_examples/libs/libstm32f4xx/obj/libstm32f4xx.a(stm32f4xx_spi.o)
                0x0000000008002550                SPI_I2S_ITConfig
 .text.SPI_I2S_GetFlagStatus
                0x00000000080025b0       0x38 /home/robert/Desktop/Projektwoche/stm/U23_2013_examples/libs/libstm32f4xx/obj/libstm32f4xx.a(stm32f4xx_spi.o)
                0x00000000080025b0                SPI_I2S_GetFlagStatus
 .text.DMA_Init
                0x00000000080025e8       0xb0 /home/robert/Desktop/Projektwoche/stm/U23_2013_examples/libs/libstm32f4xx/obj/libstm32f4xx.a(stm32f4xx_dma.o)
                0x00000000080025e8                DMA_Init
 .text.DMA_Cmd  0x0000000008002698       0x38 /home/robert/Desktop/Projektwoche/stm/U23_2013_examples/libs/libstm32f4xx/obj/libstm32f4xx.a(stm32f4xx_dma.o)
                0x0000000008002698                DMA_Cmd
 .text.DMA_ClearFlag
                0x00000000080026d0       0x60 /home/robert/Desktop/Projektwoche/stm/U23_2013_examples/libs/libstm32f4xx/obj/libstm32f4xx.a(stm32f4xx_dma.o)
                0x00000000080026d0                DMA_ClearFlag
 .text.GPIO_Init
                0x0000000008002730      0x11c /home/robert/Desktop/Projektwoche/stm/U23_2013_examples/libs/libstm32f4xx/obj/libstm32f4xx.a(stm32f4xx_gpio.o)
                0x0000000008002730                GPIO_Init
 .text.GPIO_ReadInputDataBit
                0x000000000800284c       0x34 /home/robert/Desktop/Projektwoche/stm/U23_2013_examples/libs/libstm32f4xx/obj/libstm32f4xx.a(stm32f4xx_gpio.o)
                0x000000000800284c                GPIO_ReadInputDataBit
 .text.GPIO_SetBits
                0x0000000008002880       0x1c /home/robert/Desktop/Projektwoche/stm/U23_2013_examples/libs/libstm32f4xx/obj/libstm32f4xx.a(stm32f4xx_gpio.o)
                0x0000000008002880                GPIO_SetBits
 .text.GPIO_ResetBits
                0x000000000800289c       0x1c /home/robert/Desktop/Projektwoche/stm/U23_2013_examples/libs/libstm32f4xx/obj/libstm32f4xx.a(stm32f4xx_gpio.o)
                0x000000000800289c                GPIO_ResetBits
 .text.GPIO_PinAFConfig
                0x00000000080028b8       0x8c /home/robert/Desktop/Projektwoche/stm/U23_2013_examples/libs/libstm32f4xx/obj/libstm32f4xx.a(stm32f4xx_gpio.o)
                0x00000000080028b8                GPIO_PinAFConfig
 .text.RNG_Cmd  0x0000000008002944       0x4c /home/robert/Desktop/Projektwoche/stm/U23_2013_examples/libs/libstm32f4xx/obj/libstm32f4xx.a(stm32f4xx_rng.o)
                0x0000000008002944                RNG_Cmd
 .text.TIM7_IRQHandler
                0x0000000008002990       0x40 /home/robert/Desktop/Projektwoche/stm/U23_2013_examples/libs/libstm32f4xx/obj/libstm32f4xx.a(stm32_ub_onewire.o)
                0x0000000008002990                TIM7_IRQHandler
 .text._fstat   0x00000000080029d0       0x3c /home/robert/Desktop/Projektwoche/stm/U23_2013_examples/libs/libsystem/obj/libsystem.a(NewlibSyscalls.o)
                0x00000000080029d0                _fstat
 .text._lseek   0x0000000008002a0c       0x38 /home/robert/Desktop/Projektwoche/stm/U23_2013_examples/libs/libsystem/obj/libsystem.a(NewlibSyscalls.o)
                0x0000000008002a0c                _lseek
 .text._read    0x0000000008002a44       0x38 /home/robert/Desktop/Projektwoche/stm/U23_2013_examples/libs/libsystem/obj/libsystem.a(NewlibSyscalls.o)
                0x0000000008002a44                _read
 .text._close   0x0000000008002a7c       0x30 /home/robert/Desktop/Projektwoche/stm/U23_2013_examples/libs/libsystem/obj/libsystem.a(NewlibSyscalls.o)
                0x0000000008002a7c                _close
 .text._isatty_r
                0x0000000008002aac       0x30 /home/robert/Desktop/Projektwoche/stm/U23_2013_examples/libs/libsystem/obj/libsystem.a(NewlibSyscalls.o)
                0x0000000008002aac                _isatty_r
 .text._write   0x0000000008002adc       0x68 /home/robert/Desktop/Projektwoche/stm/U23_2013_examples/libs/libsystem/obj/libsystem.a(NewlibSyscalls.o)
                0x0000000008002adc                _write
 .text._sbrk    0x0000000008002b44       0x98 /home/robert/Desktop/Projektwoche/stm/U23_2013_examples/libs/libsystem/obj/libsystem.a(NewlibSyscalls.o)
                0x0000000008002b44                _sbrk
 .text._file_fstat
                0x0000000008002bdc       0x38 /home/robert/Desktop/Projektwoche/stm/U23_2013_examples/libs/libsystem/obj/libsystem.a(NewlibSyscalls.o)
                0x0000000008002bdc                _file_fstat
 .text._file_write
                0x0000000008002c14       0x38 /home/robert/Desktop/Projektwoche/stm/U23_2013_examples/libs/libsystem/obj/libsystem.a(NewlibSyscalls.o)
                0x0000000008002c14                _file_write
 .text._file_read
                0x0000000008002c4c       0x38 /home/robert/Desktop/Projektwoche/stm/U23_2013_examples/libs/libsystem/obj/libsystem.a(NewlibSyscalls.o)
                0x0000000008002c4c                _file_read
 .text._file_lseek
                0x0000000008002c84       0x38 /home/robert/Desktop/Projektwoche/stm/U23_2013_examples/libs/libsystem/obj/libsystem.a(NewlibSyscalls.o)
                0x0000000008002c84                _file_lseek
 .text._file_close
                0x0000000008002cbc       0x34 /home/robert/Desktop/Projektwoche/stm/U23_2013_examples/libs/libsystem/obj/libsystem.a(NewlibSyscalls.o)
                0x0000000008002cbc                _file_close
 .text._file_isatty
                0x0000000008002cf0       0x34 /home/robert/Desktop/Projektwoche/stm/U23_2013_examples/libs/libsystem/obj/libsystem.a(NewlibSyscalls.o)
                0x0000000008002cf0                _file_isatty
 .text.Delay    0x0000000008002d24       0x34 /home/robert/Desktop/Projektwoche/stm/U23_2013_examples/libs/libsystem/obj/libsystem.a(SysTick.o)
                0x0000000008002d24                Delay
 .text.SysTick_Handler
                0x0000000008002d58       0x24 /home/robert/Desktop/Projektwoche/stm/U23_2013_examples/libs/libsystem/obj/libsystem.a(SysTick.o)
                0x0000000008002d58                SysTick_Handler
 .text.ITM_SendChar
                0x0000000008002d7c       0x4c /home/robert/Desktop/Projektwoche/stm/U23_2013_examples/libs/libsystem/obj/libsystem.a(Debug.o)
 .text.EnableDebugOutput
                0x0000000008002dc8       0x40 /home/robert/Desktop/Projektwoche/stm/U23_2013_examples/libs/libsystem/obj/libsystem.a(Debug.o)
                0x0000000008002dc8                EnableDebugOutput
 .text.DebugPrintChar
                0x0000000008002e08       0x40 /home/robert/Desktop/Projektwoche/stm/U23_2013_examples/libs/libsystem/obj/libsystem.a(Debug.o)
                0x0000000008002e08                DebugPrintChar
 .text.MyUSART_Init
                0x0000000008002e48       0xe0 /home/robert/Desktop/Projektwoche/stm/U23_2013_examples/libs/libsystem/obj/libsystem.a(USART.o)
                0x0000000008002e48                MyUSART_Init
 .text.USART_SendChar
                0x0000000008002f28       0x38 /home/robert/Desktop/Projektwoche/stm/U23_2013_examples/libs/libsystem/obj/libsystem.a(USART.o)
                0x0000000008002f28                USART_SendChar
 .text.ProvideAudioBuffer
                0x0000000008002f60       0x28 /home/robert/Desktop/Projektwoche/stm/U23_2013_examples/libs/libsystem/obj/libsystem.a(Audio.o)
 .text.ProvideAudioBufferWithoutBlocking
                0x0000000008002f88       0x84 /home/robert/Desktop/Projektwoche/stm/U23_2013_examples/libs/libsystem/obj/libsystem.a(Audio.o)
 .text.StartAudioDMAAndRequestBuffers
                0x000000000800300c      0x104 /home/robert/Desktop/Projektwoche/stm/U23_2013_examples/libs/libsystem/obj/libsystem.a(Audio.o)
 .text.DMA1_Stream7_IRQHandler
                0x0000000008003110       0x38 /home/robert/Desktop/Projektwoche/stm/U23_2013_examples/libs/libsystem/obj/libsystem.a(Audio.o)
                0x0000000008003110                DMA1_Stream7_IRQHandler
 .text.SPI2_IRQHandler
                0x0000000008003148      0x1a4 /home/robert/Desktop/Projektwoche/stm/U23_2013_examples/libs/libsystem/obj/libsystem.a(Spi.o)
                0x0000000008003148                SPI2_IRQHandler
 .text.InitializeLEDs
                0x00000000080032ec       0x3c /home/robert/Desktop/Projektwoche/stm/U23_2013_examples/libs/libsystem/obj/libsystem.a(LED.o)
                0x00000000080032ec                InitializeLEDs
 .text.NVIC_SetPriority
                0x0000000008003328       0x58 /home/robert/Desktop/Projektwoche/stm/U23_2013_examples/libs/libsystem/obj/libsystem.a(Init.o)
 .text.SysTick_Config
                0x0000000008003380       0x54 /home/robert/Desktop/Projektwoche/stm/U23_2013_examples/libs/libsystem/obj/libsystem.a(Init.o)
 .text.InitializeSystem
                0x00000000080033d4       0x34 /home/robert/Desktop/Projektwoche/stm/U23_2013_examples/libs/libsystem/obj/libsystem.a(Init.o)
                0x00000000080033d4                InitializeSystem
 .text          0x0000000008003408      0x370 /home/robert/Desktop/Projektwoche/stm/STM32-Toolchain/arm-none-eabi/lib/gcc/arm-none-eabi/4.8.0/thumb/cortex-m4/float-abi-hard/fpuv4-sp-d16/libgcc.a(_arm_addsubdf3.o)
                0x0000000008003408                __aeabi_drsub
                0x0000000008003410                __aeabi_dsub
                0x0000000008003410                __subdf3
                0x0000000008003414                __adddf3
                0x0000000008003414                __aeabi_dadd
                0x000000000800368c                __aeabi_ui2d
                0x000000000800368c                __floatunsidf
                0x00000000080036ac                __floatsidf
                0x00000000080036ac                __aeabi_i2d
                0x00000000080036d0                __extendsfdf2
                0x00000000080036d0                __aeabi_f2d
                0x000000000800370c                __aeabi_ul2d
                0x000000000800370c                __floatundidf
                0x000000000800371c                __floatdidf
                0x000000000800371c                __aeabi_l2d
 .text          0x0000000008003778      0x424 /home/robert/Desktop/Projektwoche/stm/STM32-Toolchain/arm-none-eabi/lib/gcc/arm-none-eabi/4.8.0/thumb/cortex-m4/float-abi-hard/fpuv4-sp-d16/libgcc.a(_arm_muldivdf3.o)
                0x0000000008003778                __aeabi_dmul
                0x0000000008003778                __muldf3
                0x00000000080039cc                __aeabi_ddiv
                0x00000000080039cc                __divdf3
 .text          0x0000000008003b9c      0x110 /home/robert/Desktop/Projektwoche/stm/STM32-Toolchain/arm-none-eabi/lib/gcc/arm-none-eabi/4.8.0/thumb/cortex-m4/float-abi-hard/fpuv4-sp-d16/libgcc.a(_arm_cmpdf2.o)
                0x0000000008003b9c                __gtdf2
                0x0000000008003b9c                __gedf2
                0x0000000008003ba4                __ltdf2
                0x0000000008003ba4                __ledf2
                0x0000000008003bac                __cmpdf2
                0x0000000008003bac                __eqdf2
                0x0000000008003bac                __nedf2
                0x0000000008003c28                __aeabi_cdrcmple
                0x0000000008003c38                __aeabi_cdcmple
                0x0000000008003c38                __aeabi_cdcmpeq
                0x0000000008003c48                __aeabi_dcmpeq
                0x0000000008003c5c                __aeabi_dcmplt
                0x0000000008003c70                __aeabi_dcmple
                0x0000000008003c84                __aeabi_dcmpge
                0x0000000008003c98                __aeabi_dcmpgt
 .text          0x0000000008003cac       0x40 /home/robert/Desktop/Projektwoche/stm/STM32-Toolchain/arm-none-eabi/lib/gcc/arm-none-eabi/4.8.0/thumb/cortex-m4/float-abi-hard/fpuv4-sp-d16/libgcc.a(_arm_fixunsdfsi.o)
                0x0000000008003cac                __fixunsdfsi
                0x0000000008003cac                __aeabi_d2uiz
 .text          0x0000000008003cec        0xc /home/robert/Desktop/Projektwoche/stm/STM32-Toolchain/arm-none-eabi/lib/gcc/arm-none-eabi/4.8.0/../../../../arm-none-eabi/lib/thumb/cortex-m4/float-abi-hard/fpuv4-sp-d16/libc.a(lib_a-errno.o)
                0x0000000008003cec                __errno
 .text          0x0000000008003cf8       0x4c /home/robert/Desktop/Projektwoche/stm/STM32-Toolchain/arm-none-eabi/lib/gcc/arm-none-eabi/4.8.0/../../../../arm-none-eabi/lib/thumb/cortex-m4/float-abi-hard/fpuv4-sp-d16/libc.a(lib_a-fprintf.o)
                0x0000000008003cf8                _fprintf_r
                0x0000000008003d18                fprintf
 .text          0x0000000008003d44       0x88 /home/robert/Desktop/Projektwoche/stm/STM32-Toolchain/arm-none-eabi/lib/gcc/arm-none-eabi/4.8.0/../../../../arm-none-eabi/lib/thumb/cortex-m4/float-abi-hard/fpuv4-sp-d16/libc.a(lib_a-fwrite.o)
                0x0000000008003d44                _fwrite_r
                0x0000000008003da8                fwrite
 .text          0x0000000008003dcc       0x20 /home/robert/Desktop/Projektwoche/stm/STM32-Toolchain/arm-none-eabi/lib/gcc/arm-none-eabi/4.8.0/../../../../arm-none-eabi/lib/thumb/cortex-m4/float-abi-hard/fpuv4-sp-d16/libc.a(lib_a-malloc.o)
                0x0000000008003dcc                malloc
                0x0000000008003ddc                free
 .text          0x0000000008003dec      0x554 /home/robert/Desktop/Projektwoche/stm/STM32-Toolchain/arm-none-eabi/lib/gcc/arm-none-eabi/4.8.0/../../../../arm-none-eabi/lib/thumb/cortex-m4/float-abi-hard/fpuv4-sp-d16/libc.a(lib_a-mallocr.o)
                0x0000000008003dec                _malloc_r
 .text          0x0000000008004340       0x9c /home/robert/Desktop/Projektwoche/stm/STM32-Toolchain/arm-none-eabi/lib/gcc/arm-none-eabi/4.8.0/../../../../arm-none-eabi/lib/thumb/cortex-m4/float-abi-hard/fpuv4-sp-d16/libc.a(lib_a-memcpy-stub.o)
                0x0000000008004340                memcpy
 .text          0x00000000080043dc       0x94 /home/robert/Desktop/Projektwoche/stm/STM32-Toolchain/arm-none-eabi/lib/gcc/arm-none-eabi/4.8.0/../../../../arm-none-eabi/lib/thumb/cortex-m4/float-abi-hard/fpuv4-sp-d16/libc.a(lib_a-memset.o)
                0x00000000080043dc                memset
 .text          0x0000000008004470        0x8 /home/robert/Desktop/Projektwoche/stm/STM32-Toolchain/arm-none-eabi/lib/gcc/arm-none-eabi/4.8.0/../../../../arm-none-eabi/lib/thumb/cortex-m4/float-abi-hard/fpuv4-sp-d16/libc.a(lib_a-mlock.o)
                0x0000000008004470                __malloc_lock
                0x0000000008004474                __malloc_unlock
 .text          0x0000000008004478       0x48 /home/robert/Desktop/Projektwoche/stm/STM32-Toolchain/arm-none-eabi/lib/gcc/arm-none-eabi/4.8.0/../../../../arm-none-eabi/lib/thumb/cortex-m4/float-abi-hard/fpuv4-sp-d16/libc.a(lib_a-printf.o)
                0x0000000008004478                _printf_r
                0x0000000008004498                printf
 .text          0x00000000080044c0       0x28 /home/robert/Desktop/Projektwoche/stm/STM32-Toolchain/arm-none-eabi/lib/gcc/arm-none-eabi/4.8.0/../../../../arm-none-eabi/lib/thumb/cortex-m4/float-abi-hard/fpuv4-sp-d16/libc.a(lib_a-sbrkr.o)
                0x00000000080044c0                _sbrk_r
 .text          0x00000000080044e8      0x11c /home/robert/Desktop/Projektwoche/stm/STM32-Toolchain/arm-none-eabi/lib/gcc/arm-none-eabi/4.8.0/../../../../arm-none-eabi/lib/thumb/cortex-m4/float-abi-hard/fpuv4-sp-d16/libc.a(lib_a-setvbuf.o)
                0x00000000080044e8                setvbuf
 .text          0x0000000008004604       0xbc /home/robert/Desktop/Projektwoche/stm/STM32-Toolchain/arm-none-eabi/lib/gcc/arm-none-eabi/4.8.0/../../../../arm-none-eabi/lib/thumb/cortex-m4/float-abi-hard/fpuv4-sp-d16/libc.a(lib_a-strcpy.o)
                0x0000000008004604                strcpy
 .text          0x00000000080046c0       0x60 /home/robert/Desktop/Projektwoche/stm/STM32-Toolchain/arm-none-eabi/lib/gcc/arm-none-eabi/4.8.0/../../../../arm-none-eabi/lib/thumb/cortex-m4/float-abi-hard/fpuv4-sp-d16/libc.a(lib_a-strlen.o)
                0x00000000080046c0                strlen
 .text          0x0000000008004720     0x14cc /home/robert/Desktop/Projektwoche/stm/STM32-Toolchain/arm-none-eabi/lib/gcc/arm-none-eabi/4.8.0/../../../../arm-none-eabi/lib/thumb/cortex-m4/float-abi-hard/fpuv4-sp-d16/libc.a(lib_a-vfprintf.o)
                0x0000000008004720                _vfprintf_r
                0x0000000008005b58                vfprintf
 .text          0x0000000008005bec       0xc8 /home/robert/Desktop/Projektwoche/stm/STM32-Toolchain/arm-none-eabi/lib/gcc/arm-none-eabi/4.8.0/../../../../arm-none-eabi/lib/thumb/cortex-m4/float-abi-hard/fpuv4-sp-d16/libc.a(lib_a-wsetup.o)
                0x0000000008005bec                __swsetup_r
 *fill*         0x0000000008005cb4        0x4 00
 .text          0x0000000008005cb8     0x1080 /home/robert/Desktop/Projektwoche/stm/STM32-Toolchain/arm-none-eabi/lib/gcc/arm-none-eabi/4.8.0/../../../../arm-none-eabi/lib/thumb/cortex-m4/float-abi-hard/fpuv4-sp-d16/libc.a(lib_a-dtoa.o)
                0x0000000008005de4                _dtoa_r
 .text          0x0000000008006d38      0x1ac /home/robert/Desktop/Projektwoche/stm/STM32-Toolchain/arm-none-eabi/lib/gcc/arm-none-eabi/4.8.0/../../../../arm-none-eabi/lib/thumb/cortex-m4/float-abi-hard/fpuv4-sp-d16/libc.a(lib_a-fflush.o)
                0x0000000008006d38                __sflush_r
                0x0000000008006e90                _fflush_r
                0x0000000008006ebc                fflush
 .text          0x0000000008006ee4      0x21c /home/robert/Desktop/Projektwoche/stm/STM32-Toolchain/arm-none-eabi/lib/gcc/arm-none-eabi/4.8.0/../../../../arm-none-eabi/lib/thumb/cortex-m4/float-abi-hard/fpuv4-sp-d16/libc.a(lib_a-findfp.o)
                0x0000000008006eec                _cleanup_r
                0x0000000008006ef8                __sfmoreglue
                0x0000000008006f24                _cleanup
                0x0000000008006f3c                __sinit
                0x0000000008007034                __sfp
                0x00000000080070c0                __sfp_lock_acquire
                0x00000000080070c4                __sfp_lock_release
                0x00000000080070c8                __sinit_lock_acquire
                0x00000000080070cc                __sinit_lock_release
                0x00000000080070d0                __fp_lock_all
                0x00000000080070e8                __fp_unlock_all
 .text          0x0000000008007100      0x240 /home/robert/Desktop/Projektwoche/stm/STM32-Toolchain/arm-none-eabi/lib/gcc/arm-none-eabi/4.8.0/../../../../arm-none-eabi/lib/thumb/cortex-m4/float-abi-hard/fpuv4-sp-d16/libc.a(lib_a-freer.o)
                0x0000000008007100                _malloc_trim_r
                0x00000000080071a4                _free_r
 .text          0x0000000008007340      0x2f4 /home/robert/Desktop/Projektwoche/stm/STM32-Toolchain/arm-none-eabi/lib/gcc/arm-none-eabi/4.8.0/../../../../arm-none-eabi/lib/thumb/cortex-m4/float-abi-hard/fpuv4-sp-d16/libc.a(lib_a-fvwrite.o)
                0x0000000008007340                __sfvwrite_r
 .text          0x0000000008007634       0x9c /home/robert/Desktop/Projektwoche/stm/STM32-Toolchain/arm-none-eabi/lib/gcc/arm-none-eabi/4.8.0/../../../../arm-none-eabi/lib/thumb/cortex-m4/float-abi-hard/fpuv4-sp-d16/libc.a(lib_a-fwalk.o)
                0x0000000008007634                _fwalk
                0x0000000008007680                _fwalk_reent
 .text          0x00000000080076d0       0x9c /home/robert/Desktop/Projektwoche/stm/STM32-Toolchain/arm-none-eabi/lib/gcc/arm-none-eabi/4.8.0/../../../../arm-none-eabi/lib/thumb/cortex-m4/float-abi-hard/fpuv4-sp-d16/libc.a(lib_a-locale.o)
                0x00000000080076d0                _setlocale_r
                0x0000000008007724                __locale_charset
                0x0000000008007730                __locale_mb_cur_max
                0x000000000800773c                __locale_msgcharset
                0x0000000008007744                __locale_cjk_lang
                0x0000000008007748                _localeconv_r
                0x0000000008007750                setlocale
                0x0000000008007764                localeconv
 .text          0x000000000800776c       0xe4 /home/robert/Desktop/Projektwoche/stm/STM32-Toolchain/arm-none-eabi/lib/gcc/arm-none-eabi/4.8.0/../../../../arm-none-eabi/lib/thumb/cortex-m4/float-abi-hard/fpuv4-sp-d16/libc.a(lib_a-makebuf.o)
                0x000000000800776c                __smakebuf_r
 .text          0x0000000008007850       0x90 /home/robert/Desktop/Projektwoche/stm/STM32-Toolchain/arm-none-eabi/lib/gcc/arm-none-eabi/4.8.0/../../../../arm-none-eabi/lib/thumb/cortex-m4/float-abi-hard/fpuv4-sp-d16/libc.a(lib_a-memchr-stub.o)
                0x0000000008007850                memchr
 .text          0x00000000080078e0       0xc4 /home/robert/Desktop/Projektwoche/stm/STM32-Toolchain/arm-none-eabi/lib/gcc/arm-none-eabi/4.8.0/../../../../arm-none-eabi/lib/thumb/cortex-m4/float-abi-hard/fpuv4-sp-d16/libc.a(lib_a-memmove.o)
                0x00000000080078e0                memmove
 .text          0x00000000080079a4      0x8f8 /home/robert/Desktop/Projektwoche/stm/STM32-Toolchain/arm-none-eabi/lib/gcc/arm-none-eabi/4.8.0/../../../../arm-none-eabi/lib/thumb/cortex-m4/float-abi-hard/fpuv4-sp-d16/libc.a(lib_a-mprec.o)
                0x00000000080079a4                _Balloc
                0x00000000080079f0                _Bfree
                0x0000000008007a04                __multadd
                0x0000000008007a9c                __s2b
                0x0000000008007b38                __hi0bits
                0x0000000008007b74                __lo0bits
                0x0000000008007bd0                __i2b
                0x0000000008007be4                __multiply
                0x0000000008007d38                __pow5mult
                0x0000000008007dd8                __lshift
                0x0000000008007e94                __mcmp
                0x0000000008007ed8                __mdiff
                0x0000000008007fac                __ulp
                0x0000000008007ffc                __b2d
                0x00000000080080ac                __d2b
                0x0000000008008160                __ratio
                0x00000000080081c0                _mprec_log10
                0x00000000080081f8                __copybits
                0x0000000008008240                __any_on
 .text          0x000000000800829c      0x3e0 /home/robert/Desktop/Projektwoche/stm/STM32-Toolchain/arm-none-eabi/lib/gcc/arm-none-eabi/4.8.0/../../../../arm-none-eabi/lib/thumb/cortex-m4/float-abi-hard/fpuv4-sp-d16/libc.a(lib_a-reallocr.o)
                0x000000000800829c                _realloc_r
 .text          0x000000000800867c       0x54 /home/robert/Desktop/Projektwoche/stm/STM32-Toolchain/arm-none-eabi/lib/gcc/arm-none-eabi/4.8.0/../../../../arm-none-eabi/lib/thumb/cortex-m4/float-abi-hard/fpuv4-sp-d16/libc.a(lib_a-s_fpclassify.o)
                0x000000000800867c                __fpclassifyd
 .text          0x00000000080086d0       0x88 /home/robert/Desktop/Projektwoche/stm/STM32-Toolchain/arm-none-eabi/lib/gcc/arm-none-eabi/4.8.0/../../../../arm-none-eabi/lib/thumb/cortex-m4/float-abi-hard/fpuv4-sp-d16/libc.a(lib_a-stdio.o)
                0x00000000080086d0                __sread
                0x00000000080086f4                __seofread
                0x00000000080086f8                __swrite
                0x0000000008008730                __sseek
                0x0000000008008750                __sclose
 .text          0x0000000008008758      0x248 /home/robert/Desktop/Projektwoche/stm/STM32-Toolchain/arm-none-eabi/lib/gcc/arm-none-eabi/4.8.0/../../../../arm-none-eabi/lib/thumb/cortex-m4/float-abi-hard/fpuv4-sp-d16/libc.a(lib_a-strcmp.o)
                0x0000000008008758                strcmp
 .text          0x00000000080089a0      0xb70 /home/robert/Desktop/Projektwoche/stm/STM32-Toolchain/arm-none-eabi/lib/gcc/arm-none-eabi/4.8.0/../../../../arm-none-eabi/lib/thumb/cortex-m4/float-abi-hard/fpuv4-sp-d16/libc.a(lib_a-vfiprintf.o)
                0x0000000008008a1c                __sprint_r
                0x0000000008008a34                _vfiprintf_r
                0x000000000800947c                vfiprintf
 .text          0x0000000008009510       0x2c /home/robert/Desktop/Projektwoche/stm/STM32-Toolchain/arm-none-eabi/lib/gcc/arm-none-eabi/4.8.0/../../../../arm-none-eabi/lib/thumb/cortex-m4/float-abi-hard/fpuv4-sp-d16/libc.a(lib_a-writer.o)
                0x0000000008009510                _write_r
 .text          0x000000000800953c       0x60 /home/robert/Desktop/Projektwoche/stm/STM32-Toolchain/arm-none-eabi/lib/gcc/arm-none-eabi/4.8.0/../../../../arm-none-eabi/lib/thumb/cortex-m4/float-abi-hard/fpuv4-sp-d16/libc.a(lib_a-callocr.o)
                0x000000000800953c                _calloc_r
 .text          0x000000000800959c       0x28 /home/robert/Desktop/Projektwoche/stm/STM32-Toolchain/arm-none-eabi/lib/gcc/arm-none-eabi/4.8.0/../../../../arm-none-eabi/lib/thumb/cortex-m4/float-abi-hard/fpuv4-sp-d16/libc.a(lib_a-closer.o)
                0x000000000800959c                _close_r
 .text          0x00000000080095c4       0x94 /home/robert/Desktop/Projektwoche/stm/STM32-Toolchain/arm-none-eabi/lib/gcc/arm-none-eabi/4.8.0/../../../../arm-none-eabi/lib/thumb/cortex-m4/float-abi-hard/fpuv4-sp-d16/libc.a(lib_a-fclose.o)
                0x00000000080095c4                _fclose_r
                0x0000000008009648                fclose
 .text          0x0000000008009658       0xe8 /home/robert/Desktop/Projektwoche/stm/STM32-Toolchain/arm-none-eabi/lib/gcc/arm-none-eabi/4.8.0/../../../../arm-none-eabi/lib/thumb/cortex-m4/float-abi-hard/fpuv4-sp-d16/libc.a(lib_a-fputwc.o)
                0x0000000008009658                _fputwc_r
                0x0000000008009718                fputwc
 .text          0x0000000008009740       0x28 /home/robert/Desktop/Projektwoche/stm/STM32-Toolchain/arm-none-eabi/lib/gcc/arm-none-eabi/4.8.0/../../../../arm-none-eabi/lib/thumb/cortex-m4/float-abi-hard/fpuv4-sp-d16/libc.a(lib_a-fstatr.o)
                0x0000000008009740                _fstat_r
 .text          0x0000000008009768       0x2c /home/robert/Desktop/Projektwoche/stm/STM32-Toolchain/arm-none-eabi/lib/gcc/arm-none-eabi/4.8.0/../../../../arm-none-eabi/lib/thumb/cortex-m4/float-abi-hard/fpuv4-sp-d16/libc.a(lib_a-lseekr.o)
                0x0000000008009768                _lseek_r
 .text          0x0000000008009794       0x2c /home/robert/Desktop/Projektwoche/stm/STM32-Toolchain/arm-none-eabi/lib/gcc/arm-none-eabi/4.8.0/../../../../arm-none-eabi/lib/thumb/cortex-m4/float-abi-hard/fpuv4-sp-d16/libc.a(lib_a-readr.o)
                0x0000000008009794                _read_r
 .text          0x00000000080097c0       0xb8 /home/robert/Desktop/Projektwoche/stm/STM32-Toolchain/arm-none-eabi/lib/gcc/arm-none-eabi/4.8.0/../../../../arm-none-eabi/lib/thumb/cortex-m4/float-abi-hard/fpuv4-sp-d16/libc.a(lib_a-wbuf.o)
                0x00000000080097c0                __swbuf_r
                0x0000000008009864                __swbuf
 .text          0x0000000008009878       0xbc /home/robert/Desktop/Projektwoche/stm/STM32-Toolchain/arm-none-eabi/lib/gcc/arm-none-eabi/4.8.0/../../../../arm-none-eabi/lib/thumb/cortex-m4/float-abi-hard/fpuv4-sp-d16/libc.a(lib_a-wcrtomb.o)
                0x0000000008009878                _wcrtomb_r
                0x00000000080098d0                wcrtomb
 .text          0x0000000008009934       0x4c /home/robert/Desktop/Projektwoche/stm/STM32-Toolchain/arm-none-eabi/lib/gcc/arm-none-eabi/4.8.0/../../../../arm-none-eabi/lib/thumb/cortex-m4/float-abi-hard/fpuv4-sp-d16/libc.a(lib_a-wctomb_r.o)
                0x0000000008009934                __ascii_wctomb
                0x0000000008009950                _wctomb_r
 .text          0x0000000008009980       0x50 /home/robert/Desktop/Projektwoche/stm/STM32-Toolchain/arm-none-eabi/lib/gcc/arm-none-eabi/4.8.0/thumb/cortex-m4/float-abi-hard/fpuv4-sp-d16/libgcc.a(_arm_fixdfsi.o)
                0x0000000008009980                __fixdfsi
                0x0000000008009980                __aeabi_d2iz
                0x00000000080099d0                . = ALIGN (0x4)
 *(.rodata*)
 .rodata        0x00000000080099d0       0x1c /home/robert/Desktop/Projektwoche/stm/U23_2013_examples/examples/ssd1289/obj/LCD.o
 .rodata        0x00000000080099ec       0x20 /home/robert/Desktop/Projektwoche/stm/U23_2013_examples/examples/ssd1289/obj/main.o
 .rodata.FONT6x8_table
                0x0000000008009a0c      0x2f8 /home/robert/Desktop/Projektwoche/stm/U23_2013_examples/examples/ssd1289/obj/AsciiLib.o
 .rodata.FONT8x8_table
                0x0000000008009d04      0x2f8 /home/robert/Desktop/Projektwoche/stm/U23_2013_examples/examples/ssd1289/obj/AsciiLib.o
 .rodata.MS_GOTHIC_8x16_table
                0x0000000008009ffc      0x5f0 /home/robert/Desktop/Projektwoche/stm/U23_2013_examples/examples/ssd1289/obj/AsciiLib.o
 .rodata.SYSTEM_8x16_table
                0x000000000800a5ec      0x5f0 /home/robert/Desktop/Projektwoche/stm/U23_2013_examples/examples/ssd1289/obj/AsciiLib.o
 .rodata        0x000000000800abdc       0x6c /home/robert/Desktop/Projektwoche/stm/U23_2013_examples/libs/libsystem/obj/libsystem.a(NewlibSyscalls.o)
 .rodata.__func__.5194
                0x000000000800ac48        0xc /home/robert/Desktop/Projektwoche/stm/U23_2013_examples/libs/libsystem/obj/libsystem.a(NewlibSyscalls.o)
 .rodata.__func__.5200
                0x000000000800ac54        0xc /home/robert/Desktop/Projektwoche/stm/U23_2013_examples/libs/libsystem/obj/libsystem.a(NewlibSyscalls.o)
 .rodata.__func__.5211
                0x000000000800ac60        0xc /home/robert/Desktop/Projektwoche/stm/U23_2013_examples/libs/libsystem/obj/libsystem.a(NewlibSyscalls.o)
 .rodata.__func__.5217
                0x000000000800ac6c        0xc /home/robert/Desktop/Projektwoche/stm/U23_2013_examples/libs/libsystem/obj/libsystem.a(NewlibSyscalls.o)
 .rodata.__func__.5221
                0x000000000800ac78        0xc /home/robert/Desktop/Projektwoche/stm/U23_2013_examples/libs/libsystem/obj/libsystem.a(NewlibSyscalls.o)
 .rodata.__func__.5225
                0x000000000800ac84       0x10 /home/robert/Desktop/Projektwoche/stm/U23_2013_examples/libs/libsystem/obj/libsystem.a(NewlibSyscalls.o)
 .rodata        0x000000000800ac94       0x34 /home/robert/Desktop/Projektwoche/stm/U23_2013_examples/libs/libsystem/obj/libsystem.a(Audio.o)
 .rodata        0x000000000800acc8        0x4 /home/robert/Desktop/Projektwoche/stm/STM32-Toolchain/arm-none-eabi/lib/gcc/arm-none-eabi/4.8.0/../../../../arm-none-eabi/lib/thumb/cortex-m4/float-abi-hard/fpuv4-sp-d16/libc.a(lib_a-impure.o)
                0x000000000800acc8                _global_impure_ptr
 .rodata.str1.4
                0x000000000800accc        0x2 /home/robert/Desktop/Projektwoche/stm/STM32-Toolchain/arm-none-eabi/lib/gcc/arm-none-eabi/4.8.0/../../../../arm-none-eabi/lib/thumb/cortex-m4/float-abi-hard/fpuv4-sp-d16/libc.a(lib_a-impure.o)
                                          0x4 (size before relaxing)
 *fill*         0x000000000800acce        0x2 00
 .rodata        0x000000000800acd0       0x20 /home/robert/Desktop/Projektwoche/stm/STM32-Toolchain/arm-none-eabi/lib/gcc/arm-none-eabi/4.8.0/../../../../arm-none-eabi/lib/thumb/cortex-m4/float-abi-hard/fpuv4-sp-d16/libc.a(lib_a-vfprintf.o)
 .rodata.str1.4
                0x000000000800acf0       0x42 /home/robert/Desktop/Projektwoche/stm/STM32-Toolchain/arm-none-eabi/lib/gcc/arm-none-eabi/4.8.0/../../../../arm-none-eabi/lib/thumb/cortex-m4/float-abi-hard/fpuv4-sp-d16/libc.a(lib_a-vfprintf.o)
                                         0x44 (size before relaxing)
 *fill*         0x000000000800ad32        0x2 00
 .rodata.str1.4
                0x000000000800ad34       0x10 /home/robert/Desktop/Projektwoche/stm/STM32-Toolchain/arm-none-eabi/lib/gcc/arm-none-eabi/4.8.0/../../../../arm-none-eabi/lib/thumb/cortex-m4/float-abi-hard/fpuv4-sp-d16/libc.a(lib_a-dtoa.o)
                                         0x14 (size before relaxing)
 .rodata.str1.4
                0x000000000800ad44        0xc /home/robert/Desktop/Projektwoche/stm/STM32-Toolchain/arm-none-eabi/lib/gcc/arm-none-eabi/4.8.0/../../../../arm-none-eabi/lib/thumb/cortex-m4/float-abi-hard/fpuv4-sp-d16/libc.a(lib_a-locale.o)
                                         0x14 (size before relaxing)
 .rodata        0x000000000800ad50      0x128 /home/robert/Desktop/Projektwoche/stm/STM32-Toolchain/arm-none-eabi/lib/gcc/arm-none-eabi/4.8.0/../../../../arm-none-eabi/lib/thumb/cortex-m4/float-abi-hard/fpuv4-sp-d16/libc.a(lib_a-mprec.o)
                0x000000000800ad60                __mprec_tens
                0x000000000800ae28                __mprec_tinytens
                0x000000000800ae50                __mprec_bigtens
 .rodata        0x000000000800ae78       0x20 /home/robert/Desktop/Projektwoche/stm/STM32-Toolchain/arm-none-eabi/lib/gcc/arm-none-eabi/4.8.0/../../../../arm-none-eabi/lib/thumb/cortex-m4/float-abi-hard/fpuv4-sp-d16/libc.a(lib_a-vfiprintf.o)
 .rodata.str1.4
                0x0000000000000000       0x30 /home/robert/Desktop/Projektwoche/stm/STM32-Toolchain/arm-none-eabi/lib/gcc/arm-none-eabi/4.8.0/../../../../arm-none-eabi/lib/thumb/cortex-m4/float-abi-hard/fpuv4-sp-d16/libc.a(lib_a-vfiprintf.o)
                0x000000000800ae98                . = ALIGN (0x4)
                0x000000000800ae98                __exidx_start = .

.glue_7         0x000000000800ae98        0x0
 .glue_7        0x0000000000000000        0x0 linker stubs

.glue_7t        0x000000000800ae98        0x0
 .glue_7t       0x0000000000000000        0x0 linker stubs

.vfp11_veneer   0x000000000800ae98        0x0
 .vfp11_veneer  0x0000000000000000        0x0 linker stubs

.v4_bx          0x000000000800ae98        0x0
 .v4_bx         0x0000000000000000        0x0 linker stubs

.iplt           0x000000000800ae98        0x0
 .iplt          0x0000000000000000        0x0 /home/robert/Desktop/Projektwoche/stm/U23_2013_examples/examples/ssd1289/obj/SSD1289.o

.rel.dyn        0x000000000800ae98        0x0
 .rel.iplt      0x0000000000000000        0x0 /home/robert/Desktop/Projektwoche/stm/U23_2013_examples/examples/ssd1289/obj/SSD1289.o

.ARM.exidx
 *(.ARM.exidx*)
                0x000000000800ae98                __exidx_end = .
                0x000000000800ae98                _etext = .

.data           0x0000000010000000      0x910 load address 0x000000000800ae98
                0x0000000010000000                _data = .
 *(.data*)
 .data.matrix   0x0000000010000000       0x38 /home/robert/Desktop/Projektwoche/stm/U23_2013_examples/examples/ssd1289/obj/XPT2046.o
                0x0000000010000000                matrix
 .data.APBAHBPrescTable
                0x0000000010000038       0x10 /home/robert/Desktop/Projektwoche/stm/U23_2013_examples/libs/libstm32f4xx/obj/libstm32f4xx.a(stm32f4xx_rcc.o)
 .data.spi_txe  0x0000000010000048        0x1 /home/robert/Desktop/Projektwoche/stm/U23_2013_examples/libs/libsystem/obj/libsystem.a(Spi.o)
 *fill*         0x0000000010000049        0x7 00
 .data          0x0000000010000050      0x430 /home/robert/Desktop/Projektwoche/stm/STM32-Toolchain/arm-none-eabi/lib/gcc/arm-none-eabi/4.8.0/../../../../arm-none-eabi/lib/thumb/cortex-m4/float-abi-hard/fpuv4-sp-d16/libc.a(lib_a-impure.o)
                0x0000000010000050                _impure_ptr
 .data          0x0000000010000480      0x410 /home/robert/Desktop/Projektwoche/stm/STM32-Toolchain/arm-none-eabi/lib/gcc/arm-none-eabi/4.8.0/../../../../arm-none-eabi/lib/thumb/cortex-m4/float-abi-hard/fpuv4-sp-d16/libc.a(lib_a-mallocr.o)
                0x0000000010000480                __malloc_av_
                0x0000000010000888                __malloc_sbrk_base
                0x000000001000088c                __malloc_trim_threshold
 .data          0x0000000010000890       0x7c /home/robert/Desktop/Projektwoche/stm/STM32-Toolchain/arm-none-eabi/lib/gcc/arm-none-eabi/4.8.0/../../../../arm-none-eabi/lib/thumb/cortex-m4/float-abi-hard/fpuv4-sp-d16/libc.a(lib_a-locale.o)
                0x00000000100008b0                __mb_cur_max
 .data          0x000000001000090c        0x4 /home/robert/Desktop/Projektwoche/stm/STM32-Toolchain/arm-none-eabi/lib/gcc/arm-none-eabi/4.8.0/../../../../arm-none-eabi/lib/thumb/cortex-m4/float-abi-hard/fpuv4-sp-d16/libc.a(lib_a-wctomb_r.o)
                0x000000001000090c                __wctomb
                0x0000000010000910                . = ALIGN (0x4)
                0x0000000010000910                _edata = .

.igot.plt       0x0000000010000910        0x0 load address 0x000000000800b7a8
 .igot.plt      0x0000000000000000        0x0 /home/robert/Desktop/Projektwoche/stm/U23_2013_examples/examples/ssd1289/obj/SSD1289.o

.bss            0x0000000010000910       0x84 load address 0x000000000800b7a8
 *(.bss*)
 .bss.screen.9461
                0x0000000010000910        0x4 /home/robert/Desktop/Projektwoche/stm/U23_2013_examples/examples/ssd1289/obj/XPT2046.o
 .bss.buttonList
                0x0000000010000914        0x4 /home/robert/Desktop/Projektwoche/stm/U23_2013_examples/examples/ssd1289/obj/LCD.o
                0x0000000010000914                buttonList
 .bss.heap_end.5184
                0x0000000010000918        0x4 /home/robert/Desktop/Projektwoche/stm/U23_2013_examples/libs/libsystem/obj/libsystem.a(NewlibSyscalls.o)
 .bss.SysTickCounter
                0x000000001000091c        0x4 /home/robert/Desktop/Projektwoche/stm/U23_2013_examples/libs/libsystem/obj/libsystem.a(SysTick.o)
                0x000000001000091c                SysTickCounter
 .bss.CurrentDebugDevice
                0x0000000010000920        0x1 /home/robert/Desktop/Projektwoche/stm/U23_2013_examples/libs/libsystem/obj/libsystem.a(Debug.o)
                0x0000000010000920                CurrentDebugDevice
 *fill*         0x0000000010000921        0x3 00
 .bss.CallbackFunction
                0x0000000010000924        0x4 /home/robert/Desktop/Projektwoche/stm/U23_2013_examples/libs/libsystem/obj/libsystem.a(Audio.o)
 .bss.CallbackContext
                0x0000000010000928        0x4 /home/robert/Desktop/Projektwoche/stm/U23_2013_examples/libs/libsystem/obj/libsystem.a(Audio.o)
 .bss.NextBufferSamples
                0x000000001000092c        0x4 /home/robert/Desktop/Projektwoche/stm/U23_2013_examples/libs/libsystem/obj/libsystem.a(Audio.o)
 .bss.NextBufferLength
                0x0000000010000930        0x4 /home/robert/Desktop/Projektwoche/stm/U23_2013_examples/libs/libsystem/obj/libsystem.a(Audio.o)
 .bss.DMARunning
                0x0000000010000934        0x1 /home/robert/Desktop/Projektwoche/stm/U23_2013_examples/libs/libsystem/obj/libsystem.a(Audio.o)
 *fill*         0x0000000010000935        0x3 00
 .bss.BufferNumber
                0x0000000010000938        0x4 /home/robert/Desktop/Projektwoche/stm/U23_2013_examples/libs/libsystem/obj/libsystem.a(Audio.o)
 .bss.spi_running
                0x000000001000093c        0x1 /home/robert/Desktop/Projektwoche/stm/U23_2013_examples/libs/libsystem/obj/libsystem.a(Spi.o)
 .bss.spi_last_byte
                0x000000001000093d        0x1 /home/robert/Desktop/Projektwoche/stm/U23_2013_examples/libs/libsystem/obj/libsystem.a(Spi.o)
 *fill*         0x000000001000093e        0x2 00
 .bss.spi_transmit_buffer
                0x0000000010000940        0x4 /home/robert/Desktop/Projektwoche/stm/U23_2013_examples/libs/libsystem/obj/libsystem.a(Spi.o)
 .bss.spi_receive_buffer
                0x0000000010000944        0x4 /home/robert/Desktop/Projektwoche/stm/U23_2013_examples/libs/libsystem/obj/libsystem.a(Spi.o)
 .bss.spi_data_buffersize
                0x0000000010000948        0x2 /home/robert/Desktop/Projektwoche/stm/U23_2013_examples/libs/libsystem/obj/libsystem.a(Spi.o)
 .bss.spi_data_rx_counter
                0x000000001000094a        0x2 /home/robert/Desktop/Projektwoche/stm/U23_2013_examples/libs/libsystem/obj/libsystem.a(Spi.o)
 .bss.spi_data_tx_counter
                0x000000001000094c        0x2 /home/robert/Desktop/Projektwoche/stm/U23_2013_examples/libs/libsystem/obj/libsystem.a(Spi.o)
 *fill*         0x000000001000094e        0x2 00
 .bss.spi_external_handler
                0x0000000010000950        0x4 /home/robert/Desktop/Projektwoche/stm/U23_2013_examples/libs/libsystem/obj/libsystem.a(Spi.o)
 .bss           0x0000000010000954       0x34 /home/robert/Desktop/Projektwoche/stm/STM32-Toolchain/arm-none-eabi/lib/gcc/arm-none-eabi/4.8.0/../../../../arm-none-eabi/lib/thumb/cortex-m4/float-abi-hard/fpuv4-sp-d16/libc.a(lib_a-mallocr.o)
                0x0000000010000954                __malloc_top_pad
                0x0000000010000958                __malloc_current_mallinfo
                0x0000000010000980                __malloc_max_sbrked_mem
                0x0000000010000984                __malloc_max_total_mem
 *(COMMON)
 COMMON         0x0000000010000988        0x5 /home/robert/Desktop/Projektwoche/stm/U23_2013_examples/libs/libstm32f4xx/obj/libstm32f4xx.a(stm32_ub_onewire.o)
                0x0000000010000988                ow_akt_delay
                0x000000001000098c                ow_ascii_err_flag
 *fill*         0x000000001000098d        0x3 00
 COMMON         0x0000000010000990        0x4 /home/robert/Desktop/Projektwoche/stm/STM32-Toolchain/arm-none-eabi/lib/gcc/arm-none-eabi/4.8.0/../../../../arm-none-eabi/lib/thumb/cortex-m4/float-abi-hard/fpuv4-sp-d16/libc.a(lib_a-reent.o)
                0x0000000010000990                errno
                0x0000000010000994                . = ALIGN (0x4)
                0x0000000010000994                _ebss = .

.ARM.extab
 *(.ARM.extab*)
                0x0000000010000994                . = ALIGN (0x4)
                0x0000000010000994                end = .
                0x0000000010000a00                . = ALIGN (0x100)
                0x0000000010000a00                _start_heap = .

.sram.data      0x0000000020000000        0x0 load address 0x000000000800b7a8
                0x0000000020000000                __sram_data_start = ABSOLUTE (.)
 *(.sram.data*)
                0x0000000020000000                . = ALIGN (0x4)
                0x000000000800b7a8                __srom_data_start = LOADADDR (.sram.data)
                0x0000000020000000                __sram_data_end = .
                0x0000000020000000                PROVIDE (__sram_data_end, .)
                0x000000000800b7a8                PROVIDE (__srom_data_end, (LOADADDR (.sram.data) + SIZEOF (.sram.data)))

.sram.bss       0x0000000020000000      0x400 load address 0x000000000800b7a8
                0x0000000020000000                __sram_bss_start = ABSOLUTE (.)
 *(.sram.bss*)
 .sram.bss      0x0000000020000000      0x400 /home/robert/Desktop/Projektwoche/stm/U23_2013_examples/libs/libsystem/obj/libsystem.a(Audio.o)
                0x0000000020000400                . = ALIGN (0x4)
                0x0000000020000400                __sram_bss_end = .
                0x0000000020000400                PROVIDE (__sram_bss_end, .)
                0x0000000010010000                PROVIDE (_stack, (ORIGIN (ccmram) + 0x10000))
LOAD /home/robert/Desktop/Projektwoche/stm/U23_2013_examples/examples/ssd1289/obj/SSD1289.o
LOAD /home/robert/Desktop/Projektwoche/stm/U23_2013_examples/examples/ssd1289/obj/XPT2046.o
LOAD /home/robert/Desktop/Projektwoche/stm/U23_2013_examples/examples/ssd1289/obj/LCD.o
LOAD /home/robert/Desktop/Projektwoche/stm/U23_2013_examples/examples/ssd1289/obj/main.o
LOAD /home/robert/Desktop/Projektwoche/stm/U23_2013_examples/examples/ssd1289/obj/AsciiLib.o
LOAD /home/robert/Desktop/Projektwoche/stm/U23_2013_examples/libs/libCMSIS/obj/libCMSIS.a
LOAD /home/robert/Desktop/Projektwoche/stm/U23_2013_examples/libs/libstm32f4xx/obj/libstm32f4xx.a
LOAD /home/robert/Desktop/Projektwoche/stm/U23_2013_examples/libs/libsystem/obj/libsystem.a
LOAD /home/robert/Desktop/Projektwoche/stm/STM32-Toolchain/arm-none-eabi/lib/gcc/arm-none-eabi/4.8.0/../../../../arm-none-eabi/lib/thumb/cortex-m4/float-abi-hard/fpuv4-sp-d16/libm.a
START GROUP
LOAD /home/robert/Desktop/Projektwoche/stm/STM32-Toolchain/arm-none-eabi/lib/gcc/arm-none-eabi/4.8.0/thumb/cortex-m4/float-abi-hard/fpuv4-sp-d16/libgcc.a
LOAD /home/robert/Desktop/Projektwoche/stm/STM32-Toolchain/arm-none-eabi/lib/gcc/arm-none-eabi/4.8.0/../../../../arm-none-eabi/lib/thumb/cortex-m4/float-abi-hard/fpuv4-sp-d16/libc.a
END GROUP
OUTPUT(/home/robert/Desktop/Projektwoche/stm/U23_2013_examples/examples/ssd1289/obj/ssd1289.elf elf32-littlearm)

.debug_info     0x0000000000000000    0x274a8
 .debug_info    0x0000000000000000      0xf87 /home/robert/Desktop/Projektwoche/stm/U23_2013_examples/examples/ssd1289/obj/SSD1289.o
 .debug_info    0x0000000000000f87      0x8b4 /home/robert/Desktop/Projektwoche/stm/U23_2013_examples/examples/ssd1289/obj/XPT2046.o
 .debug_info    0x000000000000183b      0x501 /home/robert/Desktop/Projektwoche/stm/U23_2013_examples/examples/ssd1289/obj/LCD.o
 .debug_info    0x0000000000001d3c      0x990 /home/robert/Desktop/Projektwoche/stm/U23_2013_examples/examples/ssd1289/obj/main.o
 .debug_info    0x00000000000026cc      0x14c /home/robert/Desktop/Projektwoche/stm/U23_2013_examples/examples/ssd1289/obj/AsciiLib.o
 .debug_info    0x0000000000002818      0x573 /home/robert/Desktop/Projektwoche/stm/U23_2013_examples/libs/libCMSIS/obj/libCMSIS.a(system_stm32f4xx.o)
 .debug_info    0x0000000000002d8b      0x15c /home/robert/Desktop/Projektwoche/stm/U23_2013_examples/libs/libCMSIS/obj/libCMSIS.a(startup_stm32f4xx.o)
 .debug_info    0x0000000000002ee7      0x51c /home/robert/Desktop/Projektwoche/stm/U23_2013_examples/libs/libstm32f4xx/obj/libstm32f4xx.a(misc.o)
 .debug_info    0x0000000000003403     0x1c35 /home/robert/Desktop/Projektwoche/stm/U23_2013_examples/libs/libstm32f4xx/obj/libstm32f4xx.a(stm32f4xx_tim.o)
 .debug_info    0x0000000000005038      0x996 /home/robert/Desktop/Projektwoche/stm/U23_2013_examples/libs/libstm32f4xx/obj/libstm32f4xx.a(stm32f4xx_usart.o)
 .debug_info    0x00000000000059ce      0xc47 /home/robert/Desktop/Projektwoche/stm/U23_2013_examples/libs/libstm32f4xx/obj/libstm32f4xx.a(stm32f4xx_rcc.o)
 .debug_info    0x0000000000006615      0xadb /home/robert/Desktop/Projektwoche/stm/U23_2013_examples/libs/libstm32f4xx/obj/libstm32f4xx.a(stm32f4xx_spi.o)
 .debug_info    0x00000000000070f0      0x718 /home/robert/Desktop/Projektwoche/stm/U23_2013_examples/libs/libstm32f4xx/obj/libstm32f4xx.a(stm32f4xx_dma.o)
 .debug_info    0x0000000000007808      0x5d9 /home/robert/Desktop/Projektwoche/stm/U23_2013_examples/libs/libstm32f4xx/obj/libstm32f4xx.a(stm32f4xx_gpio.o)
 .debug_info    0x0000000000007de1      0x25e /home/robert/Desktop/Projektwoche/stm/U23_2013_examples/libs/libstm32f4xx/obj/libstm32f4xx.a(stm32f4xx_rng.o)
 .debug_info    0x000000000000803f      0xb99 /home/robert/Desktop/Projektwoche/stm/U23_2013_examples/libs/libstm32f4xx/obj/libstm32f4xx.a(stm32_ub_onewire.o)
 .debug_info    0x0000000000008bd8      0xe7b /home/robert/Desktop/Projektwoche/stm/U23_2013_examples/libs/libsystem/obj/libsystem.a(NewlibSyscalls.o)
 .debug_info    0x0000000000009a53       0xcc /home/robert/Desktop/Projektwoche/stm/U23_2013_examples/libs/libsystem/obj/libsystem.a(SysTick.o)
 .debug_info    0x0000000000009b1f      0xb87 /home/robert/Desktop/Projektwoche/stm/U23_2013_examples/libs/libsystem/obj/libsystem.a(Debug.o)
 .debug_info    0x000000000000a6a6      0x4c4 /home/robert/Desktop/Projektwoche/stm/U23_2013_examples/libs/libsystem/obj/libsystem.a(USART.o)
 .debug_info    0x000000000000ab6a      0xc2d /home/robert/Desktop/Projektwoche/stm/U23_2013_examples/libs/libsystem/obj/libsystem.a(Audio.o)
 .debug_info    0x000000000000b797      0x851 /home/robert/Desktop/Projektwoche/stm/U23_2013_examples/libs/libsystem/obj/libsystem.a(Spi.o)
 .debug_info    0x000000000000bfe8      0x280 /home/robert/Desktop/Projektwoche/stm/U23_2013_examples/libs/libsystem/obj/libsystem.a(LED.o)
 .debug_info    0x000000000000c268      0x6ca /home/robert/Desktop/Projektwoche/stm/U23_2013_examples/libs/libsystem/obj/libsystem.a(Init.o)
 .debug_info    0x000000000000c932       0xef /home/robert/Desktop/Projektwoche/stm/STM32-Toolchain/arm-none-eabi/lib/gcc/arm-none-eabi/4.8.0/thumb/cortex-m4/float-abi-hard/fpuv4-sp-d16/libgcc.a(_arm_addsubdf3.o)
 .debug_info    0x000000000000ca21       0xef /home/robert/Desktop/Projektwoche/stm/STM32-Toolchain/arm-none-eabi/lib/gcc/arm-none-eabi/4.8.0/thumb/cortex-m4/float-abi-hard/fpuv4-sp-d16/libgcc.a(_arm_muldivdf3.o)
 .debug_info    0x000000000000cb10       0xef /home/robert/Desktop/Projektwoche/stm/STM32-Toolchain/arm-none-eabi/lib/gcc/arm-none-eabi/4.8.0/thumb/cortex-m4/float-abi-hard/fpuv4-sp-d16/libgcc.a(_arm_cmpdf2.o)
 .debug_info    0x000000000000cbff       0xef /home/robert/Desktop/Projektwoche/stm/STM32-Toolchain/arm-none-eabi/lib/gcc/arm-none-eabi/4.8.0/thumb/cortex-m4/float-abi-hard/fpuv4-sp-d16/libgcc.a(_arm_fixunsdfsi.o)
 .debug_info    0x000000000000ccee      0x889 /home/robert/Desktop/Projektwoche/stm/STM32-Toolchain/arm-none-eabi/lib/gcc/arm-none-eabi/4.8.0/../../../../arm-none-eabi/lib/thumb/cortex-m4/float-abi-hard/fpuv4-sp-d16/libc.a(lib_a-errno.o)
 .debug_info    0x000000000000d577      0x9c2 /home/robert/Desktop/Projektwoche/stm/STM32-Toolchain/arm-none-eabi/lib/gcc/arm-none-eabi/4.8.0/../../../../arm-none-eabi/lib/thumb/cortex-m4/float-abi-hard/fpuv4-sp-d16/libc.a(lib_a-fprintf.o)
 .debug_info    0x000000000000df39      0xa4e /home/robert/Desktop/Projektwoche/stm/STM32-Toolchain/arm-none-eabi/lib/gcc/arm-none-eabi/4.8.0/../../../../arm-none-eabi/lib/thumb/cortex-m4/float-abi-hard/fpuv4-sp-d16/libc.a(lib_a-fwrite.o)
 .debug_info    0x000000000000e987      0x894 /home/robert/Desktop/Projektwoche/stm/STM32-Toolchain/arm-none-eabi/lib/gcc/arm-none-eabi/4.8.0/../../../../arm-none-eabi/lib/thumb/cortex-m4/float-abi-hard/fpuv4-sp-d16/libc.a(lib_a-impure.o)
 .debug_info    0x000000000000f21b      0x915 /home/robert/Desktop/Projektwoche/stm/STM32-Toolchain/arm-none-eabi/lib/gcc/arm-none-eabi/4.8.0/../../../../arm-none-eabi/lib/thumb/cortex-m4/float-abi-hard/fpuv4-sp-d16/libc.a(lib_a-malloc.o)
 .debug_info    0x000000000000fb30      0xd81 /home/robert/Desktop/Projektwoche/stm/STM32-Toolchain/arm-none-eabi/lib/gcc/arm-none-eabi/4.8.0/../../../../arm-none-eabi/lib/thumb/cortex-m4/float-abi-hard/fpuv4-sp-d16/libc.a(lib_a-mallocr.o)
 .debug_info    0x00000000000108b1      0x131 /home/robert/Desktop/Projektwoche/stm/STM32-Toolchain/arm-none-eabi/lib/gcc/arm-none-eabi/4.8.0/../../../../arm-none-eabi/lib/thumb/cortex-m4/float-abi-hard/fpuv4-sp-d16/libc.a(lib_a-memcpy-stub.o)
 .debug_info    0x00000000000109e2      0x117 /home/robert/Desktop/Projektwoche/stm/STM32-Toolchain/arm-none-eabi/lib/gcc/arm-none-eabi/4.8.0/../../../../arm-none-eabi/lib/thumb/cortex-m4/float-abi-hard/fpuv4-sp-d16/libc.a(lib_a-memset.o)
 .debug_info    0x0000000000010af9      0x8b4 /home/robert/Desktop/Projektwoche/stm/STM32-Toolchain/arm-none-eabi/lib/gcc/arm-none-eabi/4.8.0/../../../../arm-none-eabi/lib/thumb/cortex-m4/float-abi-hard/fpuv4-sp-d16/libc.a(lib_a-mlock.o)
 .debug_info    0x00000000000113ad      0x9ab /home/robert/Desktop/Projektwoche/stm/STM32-Toolchain/arm-none-eabi/lib/gcc/arm-none-eabi/4.8.0/../../../../arm-none-eabi/lib/thumb/cortex-m4/float-abi-hard/fpuv4-sp-d16/libc.a(lib_a-printf.o)
 .debug_info    0x0000000000011d58      0x8f4 /home/robert/Desktop/Projektwoche/stm/STM32-Toolchain/arm-none-eabi/lib/gcc/arm-none-eabi/4.8.0/../../../../arm-none-eabi/lib/thumb/cortex-m4/float-abi-hard/fpuv4-sp-d16/libc.a(lib_a-sbrkr.o)
 .debug_info    0x000000000001264c      0x997 /home/robert/Desktop/Projektwoche/stm/STM32-Toolchain/arm-none-eabi/lib/gcc/arm-none-eabi/4.8.0/../../../../arm-none-eabi/lib/thumb/cortex-m4/float-abi-hard/fpuv4-sp-d16/libc.a(lib_a-setvbuf.o)
 .debug_info    0x0000000000012fe3       0xbd /home/robert/Desktop/Projektwoche/stm/STM32-Toolchain/arm-none-eabi/lib/gcc/arm-none-eabi/4.8.0/../../../../arm-none-eabi/lib/thumb/cortex-m4/float-abi-hard/fpuv4-sp-d16/libc.a(lib_a-strcpy.o)
 .debug_info    0x00000000000130a0       0xb5 /home/robert/Desktop/Projektwoche/stm/STM32-Toolchain/arm-none-eabi/lib/gcc/arm-none-eabi/4.8.0/../../../../arm-none-eabi/lib/thumb/cortex-m4/float-abi-hard/fpuv4-sp-d16/libc.a(lib_a-strlen.o)
 .debug_info    0x0000000000013155     0x17ff /home/robert/Desktop/Projektwoche/stm/STM32-Toolchain/arm-none-eabi/lib/gcc/arm-none-eabi/4.8.0/../../../../arm-none-eabi/lib/thumb/cortex-m4/float-abi-hard/fpuv4-sp-d16/libc.a(lib_a-vfprintf.o)
 .debug_info    0x0000000000014954      0x922 /home/robert/Desktop/Projektwoche/stm/STM32-Toolchain/arm-none-eabi/lib/gcc/arm-none-eabi/4.8.0/../../../../arm-none-eabi/lib/thumb/cortex-m4/float-abi-hard/fpuv4-sp-d16/libc.a(lib_a-wsetup.o)
 .debug_info    0x0000000000015276     0x1331 /home/robert/Desktop/Projektwoche/stm/STM32-Toolchain/arm-none-eabi/lib/gcc/arm-none-eabi/4.8.0/../../../../arm-none-eabi/lib/thumb/cortex-m4/float-abi-hard/fpuv4-sp-d16/libc.a(lib_a-dtoa.o)
 .debug_info    0x00000000000165a7      0xa96 /home/robert/Desktop/Projektwoche/stm/STM32-Toolchain/arm-none-eabi/lib/gcc/arm-none-eabi/4.8.0/../../../../arm-none-eabi/lib/thumb/cortex-m4/float-abi-hard/fpuv4-sp-d16/libc.a(lib_a-fflush.o)
 .debug_info    0x000000000001703d      0xd11 /home/robert/Desktop/Projektwoche/stm/STM32-Toolchain/arm-none-eabi/lib/gcc/arm-none-eabi/4.8.0/../../../../arm-none-eabi/lib/thumb/cortex-m4/float-abi-hard/fpuv4-sp-d16/libc.a(lib_a-findfp.o)
 .debug_info    0x0000000000017d4e      0xc1c /home/robert/Desktop/Projektwoche/stm/STM32-Toolchain/arm-none-eabi/lib/gcc/arm-none-eabi/4.8.0/../../../../arm-none-eabi/lib/thumb/cortex-m4/float-abi-hard/fpuv4-sp-d16/libc.a(lib_a-freer.o)
 .debug_info    0x000000000001896a      0xc6e /home/robert/Desktop/Projektwoche/stm/STM32-Toolchain/arm-none-eabi/lib/gcc/arm-none-eabi/4.8.0/../../../../arm-none-eabi/lib/thumb/cortex-m4/float-abi-hard/fpuv4-sp-d16/libc.a(lib_a-fvwrite.o)
 .debug_info    0x00000000000195d8      0x99c /home/robert/Desktop/Projektwoche/stm/STM32-Toolchain/arm-none-eabi/lib/gcc/arm-none-eabi/4.8.0/../../../../arm-none-eabi/lib/thumb/cortex-m4/float-abi-hard/fpuv4-sp-d16/libc.a(lib_a-fwalk.o)
 .debug_info    0x0000000000019f74      0xbe5 /home/robert/Desktop/Projektwoche/stm/STM32-Toolchain/arm-none-eabi/lib/gcc/arm-none-eabi/4.8.0/../../../../arm-none-eabi/lib/thumb/cortex-m4/float-abi-hard/fpuv4-sp-d16/libc.a(lib_a-locale.o)
 .debug_info    0x000000000001ab59      0xae6 /home/robert/Desktop/Projektwoche/stm/STM32-Toolchain/arm-none-eabi/lib/gcc/arm-none-eabi/4.8.0/../../../../arm-none-eabi/lib/thumb/cortex-m4/float-abi-hard/fpuv4-sp-d16/libc.a(lib_a-makebuf.o)
 .debug_info    0x000000000001b63f      0x129 /home/robert/Desktop/Projektwoche/stm/STM32-Toolchain/arm-none-eabi/lib/gcc/arm-none-eabi/4.8.0/../../../../arm-none-eabi/lib/thumb/cortex-m4/float-abi-hard/fpuv4-sp-d16/libc.a(lib_a-memchr-stub.o)
 .debug_info    0x000000000001b768      0x131 /home/robert/Desktop/Projektwoche/stm/STM32-Toolchain/arm-none-eabi/lib/gcc/arm-none-eabi/4.8.0/../../../../arm-none-eabi/lib/thumb/cortex-m4/float-abi-hard/fpuv4-sp-d16/libc.a(lib_a-memmove.o)
 .debug_info    0x000000000001b899     0x1683 /home/robert/Desktop/Projektwoche/stm/STM32-Toolchain/arm-none-eabi/lib/gcc/arm-none-eabi/4.8.0/../../../../arm-none-eabi/lib/thumb/cortex-m4/float-abi-hard/fpuv4-sp-d16/libc.a(lib_a-mprec.o)
 .debug_info    0x000000000001cf1c      0xcca /home/robert/Desktop/Projektwoche/stm/STM32-Toolchain/arm-none-eabi/lib/gcc/arm-none-eabi/4.8.0/../../../../arm-none-eabi/lib/thumb/cortex-m4/float-abi-hard/fpuv4-sp-d16/libc.a(lib_a-reallocr.o)
 .debug_info    0x000000000001dbe6      0xa46 /home/robert/Desktop/Projektwoche/stm/STM32-Toolchain/arm-none-eabi/lib/gcc/arm-none-eabi/4.8.0/../../../../arm-none-eabi/lib/thumb/cortex-m4/float-abi-hard/fpuv4-sp-d16/libc.a(lib_a-reent.o)
 .debug_info    0x000000000001e62c      0x14b /home/robert/Desktop/Projektwoche/stm/STM32-Toolchain/arm-none-eabi/lib/gcc/arm-none-eabi/4.8.0/../../../../arm-none-eabi/lib/thumb/cortex-m4/float-abi-hard/fpuv4-sp-d16/libc.a(lib_a-s_fpclassify.o)
 .debug_info    0x000000000001e777      0xb7f /home/robert/Desktop/Projektwoche/stm/STM32-Toolchain/arm-none-eabi/lib/gcc/arm-none-eabi/4.8.0/../../../../arm-none-eabi/lib/thumb/cortex-m4/float-abi-hard/fpuv4-sp-d16/libc.a(lib_a-stdio.o)
 .debug_info    0x000000000001f2f6      0x10b /home/robert/Desktop/Projektwoche/stm/STM32-Toolchain/arm-none-eabi/lib/gcc/arm-none-eabi/4.8.0/../../../../arm-none-eabi/lib/thumb/cortex-m4/float-abi-hard/fpuv4-sp-d16/libc.a(lib_a-strcmp.o)
 .debug_info    0x000000000001f401     0x1515 /home/robert/Desktop/Projektwoche/stm/STM32-Toolchain/arm-none-eabi/lib/gcc/arm-none-eabi/4.8.0/../../../../arm-none-eabi/lib/thumb/cortex-m4/float-abi-hard/fpuv4-sp-d16/libc.a(lib_a-vfiprintf.o)
 .debug_info    0x0000000000020916      0x929 /home/robert/Desktop/Projektwoche/stm/STM32-Toolchain/arm-none-eabi/lib/gcc/arm-none-eabi/4.8.0/../../../../arm-none-eabi/lib/thumb/cortex-m4/float-abi-hard/fpuv4-sp-d16/libc.a(lib_a-writer.o)
 .debug_info    0x000000000002123f      0x9e0 /home/robert/Desktop/Projektwoche/stm/STM32-Toolchain/arm-none-eabi/lib/gcc/arm-none-eabi/4.8.0/../../../../arm-none-eabi/lib/thumb/cortex-m4/float-abi-hard/fpuv4-sp-d16/libc.a(lib_a-callocr.o)
 .debug_info    0x0000000000021c1f      0x8e0 /home/robert/Desktop/Projektwoche/stm/STM32-Toolchain/arm-none-eabi/lib/gcc/arm-none-eabi/4.8.0/../../../../arm-none-eabi/lib/thumb/cortex-m4/float-abi-hard/fpuv4-sp-d16/libc.a(lib_a-closer.o)
 .debug_info    0x00000000000224ff      0x9c6 /home/robert/Desktop/Projektwoche/stm/STM32-Toolchain/arm-none-eabi/lib/gcc/arm-none-eabi/4.8.0/../../../../arm-none-eabi/lib/thumb/cortex-m4/float-abi-hard/fpuv4-sp-d16/libc.a(lib_a-fclose.o)
 .debug_info    0x0000000000022ec5      0xa94 /home/robert/Desktop/Projektwoche/stm/STM32-Toolchain/arm-none-eabi/lib/gcc/arm-none-eabi/4.8.0/../../../../arm-none-eabi/lib/thumb/cortex-m4/float-abi-hard/fpuv4-sp-d16/libc.a(lib_a-fputwc.o)
 .debug_info    0x0000000000023959      0xa5e /home/robert/Desktop/Projektwoche/stm/STM32-Toolchain/arm-none-eabi/lib/gcc/arm-none-eabi/4.8.0/../../../../arm-none-eabi/lib/thumb/cortex-m4/float-abi-hard/fpuv4-sp-d16/libc.a(lib_a-fstatr.o)
 .debug_info    0x00000000000243b7      0x90c /home/robert/Desktop/Projektwoche/stm/STM32-Toolchain/arm-none-eabi/lib/gcc/arm-none-eabi/4.8.0/../../../../arm-none-eabi/lib/thumb/cortex-m4/float-abi-hard/fpuv4-sp-d16/libc.a(lib_a-lseekr.o)
 .debug_info    0x0000000000024cc3      0x922 /home/robert/Desktop/Projektwoche/stm/STM32-Toolchain/arm-none-eabi/lib/gcc/arm-none-eabi/4.8.0/../../../../arm-none-eabi/lib/thumb/cortex-m4/float-abi-hard/fpuv4-sp-d16/libc.a(lib_a-readr.o)
 .debug_info    0x00000000000255e5      0x9b7 /home/robert/Desktop/Projektwoche/stm/STM32-Toolchain/arm-none-eabi/lib/gcc/arm-none-eabi/4.8.0/../../../../arm-none-eabi/lib/thumb/cortex-m4/float-abi-hard/fpuv4-sp-d16/libc.a(lib_a-wbuf.o)
 .debug_info    0x0000000000025f9c      0xa68 /home/robert/Desktop/Projektwoche/stm/STM32-Toolchain/arm-none-eabi/lib/gcc/arm-none-eabi/4.8.0/../../../../arm-none-eabi/lib/thumb/cortex-m4/float-abi-hard/fpuv4-sp-d16/libc.a(lib_a-wcrtomb.o)
 .debug_info    0x0000000000026a04      0x9b5 /home/robert/Desktop/Projektwoche/stm/STM32-Toolchain/arm-none-eabi/lib/gcc/arm-none-eabi/4.8.0/../../../../arm-none-eabi/lib/thumb/cortex-m4/float-abi-hard/fpuv4-sp-d16/libc.a(lib_a-wctomb_r.o)
 .debug_info    0x00000000000273b9       0xef /home/robert/Desktop/Projektwoche/stm/STM32-Toolchain/arm-none-eabi/lib/gcc/arm-none-eabi/4.8.0/thumb/cortex-m4/float-abi-hard/fpuv4-sp-d16/libgcc.a(_arm_fixdfsi.o)

.debug_abbrev   0x0000000000000000     0x7d93
 .debug_abbrev  0x0000000000000000      0x237 /home/robert/Desktop/Projektwoche/stm/U23_2013_examples/examples/ssd1289/obj/SSD1289.o
 .debug_abbrev  0x0000000000000237      0x239 /home/robert/Desktop/Projektwoche/stm/U23_2013_examples/examples/ssd1289/obj/XPT2046.o
 .debug_abbrev  0x0000000000000470      0x1c7 /home/robert/Desktop/Projektwoche/stm/U23_2013_examples/examples/ssd1289/obj/LCD.o
 .debug_abbrev  0x0000000000000637      0x24d /home/robert/Desktop/Projektwoche/stm/U23_2013_examples/examples/ssd1289/obj/main.o
 .debug_abbrev  0x0000000000000884       0x9e /home/robert/Desktop/Projektwoche/stm/U23_2013_examples/examples/ssd1289/obj/AsciiLib.o
 .debug_abbrev  0x0000000000000922      0x136 /home/robert/Desktop/Projektwoche/stm/U23_2013_examples/libs/libCMSIS/obj/libCMSIS.a(system_stm32f4xx.o)
 .debug_abbrev  0x0000000000000a58       0xcc /home/robert/Desktop/Projektwoche/stm/U23_2013_examples/libs/libCMSIS/obj/libCMSIS.a(startup_stm32f4xx.o)
 .debug_abbrev  0x0000000000000b24      0x145 /home/robert/Desktop/Projektwoche/stm/U23_2013_examples/libs/libstm32f4xx/obj/libstm32f4xx.a(misc.o)
 .debug_abbrev  0x0000000000000c69      0x187 /home/robert/Desktop/Projektwoche/stm/U23_2013_examples/libs/libstm32f4xx/obj/libstm32f4xx.a(stm32f4xx_tim.o)
 .debug_abbrev  0x0000000000000df0      0x155 /home/robert/Desktop/Projektwoche/stm/U23_2013_examples/libs/libstm32f4xx/obj/libstm32f4xx.a(stm32f4xx_usart.o)
 .debug_abbrev  0x0000000000000f45      0x1e3 /home/robert/Desktop/Projektwoche/stm/U23_2013_examples/libs/libstm32f4xx/obj/libstm32f4xx.a(stm32f4xx_rcc.o)
 .debug_abbrev  0x0000000000001128      0x167 /home/robert/Desktop/Projektwoche/stm/U23_2013_examples/libs/libstm32f4xx/obj/libstm32f4xx.a(stm32f4xx_spi.o)
 .debug_abbrev  0x000000000000128f      0x155 /home/robert/Desktop/Projektwoche/stm/U23_2013_examples/libs/libstm32f4xx/obj/libstm32f4xx.a(stm32f4xx_dma.o)
 .debug_abbrev  0x00000000000013e4      0x1a3 /home/robert/Desktop/Projektwoche/stm/U23_2013_examples/libs/libstm32f4xx/obj/libstm32f4xx.a(stm32f4xx_gpio.o)
 .debug_abbrev  0x0000000000001587      0x144 /home/robert/Desktop/Projektwoche/stm/U23_2013_examples/libs/libstm32f4xx/obj/libstm32f4xx.a(stm32f4xx_rng.o)
 .debug_abbrev  0x00000000000016cb      0x243 /home/robert/Desktop/Projektwoche/stm/U23_2013_examples/libs/libstm32f4xx/obj/libstm32f4xx.a(stm32_ub_onewire.o)
 .debug_abbrev  0x000000000000190e      0x231 /home/robert/Desktop/Projektwoche/stm/U23_2013_examples/libs/libsystem/obj/libsystem.a(NewlibSyscalls.o)
 .debug_abbrev  0x0000000000001b3f       0x9b /home/robert/Desktop/Projektwoche/stm/U23_2013_examples/libs/libsystem/obj/libsystem.a(SysTick.o)
 .debug_abbrev  0x0000000000001bda      0x236 /home/robert/Desktop/Projektwoche/stm/U23_2013_examples/libs/libsystem/obj/libsystem.a(Debug.o)
 .debug_abbrev  0x0000000000001e10      0x13c /home/robert/Desktop/Projektwoche/stm/U23_2013_examples/libs/libsystem/obj/libsystem.a(USART.o)
 .debug_abbrev  0x0000000000001f4c      0x20c /home/robert/Desktop/Projektwoche/stm/U23_2013_examples/libs/libsystem/obj/libsystem.a(Audio.o)
 .debug_abbrev  0x0000000000002158      0x1b4 /home/robert/Desktop/Projektwoche/stm/U23_2013_examples/libs/libsystem/obj/libsystem.a(Spi.o)
 .debug_abbrev  0x000000000000230c       0xff /home/robert/Desktop/Projektwoche/stm/U23_2013_examples/libs/libsystem/obj/libsystem.a(LED.o)
 .debug_abbrev  0x000000000000240b      0x170 /home/robert/Desktop/Projektwoche/stm/U23_2013_examples/libs/libsystem/obj/libsystem.a(Init.o)
 .debug_abbrev  0x000000000000257b       0x14 /home/robert/Desktop/Projektwoche/stm/STM32-Toolchain/arm-none-eabi/lib/gcc/arm-none-eabi/4.8.0/thumb/cortex-m4/float-abi-hard/fpuv4-sp-d16/libgcc.a(_arm_addsubdf3.o)
 .debug_abbrev  0x000000000000258f       0x14 /home/robert/Desktop/Projektwoche/stm/STM32-Toolchain/arm-none-eabi/lib/gcc/arm-none-eabi/4.8.0/thumb/cortex-m4/float-abi-hard/fpuv4-sp-d16/libgcc.a(_arm_muldivdf3.o)
 .debug_abbrev  0x00000000000025a3       0x14 /home/robert/Desktop/Projektwoche/stm/STM32-Toolchain/arm-none-eabi/lib/gcc/arm-none-eabi/4.8.0/thumb/cortex-m4/float-abi-hard/fpuv4-sp-d16/libgcc.a(_arm_cmpdf2.o)
 .debug_abbrev  0x00000000000025b7       0x14 /home/robert/Desktop/Projektwoche/stm/STM32-Toolchain/arm-none-eabi/lib/gcc/arm-none-eabi/4.8.0/thumb/cortex-m4/float-abi-hard/fpuv4-sp-d16/libgcc.a(_arm_fixunsdfsi.o)
 .debug_abbrev  0x00000000000025cb      0x18f /home/robert/Desktop/Projektwoche/stm/STM32-Toolchain/arm-none-eabi/lib/gcc/arm-none-eabi/4.8.0/../../../../arm-none-eabi/lib/thumb/cortex-m4/float-abi-hard/fpuv4-sp-d16/libc.a(lib_a-errno.o)
 .debug_abbrev  0x000000000000275a      0x216 /home/robert/Desktop/Projektwoche/stm/STM32-Toolchain/arm-none-eabi/lib/gcc/arm-none-eabi/4.8.0/../../../../arm-none-eabi/lib/thumb/cortex-m4/float-abi-hard/fpuv4-sp-d16/libc.a(lib_a-fprintf.o)
 .debug_abbrev  0x0000000000002970      0x234 /home/robert/Desktop/Projektwoche/stm/STM32-Toolchain/arm-none-eabi/lib/gcc/arm-none-eabi/4.8.0/../../../../arm-none-eabi/lib/thumb/cortex-m4/float-abi-hard/fpuv4-sp-d16/libc.a(lib_a-fwrite.o)
 .debug_abbrev  0x0000000000002ba4      0x180 /home/robert/Desktop/Projektwoche/stm/STM32-Toolchain/arm-none-eabi/lib/gcc/arm-none-eabi/4.8.0/../../../../arm-none-eabi/lib/thumb/cortex-m4/float-abi-hard/fpuv4-sp-d16/libc.a(lib_a-impure.o)
 .debug_abbrev  0x0000000000002d24      0x1fa /home/robert/Desktop/Projektwoche/stm/STM32-Toolchain/arm-none-eabi/lib/gcc/arm-none-eabi/4.8.0/../../../../arm-none-eabi/lib/thumb/cortex-m4/float-abi-hard/fpuv4-sp-d16/libc.a(lib_a-malloc.o)
 .debug_abbrev  0x0000000000002f1e      0x2a2 /home/robert/Desktop/Projektwoche/stm/STM32-Toolchain/arm-none-eabi/lib/gcc/arm-none-eabi/4.8.0/../../../../arm-none-eabi/lib/thumb/cortex-m4/float-abi-hard/fpuv4-sp-d16/libc.a(lib_a-mallocr.o)
 .debug_abbrev  0x00000000000031c0       0xab /home/robert/Desktop/Projektwoche/stm/STM32-Toolchain/arm-none-eabi/lib/gcc/arm-none-eabi/4.8.0/../../../../arm-none-eabi/lib/thumb/cortex-m4/float-abi-hard/fpuv4-sp-d16/libc.a(lib_a-memcpy-stub.o)
 .debug_abbrev  0x000000000000326b       0x9f /home/robert/Desktop/Projektwoche/stm/STM32-Toolchain/arm-none-eabi/lib/gcc/arm-none-eabi/4.8.0/../../../../arm-none-eabi/lib/thumb/cortex-m4/float-abi-hard/fpuv4-sp-d16/libc.a(lib_a-memset.o)
 .debug_abbrev  0x000000000000330a      0x19a /home/robert/Desktop/Projektwoche/stm/STM32-Toolchain/arm-none-eabi/lib/gcc/arm-none-eabi/4.8.0/../../../../arm-none-eabi/lib/thumb/cortex-m4/float-abi-hard/fpuv4-sp-d16/libc.a(lib_a-mlock.o)
 .debug_abbrev  0x00000000000034a4      0x227 /home/robert/Desktop/Projektwoche/stm/STM32-Toolchain/arm-none-eabi/lib/gcc/arm-none-eabi/4.8.0/../../../../arm-none-eabi/lib/thumb/cortex-m4/float-abi-hard/fpuv4-sp-d16/libc.a(lib_a-printf.o)
 .debug_abbrev  0x00000000000036cb      0x1fd /home/robert/Desktop/Projektwoche/stm/STM32-Toolchain/arm-none-eabi/lib/gcc/arm-none-eabi/4.8.0/../../../../arm-none-eabi/lib/thumb/cortex-m4/float-abi-hard/fpuv4-sp-d16/libc.a(lib_a-sbrkr.o)
 .debug_abbrev  0x00000000000038c8      0x235 /home/robert/Desktop/Projektwoche/stm/STM32-Toolchain/arm-none-eabi/lib/gcc/arm-none-eabi/4.8.0/../../../../arm-none-eabi/lib/thumb/cortex-m4/float-abi-hard/fpuv4-sp-d16/libc.a(lib_a-setvbuf.o)
 .debug_abbrev  0x0000000000003afd       0x72 /home/robert/Desktop/Projektwoche/stm/STM32-Toolchain/arm-none-eabi/lib/gcc/arm-none-eabi/4.8.0/../../../../arm-none-eabi/lib/thumb/cortex-m4/float-abi-hard/fpuv4-sp-d16/libc.a(lib_a-strcpy.o)
 .debug_abbrev  0x0000000000003b6f       0x70 /home/robert/Desktop/Projektwoche/stm/STM32-Toolchain/arm-none-eabi/lib/gcc/arm-none-eabi/4.8.0/../../../../arm-none-eabi/lib/thumb/cortex-m4/float-abi-hard/fpuv4-sp-d16/libc.a(lib_a-strlen.o)
 .debug_abbrev  0x0000000000003bdf      0x3e0 /home/robert/Desktop/Projektwoche/stm/STM32-Toolchain/arm-none-eabi/lib/gcc/arm-none-eabi/4.8.0/../../../../arm-none-eabi/lib/thumb/cortex-m4/float-abi-hard/fpuv4-sp-d16/libc.a(lib_a-vfprintf.o)
 .debug_abbrev  0x0000000000003fbf      0x1f3 /home/robert/Desktop/Projektwoche/stm/STM32-Toolchain/arm-none-eabi/lib/gcc/arm-none-eabi/4.8.0/../../../../arm-none-eabi/lib/thumb/cortex-m4/float-abi-hard/fpuv4-sp-d16/libc.a(lib_a-wsetup.o)
 .debug_abbrev  0x00000000000041b2      0x2be /home/robert/Desktop/Projektwoche/stm/STM32-Toolchain/arm-none-eabi/lib/gcc/arm-none-eabi/4.8.0/../../../../arm-none-eabi/lib/thumb/cortex-m4/float-abi-hard/fpuv4-sp-d16/libc.a(lib_a-dtoa.o)
 .debug_abbrev  0x0000000000004470      0x28e /home/robert/Desktop/Projektwoche/stm/STM32-Toolchain/arm-none-eabi/lib/gcc/arm-none-eabi/4.8.0/../../../../arm-none-eabi/lib/thumb/cortex-m4/float-abi-hard/fpuv4-sp-d16/libc.a(lib_a-fflush.o)
 .debug_abbrev  0x00000000000046fe      0x360 /home/robert/Desktop/Projektwoche/stm/STM32-Toolchain/arm-none-eabi/lib/gcc/arm-none-eabi/4.8.0/../../../../arm-none-eabi/lib/thumb/cortex-m4/float-abi-hard/fpuv4-sp-d16/libc.a(lib_a-findfp.o)
 .debug_abbrev  0x0000000000004a5e      0x27b /home/robert/Desktop/Projektwoche/stm/STM32-Toolchain/arm-none-eabi/lib/gcc/arm-none-eabi/4.8.0/../../../../arm-none-eabi/lib/thumb/cortex-m4/float-abi-hard/fpuv4-sp-d16/libc.a(lib_a-freer.o)
 .debug_abbrev  0x0000000000004cd9      0x24a /home/robert/Desktop/Projektwoche/stm/STM32-Toolchain/arm-none-eabi/lib/gcc/arm-none-eabi/4.8.0/../../../../arm-none-eabi/lib/thumb/cortex-m4/float-abi-hard/fpuv4-sp-d16/libc.a(lib_a-fvwrite.o)
 .debug_abbrev  0x0000000000004f23      0x1d1 /home/robert/Desktop/Projektwoche/stm/STM32-Toolchain/arm-none-eabi/lib/gcc/arm-none-eabi/4.8.0/../../../../arm-none-eabi/lib/thumb/cortex-m4/float-abi-hard/fpuv4-sp-d16/libc.a(lib_a-fwalk.o)
 .debug_abbrev  0x00000000000050f4      0x2a3 /home/robert/Desktop/Projektwoche/stm/STM32-Toolchain/arm-none-eabi/lib/gcc/arm-none-eabi/4.8.0/../../../../arm-none-eabi/lib/thumb/cortex-m4/float-abi-hard/fpuv4-sp-d16/libc.a(lib_a-locale.o)
 .debug_abbrev  0x0000000000005397      0x206 /home/robert/Desktop/Projektwoche/stm/STM32-Toolchain/arm-none-eabi/lib/gcc/arm-none-eabi/4.8.0/../../../../arm-none-eabi/lib/thumb/cortex-m4/float-abi-hard/fpuv4-sp-d16/libc.a(lib_a-makebuf.o)
 .debug_abbrev  0x000000000000559d       0xba /home/robert/Desktop/Projektwoche/stm/STM32-Toolchain/arm-none-eabi/lib/gcc/arm-none-eabi/4.8.0/../../../../arm-none-eabi/lib/thumb/cortex-m4/float-abi-hard/fpuv4-sp-d16/libc.a(lib_a-memchr-stub.o)
 .debug_abbrev  0x0000000000005657       0xab /home/robert/Desktop/Projektwoche/stm/STM32-Toolchain/arm-none-eabi/lib/gcc/arm-none-eabi/4.8.0/../../../../arm-none-eabi/lib/thumb/cortex-m4/float-abi-hard/fpuv4-sp-d16/libc.a(lib_a-memmove.o)
 .debug_abbrev  0x0000000000005702      0x38a /home/robert/Desktop/Projektwoche/stm/STM32-Toolchain/arm-none-eabi/lib/gcc/arm-none-eabi/4.8.0/../../../../arm-none-eabi/lib/thumb/cortex-m4/float-abi-hard/fpuv4-sp-d16/libc.a(lib_a-mprec.o)
 .debug_abbrev  0x0000000000005a8c      0x26b /home/robert/Desktop/Projektwoche/stm/STM32-Toolchain/arm-none-eabi/lib/gcc/arm-none-eabi/4.8.0/../../../../arm-none-eabi/lib/thumb/cortex-m4/float-abi-hard/fpuv4-sp-d16/libc.a(lib_a-reallocr.o)
 .debug_abbrev  0x0000000000005cf7      0x27b /home/robert/Desktop/Projektwoche/stm/STM32-Toolchain/arm-none-eabi/lib/gcc/arm-none-eabi/4.8.0/../../../../arm-none-eabi/lib/thumb/cortex-m4/float-abi-hard/fpuv4-sp-d16/libc.a(lib_a-reent.o)
 .debug_abbrev  0x0000000000005f72       0xca /home/robert/Desktop/Projektwoche/stm/STM32-Toolchain/arm-none-eabi/lib/gcc/arm-none-eabi/4.8.0/../../../../arm-none-eabi/lib/thumb/cortex-m4/float-abi-hard/fpuv4-sp-d16/libc.a(lib_a-s_fpclassify.o)
 .debug_abbrev  0x000000000000603c      0x246 /home/robert/Desktop/Projektwoche/stm/STM32-Toolchain/arm-none-eabi/lib/gcc/arm-none-eabi/4.8.0/../../../../arm-none-eabi/lib/thumb/cortex-m4/float-abi-hard/fpuv4-sp-d16/libc.a(lib_a-stdio.o)
 .debug_abbrev  0x0000000000006282       0x14 /home/robert/Desktop/Projektwoche/stm/STM32-Toolchain/arm-none-eabi/lib/gcc/arm-none-eabi/4.8.0/../../../../arm-none-eabi/lib/thumb/cortex-m4/float-abi-hard/fpuv4-sp-d16/libc.a(lib_a-strcmp.o)
 .debug_abbrev  0x0000000000006296      0x3ad /home/robert/Desktop/Projektwoche/stm/STM32-Toolchain/arm-none-eabi/lib/gcc/arm-none-eabi/4.8.0/../../../../arm-none-eabi/lib/thumb/cortex-m4/float-abi-hard/fpuv4-sp-d16/libc.a(lib_a-vfiprintf.o)
 .debug_abbrev  0x0000000000006643      0x1f4 /home/robert/Desktop/Projektwoche/stm/STM32-Toolchain/arm-none-eabi/lib/gcc/arm-none-eabi/4.8.0/../../../../arm-none-eabi/lib/thumb/cortex-m4/float-abi-hard/fpuv4-sp-d16/libc.a(lib_a-writer.o)
 .debug_abbrev  0x0000000000006837      0x213 /home/robert/Desktop/Projektwoche/stm/STM32-Toolchain/arm-none-eabi/lib/gcc/arm-none-eabi/4.8.0/../../../../arm-none-eabi/lib/thumb/cortex-m4/float-abi-hard/fpuv4-sp-d16/libc.a(lib_a-callocr.o)
 .debug_abbrev  0x0000000000006a4a      0x1ef /home/robert/Desktop/Projektwoche/stm/STM32-Toolchain/arm-none-eabi/lib/gcc/arm-none-eabi/4.8.0/../../../../arm-none-eabi/lib/thumb/cortex-m4/float-abi-hard/fpuv4-sp-d16/libc.a(lib_a-closer.o)
 .debug_abbrev  0x0000000000006c39      0x26c /home/robert/Desktop/Projektwoche/stm/STM32-Toolchain/arm-none-eabi/lib/gcc/arm-none-eabi/4.8.0/../../../../arm-none-eabi/lib/thumb/cortex-m4/float-abi-hard/fpuv4-sp-d16/libc.a(lib_a-fclose.o)
 .debug_abbrev  0x0000000000006ea5      0x292 /home/robert/Desktop/Projektwoche/stm/STM32-Toolchain/arm-none-eabi/lib/gcc/arm-none-eabi/4.8.0/../../../../arm-none-eabi/lib/thumb/cortex-m4/float-abi-hard/fpuv4-sp-d16/libc.a(lib_a-fputwc.o)
 .debug_abbrev  0x0000000000007137      0x1fe /home/robert/Desktop/Projektwoche/stm/STM32-Toolchain/arm-none-eabi/lib/gcc/arm-none-eabi/4.8.0/../../../../arm-none-eabi/lib/thumb/cortex-m4/float-abi-hard/fpuv4-sp-d16/libc.a(lib_a-fstatr.o)
 .debug_abbrev  0x0000000000007335      0x1fe /home/robert/Desktop/Projektwoche/stm/STM32-Toolchain/arm-none-eabi/lib/gcc/arm-none-eabi/4.8.0/../../../../arm-none-eabi/lib/thumb/cortex-m4/float-abi-hard/fpuv4-sp-d16/libc.a(lib_a-lseekr.o)
 .debug_abbrev  0x0000000000007533      0x1ef /home/robert/Desktop/Projektwoche/stm/STM32-Toolchain/arm-none-eabi/lib/gcc/arm-none-eabi/4.8.0/../../../../arm-none-eabi/lib/thumb/cortex-m4/float-abi-hard/fpuv4-sp-d16/libc.a(lib_a-readr.o)
 .debug_abbrev  0x0000000000007722      0x238 /home/robert/Desktop/Projektwoche/stm/STM32-Toolchain/arm-none-eabi/lib/gcc/arm-none-eabi/4.8.0/../../../../arm-none-eabi/lib/thumb/cortex-m4/float-abi-hard/fpuv4-sp-d16/libc.a(lib_a-wbuf.o)
 .debug_abbrev  0x000000000000795a      0x213 /home/robert/Desktop/Projektwoche/stm/STM32-Toolchain/arm-none-eabi/lib/gcc/arm-none-eabi/4.8.0/../../../../arm-none-eabi/lib/thumb/cortex-m4/float-abi-hard/fpuv4-sp-d16/libc.a(lib_a-wcrtomb.o)
 .debug_abbrev  0x0000000000007b6d      0x212 /home/robert/Desktop/Projektwoche/stm/STM32-Toolchain/arm-none-eabi/lib/gcc/arm-none-eabi/4.8.0/../../../../arm-none-eabi/lib/thumb/cortex-m4/float-abi-hard/fpuv4-sp-d16/libc.a(lib_a-wctomb_r.o)
 .debug_abbrev  0x0000000000007d7f       0x14 /home/robert/Desktop/Projektwoche/stm/STM32-Toolchain/arm-none-eabi/lib/gcc/arm-none-eabi/4.8.0/thumb/cortex-m4/float-abi-hard/fpuv4-sp-d16/libgcc.a(_arm_fixdfsi.o)
