Archive member included because of file (symbol)

/home/robert/Desktop/Projektwoche/stm/U23_2013_examples/libs/libCMSIS/obj/libCMSIS.a(system_stm32f4xx.o)
                              (--whole-archive)
/home/robert/Desktop/Projektwoche/stm/U23_2013_examples/libs/libCMSIS/obj/libCMSIS.a(startup_stm32f4xx.o)
                              (--whole-archive)
/home/robert/Desktop/Projektwoche/stm/U23_2013_examples/libs/libstm32f4xx/obj/libstm32f4xx.a(misc.o)
                              (--whole-archive)
/home/robert/Desktop/Projektwoche/stm/U23_2013_examples/libs/libstm32f4xx/obj/libstm32f4xx.a(stm32f4xx_cryp_aes.o)
                              (--whole-archive)
/home/robert/Desktop/Projektwoche/stm/U23_2013_examples/libs/libstm32f4xx/obj/libstm32f4xx.a(stm32f4xx_dac.o)
                              (--whole-archive)
/home/robert/Desktop/Projektwoche/stm/U23_2013_examples/libs/libstm32f4xx/obj/libstm32f4xx.a(stm32f4xx_exti.o)
                              (--whole-archive)
/home/robert/Desktop/Projektwoche/stm/U23_2013_examples/libs/libstm32f4xx/obj/libstm32f4xx.a(stm32f4xx_hash.o)
                              (--whole-archive)
/home/robert/Desktop/Projektwoche/stm/U23_2013_examples/libs/libstm32f4xx/obj/libstm32f4xx.a(stm32f4xx_iwdg.o)
                              (--whole-archive)
/home/robert/Desktop/Projektwoche/stm/U23_2013_examples/libs/libstm32f4xx/obj/libstm32f4xx.a(stm32f4xx_rtc.o)
                              (--whole-archive)
/home/robert/Desktop/Projektwoche/stm/U23_2013_examples/libs/libstm32f4xx/obj/libstm32f4xx.a(stm32f4xx_tim.o)
                              (--whole-archive)
/home/robert/Desktop/Projektwoche/stm/U23_2013_examples/libs/libstm32f4xx/obj/libstm32f4xx.a(stm32f4xx_adc.o)
                              (--whole-archive)
/home/robert/Desktop/Projektwoche/stm/U23_2013_examples/libs/libstm32f4xx/obj/libstm32f4xx.a(stm32f4xx_cryp.o)
                              (--whole-archive)
/home/robert/Desktop/Projektwoche/stm/U23_2013_examples/libs/libstm32f4xx/obj/libstm32f4xx.a(stm32f4xx_dbgmcu.o)
                              (--whole-archive)
/home/robert/Desktop/Projektwoche/stm/U23_2013_examples/libs/libstm32f4xx/obj/libstm32f4xx.a(stm32f4xx_flash.o)
                              (--whole-archive)
/home/robert/Desktop/Projektwoche/stm/U23_2013_examples/libs/libstm32f4xx/obj/libstm32f4xx.a(stm32f4xx_hash_md5.o)
                              (--whole-archive)
/home/robert/Desktop/Projektwoche/stm/U23_2013_examples/libs/libstm32f4xx/obj/libstm32f4xx.a(stm32f4xx_pwr.o)
                              (--whole-archive)
/home/robert/Desktop/Projektwoche/stm/U23_2013_examples/libs/libstm32f4xx/obj/libstm32f4xx.a(stm32f4xx_sdio.o)
                              (--whole-archive)
/home/robert/Desktop/Projektwoche/stm/U23_2013_examples/libs/libstm32f4xx/obj/libstm32f4xx.a(stm32f4xx_usart.o)
                              (--whole-archive)
/home/robert/Desktop/Projektwoche/stm/U23_2013_examples/libs/libstm32f4xx/obj/libstm32f4xx.a(stm32f4xx_can.o)
                              (--whole-archive)
/home/robert/Desktop/Projektwoche/stm/U23_2013_examples/libs/libstm32f4xx/obj/libstm32f4xx.a(stm32f4xx_cryp_des.o)
                              (--whole-archive)
/home/robert/Desktop/Projektwoche/stm/U23_2013_examples/libs/libstm32f4xx/obj/libstm32f4xx.a(stm32f4xx_dcmi.o)
                              (--whole-archive)
/home/robert/Desktop/Projektwoche/stm/U23_2013_examples/libs/libstm32f4xx/obj/libstm32f4xx.a(stm32f4xx_fsmc.o)
                              (--whole-archive)
/home/robert/Desktop/Projektwoche/stm/U23_2013_examples/libs/libstm32f4xx/obj/libstm32f4xx.a(stm32f4xx_hash_sha1.o)
                              (--whole-archive)
/home/robert/Desktop/Projektwoche/stm/U23_2013_examples/libs/libstm32f4xx/obj/libstm32f4xx.a(stm32f4xx_rcc.o)
                              (--whole-archive)
/home/robert/Desktop/Projektwoche/stm/U23_2013_examples/libs/libstm32f4xx/obj/libstm32f4xx.a(stm32f4xx_spi.o)
                              (--whole-archive)
/home/robert/Desktop/Projektwoche/stm/U23_2013_examples/libs/libstm32f4xx/obj/libstm32f4xx.a(stm32f4xx_wwdg.o)
                              (--whole-archive)
/home/robert/Desktop/Projektwoche/stm/U23_2013_examples/libs/libstm32f4xx/obj/libstm32f4xx.a(stm32f4xx_crc.o)
                              (--whole-archive)
/home/robert/Desktop/Projektwoche/stm/U23_2013_examples/libs/libstm32f4xx/obj/libstm32f4xx.a(stm32f4xx_cryp_tdes.o)
                              (--whole-archive)
/home/robert/Desktop/Projektwoche/stm/U23_2013_examples/libs/libstm32f4xx/obj/libstm32f4xx.a(stm32f4xx_dma.o)
                              (--whole-archive)
/home/robert/Desktop/Projektwoche/stm/U23_2013_examples/libs/libstm32f4xx/obj/libstm32f4xx.a(stm32f4xx_gpio.o)
                              (--whole-archive)
/home/robert/Desktop/Projektwoche/stm/U23_2013_examples/libs/libstm32f4xx/obj/libstm32f4xx.a(stm32f4xx_i2c.o)
                              (--whole-archive)
[...]
Memory Configuration

Name             Origin             Length             Attributes
flash            0x0000000008000000 0x0000000000100000 xr
ccmram           0x0000000010000000 0x0000000000010000 xrw
sram             0x0000000020000000 0x0000000000020000 xrw
*default*        0x0000000000000000 0xffffffffffffffff

Linker script and memory map

                0x0000000008000000                . = ORIGIN (flash)

.text           0x0000000008000000     0xac68
 *(.vectors)
 .vectors       0x0000000008000000      0x188 /home/robert/Desktop/Projektwoche/stm/U23_2013_examples/libs/libCMSIS/obj/libCMSIS.a(startup_stm32f4xx.o)
                0x0000000008000000                InterruptVectors
 *(.text*)
 .text.DelayMS  0x0000000008000188       0x38 /home/robert/Desktop/Projektwoche/stm/U23_2013_examples/examples/ssd1289/obj/SSD1289.o
 .text.SSD1289_Configuration
                0x00000000080001c0       0x6c /home/robert/Desktop/Projektwoche/stm/U23_2013_examples/examples/ssd1289/obj/SSD1289.o
 .text.SSD1289_WriteIndex
                0x000000000800022c       0x5c /home/robert/Desktop/Projektwoche/stm/U23_2013_examples/examples/ssd1289/obj/SSD1289.o
                0x000000000800022c                SSD1289_WriteIndex
 .text.SSD1289_WriteData
                0x0000000008000288       0x4c /home/robert/Desktop/Projektwoche/stm/U23_2013_examples/examples/ssd1289/obj/SSD1289.o
                0x0000000008000288                SSD1289_WriteData
 .text.SSD1289_WriteReg
                0x00000000080002d4       0x44 /home/robert/Desktop/Projektwoche/stm/U23_2013_examples/examples/ssd1289/obj/SSD1289.o
                0x00000000080002d4                SSD1289_WriteReg
 .text.SSD1289_SetCursor
                0x0000000008000318       0x50 /home/robert/Desktop/Projektwoche/stm/U23_2013_examples/examples/ssd1289/obj/SSD1289.o
                0x0000000008000318                SSD1289_SetCursor
 .text.SSD1289_Init
                0x0000000008000368      0x1c0 /home/robert/Desktop/Projektwoche/stm/U23_2013_examples/examples/ssd1289/obj/SSD1289.o
                0x0000000008000368                SSD1289_Init
 .text.SSD1289_Clear
                0x0000000008000528       0x60 /home/robert/Desktop/Projektwoche/stm/U23_2013_examples/examples/ssd1289/obj/SSD1289.o
                0x0000000008000528                SSD1289_Clear
 .text.SSD1289_SetPoint
                0x0000000008000588       0x40 /home/robert/Desktop/Projektwoche/stm/U23_2013_examples/examples/ssd1289/obj/SSD1289.o
                0x0000000008000588                SSD1289_SetPoint
 .text.SSD1289_DrawLine
                0x00000000080005c8      0x198 /home/robert/Desktop/Projektwoche/stm/U23_2013_examples/examples/ssd1289/obj/SSD1289.o
                0x00000000080005c8                SSD1289_DrawLine
 .text.SSD1289_CleanPutCharFont
                0x0000000008000760       0xbc /home/robert/Desktop/Projektwoche/stm/U23_2013_examples/examples/ssd1289/obj/SSD1289.o
                0x0000000008000760                SSD1289_CleanPutCharFont
 .text.SSD1289_CleanTextFont
                0x000000000800081c       0x64 /home/robert/Desktop/Projektwoche/stm/U23_2013_examples/examples/ssd1289/obj/SSD1289.o
                0x000000000800081c                SSD1289_CleanTextFont
 .text.SSD1289_DrawRect
                0x0000000008000880       0xc4 /home/robert/Desktop/Projektwoche/stm/U23_2013_examples/examples/ssd1289/obj/SSD1289.o
                0x0000000008000880                SSD1289_DrawRect
 .text.SSD1289_FillRect
                0x0000000008000944       0x94 /home/robert/Desktop/Projektwoche/stm/U23_2013_examples/examples/ssd1289/obj/SSD1289.o
                0x0000000008000944                SSD1289_FillRect
 .text.XPT2046_Init
                0x00000000080009d8      0x120 /home/robert/Desktop/Projektwoche/stm/U23_2013_examples/examples/ssd1289/obj/XPT2046.o
                0x00000000080009d8                XPT2046_Init
 .text.Read_X   0x0000000008000af8       0x34 /home/robert/Desktop/Projektwoche/stm/U23_2013_examples/examples/ssd1289/obj/XPT2046.o
                0x0000000008000af8                Read_X
 .text.Read_Y   0x0000000008000b2c       0x34 /home/robert/Desktop/Projektwoche/stm/U23_2013_examples/examples/ssd1289/obj/XPT2046.o
                0x0000000008000b2c                Read_Y
 .text.XPT2046_GetAdXY
                0x0000000008000b60       0x34 /home/robert/Desktop/Projektwoche/stm/U23_2013_examples/examples/ssd1289/obj/XPT2046.o
                0x0000000008000b60                XPT2046_GetAdXY
 .text.Read_XPT2046
                0x0000000008000b94      0x2c8 /home/robert/Desktop/Projektwoche/stm/U23_2013_examples/examples/ssd1289/obj/XPT2046.o
                0x0000000008000b94                Read_XPT2046
 .text.getDisplayPoint
                0x0000000008000e5c      0x180 /home/robert/Desktop/Projektwoche/stm/U23_2013_examples/examples/ssd1289/obj/XPT2046.o
                0x0000000008000e5c                getDisplayPoint
 .text.set_CS   0x0000000008000fdc       0x18 /home/robert/Desktop/Projektwoche/stm/U23_2013_examples/examples/ssd1289/obj/XPT2046.o
 .text.reset_CS
                0x0000000008000ff4       0x18 /home/robert/Desktop/Projektwoche/stm/U23_2013_examples/examples/ssd1289/obj/XPT2046.o
 .text.read_IRQ
                0x000000000800100c       0x1c /home/robert/Desktop/Projektwoche/stm/U23_2013_examples/examples/ssd1289/obj/XPT2046.o
 .text.WR_CMD   0x0000000008001028       0x58 /home/robert/Desktop/Projektwoche/stm/U23_2013_examples/examples/ssd1289/obj/XPT2046.o
 .text.RD_AD    0x0000000008001080       0xc8 /home/robert/Desktop/Projektwoche/stm/U23_2013_examples/examples/ssd1289/obj/XPT2046.o
 .text.SetLEDs  0x0000000008001148       0x40 /home/robert/Desktop/Projektwoche/stm/U23_2013_examples/examples/ssd1289/obj/LCD.o
 .text.DelayMS  0x0000000008001188       0x38 /home/robert/Desktop/Projektwoche/stm/U23_2013_examples/examples/ssd1289/obj/LCD.o
 .text.lcd_initLCD
                0x00000000080011c0       0x30 /home/robert/Desktop/Projektwoche/stm/U23_2013_examples/examples/ssd1289/obj/LCD.o
                0x00000000080011c0                lcd_initLCD
 .text.addButtonList
                0x00000000080011f0       0xac /home/robert/Desktop/Projektwoche/stm/U23_2013_examples/examples/ssd1289/obj/LCD.o
                0x00000000080011f0                addButtonList
 .text.lcd_addButton
                0x000000000800129c       0xb4 /home/robert/Desktop/Projektwoche/stm/U23_2013_examples/examples/ssd1289/obj/LCD.o
                0x000000000800129c                lcd_addButton
 .text.lcd_highlightButton
                0x0000000008001350       0xa8 /home/robert/Desktop/Projektwoche/stm/U23_2013_examples/examples/ssd1289/obj/LCD.o
                0x0000000008001350                lcd_highlightButton
 .text.lcd_checkButton
                0x00000000080013f8       0x88 /home/robert/Desktop/Projektwoche/stm/U23_2013_examples/examples/ssd1289/obj/LCD.o
                0x00000000080013f8                lcd_checkButton
 .text.lcd_checkButtons
                0x0000000008001480       0x30 /home/robert/Desktop/Projektwoche/stm/U23_2013_examples/examples/ssd1289/obj/LCD.o
                0x0000000008001480                lcd_checkButtons
 .text.NVIC_SetPriority
                0x00000000080014b0       0x58 /home/robert/Desktop/Projektwoche/stm/U23_2013_examples/examples/ssd1289/obj/main.o
 .text.SysTick_Config
                0x0000000008001508       0x54 /home/robert/Desktop/Projektwoche/stm/U23_2013_examples/examples/ssd1289/obj/main.o
 .text.DelayMS  0x000000000800155c       0x38 /home/robert/Desktop/Projektwoche/stm/U23_2013_examples/examples/ssd1289/obj/main.o
 .text.button_clicked
                0x0000000008001594       0x14 /home/robert/Desktop/Projektwoche/stm/U23_2013_examples/examples/ssd1289/obj/main.o
                0x0000000008001594                button_clicked
 .text.main     0x00000000080015a8      0x20c /home/robert/Desktop/Projektwoche/stm/U23_2013_examples/examples/ssd1289/obj/main.o
                0x00000000080015a8                main
 .text.GetASCIICode
                0x00000000080017b4       0xa8 /home/robert/Desktop/Projektwoche/stm/U23_2013_examples/examples/ssd1289/obj/AsciiLib.o
                0x00000000080017b4                GetASCIICode
 .text.SystemInit
                0x000000000800185c       0xac /home/robert/Desktop/Projektwoche/stm/U23_2013_examples/libs/libCMSIS/obj/libCMSIS.a(system_stm32f4xx.o)
                0x000000000800185c                SystemInit
 .text.SetSysClock
                0x0000000008001908      0x1d4 /home/robert/Desktop/Projektwoche/stm/U23_2013_examples/libs/libCMSIS/obj/libCMSIS.a(system_stm32f4xx.o)
 .text.Reset_Handler
                0x0000000008001adc       0x90 /home/robert/Desktop/Projektwoche/stm/U23_2013_examples/libs/libCMSIS/obj/libCMSIS.a(startup_stm32f4xx.o)
                0x0000000008001adc                Reset_Handler
 .text.Default_Handler
                0x0000000008001b6c        0x4 /home/robert/Desktop/Projektwoche/stm/U23_2013_examples/libs/libCMSIS/obj/libCMSIS.a(startup_stm32f4xx.o)
                0x0000000008001b6c                RTC_Alarm_IRQHandler
                0x0000000008001b6c                HASH_RNG_IRQHandler
                0x0000000008001b6c                EXTI2_IRQHandler
                0x0000000008001b6c                TIM8_CC_IRQHandler
                0x0000000008001b6c                SVCall_Handler
                0x0000000008001b6c                DebugMon_Handler
                0x0000000008001b6c                TIM1_CC_IRQHandler
                0x0000000008001b6c                DMA2_Stream5_IRQHandler
                0x0000000008001b6c                HardFault_Handler
                0x0000000008001b6c                DMA1_Stream5_IRQHandler
                0x0000000008001b6c                PVD_IRQHandler
                0x0000000008001b6c                SDIO_IRQHandler
                0x0000000008001b6c                TAMP_STAMP_IRQHandler
                0x0000000008001b6c                PendSV_Handler
                0x0000000008001b6c                NMI_Handler
                0x0000000008001b6c                CAN2_RX1_IRQHandler
                0x0000000008001b6c                EXTI3_IRQHandler
                0x0000000008001b6c                TIM8_TRG_COM_TIM14_IRQHandler
                0x0000000008001b6c                TIM1_UP_TIM10_IRQHandler
                0x0000000008001b6c                TIM8_UP_TIM13_IRQHandler
                0x0000000008001b6c                I2C3_ER_IRQHandler
                0x0000000008001b6c                EXTI0_IRQHandler
                0x0000000008001b6c                I2C2_EV_IRQHandler
                0x0000000008001b6c                DMA1_Stream2_IRQHandler
                0x0000000008001b6c                CAN1_RX0_IRQHandler
                0x0000000008001b6c                FPU_IRQHandler
                0x0000000008001b6c                OTG_HS_WKUP_IRQHandler
                0x0000000008001b6c                UsageFault_Handler
                0x0000000008001b6c                CAN2_SCE_IRQHandler
                0x0000000008001b6c                DMA2_Stream2_IRQHandler
                0x0000000008001b6c                SPI1_IRQHandler
                0x0000000008001b6c                TIM6_DAC_IRQHandler
                0x0000000008001b6c                TIM1_BRK_TIM9_IRQHandler
                0x0000000008001b6c                DCMI_IRQHandler
                0x0000000008001b6c                CAN2_RX0_IRQHandler
                0x0000000008001b6c                DMA2_Stream3_IRQHandler
                0x0000000008001b6c                USART6_IRQHandler
                0x0000000008001b6c                USART3_IRQHandler
                0x0000000008001b6c                CRYP_IRQHandler
                0x0000000008001b6c                CAN1_RX1_IRQHandler
                0x0000000008001b6c                UART5_IRQHandler
                0x0000000008001b6c                DMA2_Stream0_IRQHandler
                0x0000000008001b6c                TIM4_IRQHandler
                0x0000000008001b6c                I2C1_EV_IRQHandler
                0x0000000008001b6c                DMA1_Stream6_IRQHandler
                0x0000000008001b6c                DMA1_Stream1_IRQHandler
                0x0000000008001b6c                UART4_IRQHandler
                0x0000000008001b6c                TIM3_IRQHandler
                0x0000000008001b6c                RCC_IRQHandler
                0x0000000008001b6c                TIM8_BRK_TIM12_IRQHandler
                0x0000000008001b6c                Default_Handler
                0x0000000008001b6c                EXTI15_10_IRQHandler
                0x0000000008001b6c                ADC_IRQHandler
                0x0000000008001b6c                CAN2_TX_IRQHandler
                0x0000000008001b6c                TIM5_IRQHandler
                0x0000000008001b6c                DMA2_Stream7_IRQHandler
                0x0000000008001b6c                I2C3_EV_IRQHandler
                0x0000000008001b6c                EXTI9_5_IRQHandler
                0x0000000008001b6c                RTC_WKUP_IRQHandler
                0x0000000008001b6c                ETH_WKUP_IRQHandler
                0x0000000008001b6c                OTG_HS_EP1_IN_IRQHandler
                0x0000000008001b6c                MemManage_Handler
                0x0000000008001b6c                DMA1_Stream0_IRQHandler
                0x0000000008001b6c                CAN1_TX_IRQHandler
                0x0000000008001b6c                EXTI4_IRQHandler
                0x0000000008001b6c                FSMC_IRQHandler
                0x0000000008001b6c                ETH_IRQHandler
                0x0000000008001b6c                OTG_HS_EP1_OUT_IRQHandler
                0x0000000008001b6c                WWDG_IRQHandler
                0x0000000008001b6c                TIM2_IRQHandler
                0x0000000008001b6c                OTG_FS_WKUP_IRQHandler
                0x0000000008001b6c                TIM1_TRG_COM_TIM11_IRQHandler
                0x0000000008001b6c                OTG_HS_IRQHandler
                0x0000000008001b6c                EXTI1_IRQHandler
                0x0000000008001b6c                USART2_IRQHandler
                0x0000000008001b6c                I2C2_ER_IRQHandler
                0x0000000008001b6c                DMA2_Stream1_IRQHandler
                0x0000000008001b6c                CAN1_SCE_IRQHandler
                0x0000000008001b6c                FLASH_IRQHandler
                0x0000000008001b6c                DMA2_Stream4_IRQHandler
                0x0000000008001b6c                BusFault_Handler
                0x0000000008001b6c                USART1_IRQHandler
                0x0000000008001b6c                OTG_FS_IRQHandler
                0x0000000008001b6c                SPI3_IRQHandler
                0x0000000008001b6c                DMA1_Stream4_IRQHandler
                0x0000000008001b6c                I2C1_ER_IRQHandler
                0x0000000008001b6c                DMA2_Stream6_IRQHandler
                0x0000000008001b6c                DMA1_Stream3_IRQHandler
 .text.NVIC_PriorityGroupConfig
                0x0000000008001b70       0x28 /home/robert/Desktop/Projektwoche/stm/U23_2013_examples/libs/libstm32f4xx/obj/libstm32f4xx.a(misc.o)
                0x0000000008001b70                NVIC_PriorityGroupConfig
 .text.NVIC_Init
                0x0000000008001b98       0xcc /home/robert/Desktop/Projektwoche/stm/U23_2013_examples/libs/libstm32f4xx/obj/libstm32f4xx.a(misc.o)
                0x0000000008001b98                NVIC_Init
 .text.TIM_GetITStatus
                0x0000000008001c64       0x54 /home/robert/Desktop/Projektwoche/stm/U23_2013_examples/libs/libstm32f4xx/obj/libstm32f4xx.a(stm32f4xx_tim.o)
                0x0000000008001c64                TIM_GetITStatus
 .text.TIM_ClearITPendingBit
                0x0000000008001cb8       0x20 /home/robert/Desktop/Projektwoche/stm/U23_2013_examples/libs/libstm32f4xx/obj/libstm32f4xx.a(stm32f4xx_tim.o)
                0x0000000008001cb8                TIM_ClearITPendingBit
 .text.USART_Init
                0x0000000008001cd8      0x188 /home/robert/Desktop/Projektwoche/stm/U23_2013_examples/libs/libstm32f4xx/obj/libstm32f4xx.a(stm32f4xx_usart.o)
                0x0000000008001cd8                USART_Init
 .text.USART_ClockInit
                0x0000000008001e60       0x54 /home/robert/Desktop/Projektwoche/stm/U23_2013_examples/libs/libstm32f4xx/obj/libstm32f4xx.a(stm32f4xx_usart.o)
                0x0000000008001e60                USART_ClockInit
 .text.USART_ClockStructInit
                0x0000000008001eb4       0x2c /home/robert/Desktop/Projektwoche/stm/U23_2013_examples/libs/libstm32f4xx/obj/libstm32f4xx.a(stm32f4xx_usart.o)
                0x0000000008001eb4                USART_ClockStructInit
 .text.USART_Cmd
                0x0000000008001ee0       0x40 /home/robert/Desktop/Projektwoche/stm/U23_2013_examples/libs/libstm32f4xx/obj/libstm32f4xx.a(stm32f4xx_usart.o)
                0x0000000008001ee0                USART_Cmd
 .text.USART_SendData
                0x0000000008001f20       0x24 /home/robert/Desktop/Projektwoche/stm/U23_2013_examples/libs/libstm32f4xx/obj/libstm32f4xx.a(stm32f4xx_usart.o)
                0x0000000008001f20                USART_SendData
 .text.USART_GetFlagStatus
                0x0000000008001f44       0x38 /home/robert/Desktop/Projektwoche/stm/U23_2013_examples/libs/libstm32f4xx/obj/libstm32f4xx.a(stm32f4xx_usart.o)
                0x0000000008001f44                USART_GetFlagStatus
 .text.RCC_GetClocksFreq
                0x0000000008001f7c      0x1a8 /home/robert/Desktop/Projektwoche/stm/U23_2013_examples/libs/libstm32f4xx/obj/libstm32f4xx.a(stm32f4xx_rcc.o)
                0x0000000008001f7c                RCC_GetClocksFreq
 .text.RCC_AHB1PeriphClockCmd
                0x0000000008002124       0x50 /home/robert/Desktop/Projektwoche/stm/U23_2013_examples/libs/libstm32f4xx/obj/libstm32f4xx.a(stm32f4xx_rcc.o)
                0x0000000008002124                RCC_AHB1PeriphClockCmd
 .text.RCC_AHB2PeriphClockCmd
                0x0000000008002174       0x50 /home/robert/Desktop/Projektwoche/stm/U23_2013_examples/libs/libstm32f4xx/obj/libstm32f4xx.a(stm32f4xx_rcc.o)
                0x0000000008002174                RCC_AHB2PeriphClockCmd
 .text.RCC_APB1PeriphClockCmd
                0x00000000080021c4       0x50 /home/robert/Desktop/Projektwoche/stm/U23_2013_examples/libs/libstm32f4xx/obj/libstm32f4xx.a(stm32f4xx_rcc.o)
                0x00000000080021c4                RCC_APB1PeriphClockCmd
 .text.SPI_Init
                0x0000000008002214       0x88 /home/robert/Desktop/Projektwoche/stm/U23_2013_examples/libs/libstm32f4xx/obj/libstm32f4xx.a(stm32f4xx_spi.o)
                0x0000000008002214                SPI_Init
 .text.SPI_Cmd  0x000000000800229c       0x40 /home/robert/Desktop/Projektwoche/stm/U23_2013_examples/libs/libstm32f4xx/obj/libstm32f4xx.a(stm32f4xx_spi.o)
                0x000000000800229c                SPI_Cmd
 .text.SPI_I2S_ReceiveData
                0x00000000080022dc       0x1c /home/robert/Desktop/Projektwoche/stm/U23_2013_examples/libs/libstm32f4xx/obj/libstm32f4xx.a(stm32f4xx_spi.o)
                0x00000000080022dc                SPI_I2S_ReceiveData
 .text.SPI_I2S_SendData
                0x00000000080022f8       0x1c /home/robert/Desktop/Projektwoche/stm/U23_2013_examples/libs/libstm32f4xx/obj/libstm32f4xx.a(stm32f4xx_spi.o)
                0x00000000080022f8                SPI_I2S_SendData
 .text.SPI_I2S_ITConfig
                0x0000000008002314       0x60 /home/robert/Desktop/Projektwoche/stm/U23_2013_examples/libs/libstm32f4xx/obj/libstm32f4xx.a(stm32f4xx_spi.o)
                0x0000000008002314                SPI_I2S_ITConfig
 .text.SPI_I2S_GetFlagStatus
                0x0000000008002374       0x38 /home/robert/Desktop/Projektwoche/stm/U23_2013_examples/libs/libstm32f4xx/obj/libstm32f4xx.a(stm32f4xx_spi.o)
                0x0000000008002374                SPI_I2S_GetFlagStatus
 .text.DMA_Init
                0x00000000080023ac       0xb0 /home/robert/Desktop/Projektwoche/stm/U23_2013_examples/libs/libstm32f4xx/obj/libstm32f4xx.a(stm32f4xx_dma.o)
                0x00000000080023ac                DMA_Init
 .text.DMA_Cmd  0x000000000800245c       0x38 /home/robert/Desktop/Projektwoche/stm/U23_2013_examples/libs/libstm32f4xx/obj/libstm32f4xx.a(stm32f4xx_dma.o)
                0x000000000800245c                DMA_Cmd
 .text.DMA_ClearFlag
                0x0000000008002494       0x60 /home/robert/Desktop/Projektwoche/stm/U23_2013_examples/libs/libstm32f4xx/obj/libstm32f4xx.a(stm32f4xx_dma.o)
                0x0000000008002494                DMA_ClearFlag
 .text.GPIO_Init
                0x00000000080024f4      0x11c /home/robert/Desktop/Projektwoche/stm/U23_2013_examples/libs/libstm32f4xx/obj/libstm32f4xx.a(stm32f4xx_gpio.o)
                0x00000000080024f4                GPIO_Init
 .text.GPIO_ReadInputDataBit
                0x0000000008002610       0x34 /home/robert/Desktop/Projektwoche/stm/U23_2013_examples/libs/libstm32f4xx/obj/libstm32f4xx.a(stm32f4xx_gpio.o)
                0x0000000008002610                GPIO_ReadInputDataBit
 .text.GPIO_SetBits
                0x0000000008002644       0x1c /home/robert/Desktop/Projektwoche/stm/U23_2013_examples/libs/libstm32f4xx/obj/libstm32f4xx.a(stm32f4xx_gpio.o)
                0x0000000008002644                GPIO_SetBits
 .text.GPIO_ResetBits
                0x0000000008002660       0x1c /home/robert/Desktop/Projektwoche/stm/U23_2013_examples/libs/libstm32f4xx/obj/libstm32f4xx.a(stm32f4xx_gpio.o)
                0x0000000008002660                GPIO_ResetBits
 .text.GPIO_PinAFConfig
                0x000000000800267c       0x8c /home/robert/Desktop/Projektwoche/stm/U23_2013_examples/libs/libstm32f4xx/obj/libstm32f4xx.a(stm32f4xx_gpio.o)
                0x000000000800267c                GPIO_PinAFConfig
 .text.RNG_Cmd  0x0000000008002708       0x4c /home/robert/Desktop/Projektwoche/stm/U23_2013_examples/libs/libstm32f4xx/obj/libstm32f4xx.a(stm32f4xx_rng.o)
                0x0000000008002708                RNG_Cmd
 .text.TIM7_IRQHandler
                0x0000000008002754       0x40 /home/robert/Desktop/Projektwoche/stm/U23_2013_examples/libs/libstm32f4xx/obj/libstm32f4xx.a(stm32_ub_onewire.o)
                0x0000000008002754                TIM7_IRQHandler
 .text._fstat   0x0000000008002794       0x3c /home/robert/Desktop/Projektwoche/stm/U23_2013_examples/libs/libsystem/obj/libsystem.a(NewlibSyscalls.o)
                0x0000000008002794                _fstat
 .text._lseek   0x00000000080027d0       0x38 /home/robert/Desktop/Projektwoche/stm/U23_2013_examples/libs/libsystem/obj/libsystem.a(NewlibSyscalls.o)
                0x00000000080027d0                _lseek
 .text._read    0x0000000008002808       0x38 /home/robert/Desktop/Projektwoche/stm/U23_2013_examples/libs/libsystem/obj/libsystem.a(NewlibSyscalls.o)
                0x0000000008002808                _read
 .text._close   0x0000000008002840       0x30 /home/robert/Desktop/Projektwoche/stm/U23_2013_examples/libs/libsystem/obj/libsystem.a(NewlibSyscalls.o)
                0x0000000008002840                _close
 .text._isatty_r
                0x0000000008002870       0x30 /home/robert/Desktop/Projektwoche/stm/U23_2013_examples/libs/libsystem/obj/libsystem.a(NewlibSyscalls.o)
                0x0000000008002870                _isatty_r
 .text._write   0x00000000080028a0       0x68 /home/robert/Desktop/Projektwoche/stm/U23_2013_examples/libs/libsystem/obj/libsystem.a(NewlibSyscalls.o)
                0x00000000080028a0                _write
 .text._sbrk    0x0000000008002908       0x98 /home/robert/Desktop/Projektwoche/stm/U23_2013_examples/libs/libsystem/obj/libsystem.a(NewlibSyscalls.o)
                0x0000000008002908                _sbrk
 .text._file_fstat
                0x00000000080029a0       0x38 /home/robert/Desktop/Projektwoche/stm/U23_2013_examples/libs/libsystem/obj/libsystem.a(NewlibSyscalls.o)
                0x00000000080029a0                _file_fstat
 .text._file_write
                0x00000000080029d8       0x38 /home/robert/Desktop/Projektwoche/stm/U23_2013_examples/libs/libsystem/obj/libsystem.a(NewlibSyscalls.o)
                0x00000000080029d8                _file_write
 .text._file_read
                0x0000000008002a10       0x38 /home/robert/Desktop/Projektwoche/stm/U23_2013_examples/libs/libsystem/obj/libsystem.a(NewlibSyscalls.o)
                0x0000000008002a10                _file_read
 .text._file_lseek
                0x0000000008002a48       0x38 /home/robert/Desktop/Projektwoche/stm/U23_2013_examples/libs/libsystem/obj/libsystem.a(NewlibSyscalls.o)
                0x0000000008002a48                _file_lseek
 .text._file_close
                0x0000000008002a80       0x34 /home/robert/Desktop/Projektwoche/stm/U23_2013_examples/libs/libsystem/obj/libsystem.a(NewlibSyscalls.o)
                0x0000000008002a80                _file_close
 .text._file_isatty
                0x0000000008002ab4       0x34 /home/robert/Desktop/Projektwoche/stm/U23_2013_examples/libs/libsystem/obj/libsystem.a(NewlibSyscalls.o)
                0x0000000008002ab4                _file_isatty
 .text.Delay    0x0000000008002ae8       0x34 /home/robert/Desktop/Projektwoche/stm/U23_2013_examples/libs/libsystem/obj/libsystem.a(SysTick.o)
                0x0000000008002ae8                Delay
 .text.SysTick_Handler
                0x0000000008002b1c       0x24 /home/robert/Desktop/Projektwoche/stm/U23_2013_examples/libs/libsystem/obj/libsystem.a(SysTick.o)
                0x0000000008002b1c                SysTick_Handler
 .text.ITM_SendChar
                0x0000000008002b40       0x4c /home/robert/Desktop/Projektwoche/stm/U23_2013_examples/libs/libsystem/obj/libsystem.a(Debug.o)
 .text.EnableDebugOutput
                0x0000000008002b8c       0x40 /home/robert/Desktop/Projektwoche/stm/U23_2013_examples/libs/libsystem/obj/libsystem.a(Debug.o)
                0x0000000008002b8c                EnableDebugOutput
 .text.DebugPrintChar
                0x0000000008002bcc       0x40 /home/robert/Desktop/Projektwoche/stm/U23_2013_examples/libs/libsystem/obj/libsystem.a(Debug.o)
                0x0000000008002bcc                DebugPrintChar
 .text.MyUSART_Init
                0x0000000008002c0c       0xe0 /home/robert/Desktop/Projektwoche/stm/U23_2013_examples/libs/libsystem/obj/libsystem.a(USART.o)
                0x0000000008002c0c                MyUSART_Init
 .text.USART_SendChar
                0x0000000008002cec       0x38 /home/robert/Desktop/Projektwoche/stm/U23_2013_examples/libs/libsystem/obj/libsystem.a(USART.o)
                0x0000000008002cec                USART_SendChar
 .text.ProvideAudioBuffer
                0x0000000008002d24       0x28 /home/robert/Desktop/Projektwoche/stm/U23_2013_examples/libs/libsystem/obj/libsystem.a(Audio.o)
 .text.ProvideAudioBufferWithoutBlocking
                0x0000000008002d4c       0x84 /home/robert/Desktop/Projektwoche/stm/U23_2013_examples/libs/libsystem/obj/libsystem.a(Audio.o)
 .text.StartAudioDMAAndRequestBuffers
                0x0000000008002dd0      0x104 /home/robert/Desktop/Projektwoche/stm/U23_2013_examples/libs/libsystem/obj/libsystem.a(Audio.o)
 .text.DMA1_Stream7_IRQHandler
                0x0000000008002ed4       0x38 /home/robert/Desktop/Projektwoche/stm/U23_2013_examples/libs/libsystem/obj/libsystem.a(Audio.o)
                0x0000000008002ed4                DMA1_Stream7_IRQHandler
 .text.SPI2_IRQHandler
                0x0000000008002f0c      0x1a4 /home/robert/Desktop/Projektwoche/stm/U23_2013_examples/libs/libsystem/obj/libsystem.a(Spi.o)
                0x0000000008002f0c                SPI2_IRQHandler
 .text.InitializeLEDs
                0x00000000080030b0       0x3c /home/robert/Desktop/Projektwoche/stm/U23_2013_examples/libs/libsystem/obj/libsystem.a(LED.o)
                0x00000000080030b0                InitializeLEDs
 .text.NVIC_SetPriority
                0x00000000080030ec       0x58 /home/robert/Desktop/Projektwoche/stm/U23_2013_examples/libs/libsystem/obj/libsystem.a(Init.o)
 .text.SysTick_Config
                0x0000000008003144       0x54 /home/robert/Desktop/Projektwoche/stm/U23_2013_examples/libs/libsystem/obj/libsystem.a(Init.o)
 .text.InitializeSystem
                0x0000000008003198       0x34 /home/robert/Desktop/Projektwoche/stm/U23_2013_examples/libs/libsystem/obj/libsystem.a(Init.o)
                0x0000000008003198                InitializeSystem
 .text          0x00000000080031cc      0x370 /home/robert/Desktop/Projektwoche/stm/STM32-Toolchain/arm-none-eabi/lib/gcc/arm-none-eabi/4.8.0/thumb/cortex-m4/float-abi-hard/fpuv4-sp-d16/libgcc.a(_arm_addsubdf3.o)
                0x00000000080031cc                __aeabi_drsub
                0x00000000080031d4                __aeabi_dsub
                0x00000000080031d4                __subdf3
                0x00000000080031d8                __adddf3
                0x00000000080031d8                __aeabi_dadd
                0x0000000008003450                __aeabi_ui2d
                0x0000000008003450                __floatunsidf
                0x0000000008003470                __floatsidf
                0x0000000008003470                __aeabi_i2d
                0x0000000008003494                __extendsfdf2
                0x0000000008003494                __aeabi_f2d
                0x00000000080034d0                __aeabi_ul2d
                0x00000000080034d0                __floatundidf
                0x00000000080034e0                __floatdidf
                0x00000000080034e0                __aeabi_l2d
 .text          0x000000000800353c      0x424 /home/robert/Desktop/Projektwoche/stm/STM32-Toolchain/arm-none-eabi/lib/gcc/arm-none-eabi/4.8.0/thumb/cortex-m4/float-abi-hard/fpuv4-sp-d16/libgcc.a(_arm_muldivdf3.o)
                0x000000000800353c                __aeabi_dmul
                0x000000000800353c                __muldf3
                0x0000000008003790                __aeabi_ddiv
                0x0000000008003790                __divdf3
 .text          0x0000000008003960      0x110 /home/robert/Desktop/Projektwoche/stm/STM32-Toolchain/arm-none-eabi/lib/gcc/arm-none-eabi/4.8.0/thumb/cortex-m4/float-abi-hard/fpuv4-sp-d16/libgcc.a(_arm_cmpdf2.o)
                0x0000000008003960                __gtdf2
                0x0000000008003960                __gedf2
                0x0000000008003968                __ltdf2
                0x0000000008003968                __ledf2
                0x0000000008003970                __cmpdf2
                0x0000000008003970                __eqdf2
                0x0000000008003970                __nedf2
                0x00000000080039ec                __aeabi_cdrcmple
                0x00000000080039fc                __aeabi_cdcmple
                0x00000000080039fc                __aeabi_cdcmpeq
                0x0000000008003a0c                __aeabi_dcmpeq
                0x0000000008003a20                __aeabi_dcmplt
                0x0000000008003a34                __aeabi_dcmple
                0x0000000008003a48                __aeabi_dcmpge
                0x0000000008003a5c                __aeabi_dcmpgt
 .text          0x0000000008003a70       0x40 /home/robert/Desktop/Projektwoche/stm/STM32-Toolchain/arm-none-eabi/lib/gcc/arm-none-eabi/4.8.0/thumb/cortex-m4/float-abi-hard/fpuv4-sp-d16/libgcc.a(_arm_fixunsdfsi.o)
                0x0000000008003a70                __fixunsdfsi
                0x0000000008003a70                __aeabi_d2uiz
 .text          0x0000000008003ab0        0xc /home/robert/Desktop/Projektwoche/stm/STM32-Toolchain/arm-none-eabi/lib/gcc/arm-none-eabi/4.8.0/../../../../arm-none-eabi/lib/thumb/cortex-m4/float-abi-hard/fpuv4-sp-d16/libc.a(lib_a-errno.o)
                0x0000000008003ab0                __errno
 .text          0x0000000008003abc       0x4c /home/robert/Desktop/Projektwoche/stm/STM32-Toolchain/arm-none-eabi/lib/gcc/arm-none-eabi/4.8.0/../../../../arm-none-eabi/lib/thumb/cortex-m4/float-abi-hard/fpuv4-sp-d16/libc.a(lib_a-fprintf.o)
                0x0000000008003abc                _fprintf_r
                0x0000000008003adc                fprintf
 .text          0x0000000008003b08       0x88 /home/robert/Desktop/Projektwoche/stm/STM32-Toolchain/arm-none-eabi/lib/gcc/arm-none-eabi/4.8.0/../../../../arm-none-eabi/lib/thumb/cortex-m4/float-abi-hard/fpuv4-sp-d16/libc.a(lib_a-fwrite.o)
                0x0000000008003b08                _fwrite_r
                0x0000000008003b6c                fwrite
 .text          0x0000000008003b90       0x20 /home/robert/Desktop/Projektwoche/stm/STM32-Toolchain/arm-none-eabi/lib/gcc/arm-none-eabi/4.8.0/../../../../arm-none-eabi/lib/thumb/cortex-m4/float-abi-hard/fpuv4-sp-d16/libc.a(lib_a-malloc.o)
                0x0000000008003b90                malloc
                0x0000000008003ba0                free
 .text          0x0000000008003bb0      0x554 /home/robert/Desktop/Projektwoche/stm/STM32-Toolchain/arm-none-eabi/lib/gcc/arm-none-eabi/4.8.0/../../../../arm-none-eabi/lib/thumb/cortex-m4/float-abi-hard/fpuv4-sp-d16/libc.a(lib_a-mallocr.o)
                0x0000000008003bb0                _malloc_r
 .text          0x0000000008004104       0x9c /home/robert/Desktop/Projektwoche/stm/STM32-Toolchain/arm-none-eabi/lib/gcc/arm-none-eabi/4.8.0/../../../../arm-none-eabi/lib/thumb/cortex-m4/float-abi-hard/fpuv4-sp-d16/libc.a(lib_a-memcpy-stub.o)
                0x0000000008004104                memcpy
 .text          0x00000000080041a0       0x94 /home/robert/Desktop/Projektwoche/stm/STM32-Toolchain/arm-none-eabi/lib/gcc/arm-none-eabi/4.8.0/../../../../arm-none-eabi/lib/thumb/cortex-m4/float-abi-hard/fpuv4-sp-d16/libc.a(lib_a-memset.o)
                0x00000000080041a0                memset
 .text          0x0000000008004234        0x8 /home/robert/Desktop/Projektwoche/stm/STM32-Toolchain/arm-none-eabi/lib/gcc/arm-none-eabi/4.8.0/../../../../arm-none-eabi/lib/thumb/cortex-m4/float-abi-hard/fpuv4-sp-d16/libc.a(lib_a-mlock.o)
                0x0000000008004234                __malloc_lock
                0x0000000008004238                __malloc_unlock
 .text          0x000000000800423c       0x48 /home/robert/Desktop/Projektwoche/stm/STM32-Toolchain/arm-none-eabi/lib/gcc/arm-none-eabi/4.8.0/../../../../arm-none-eabi/lib/thumb/cortex-m4/float-abi-hard/fpuv4-sp-d16/libc.a(lib_a-printf.o)
                0x000000000800423c                _printf_r
                0x000000000800425c                printf
 .text          0x0000000008004284       0x28 /home/robert/Desktop/Projektwoche/stm/STM32-Toolchain/arm-none-eabi/lib/gcc/arm-none-eabi/4.8.0/../../../../arm-none-eabi/lib/thumb/cortex-m4/float-abi-hard/fpuv4-sp-d16/libc.a(lib_a-sbrkr.o)
                0x0000000008004284                _sbrk_r
 .text          0x00000000080042ac      0x11c /home/robert/Desktop/Projektwoche/stm/STM32-Toolchain/arm-none-eabi/lib/gcc/arm-none-eabi/4.8.0/../../../../arm-none-eabi/lib/thumb/cortex-m4/float-abi-hard/fpuv4-sp-d16/libc.a(lib_a-setvbuf.o)
                0x00000000080042ac                setvbuf
 .text          0x00000000080043c8       0xbc /home/robert/Desktop/Projektwoche/stm/STM32-Toolchain/arm-none-eabi/lib/gcc/arm-none-eabi/4.8.0/../../../../arm-none-eabi/lib/thumb/cortex-m4/float-abi-hard/fpuv4-sp-d16/libc.a(lib_a-strcpy.o)
                0x00000000080043c8                strcpy
 .text          0x0000000008004484       0x60 /home/robert/Desktop/Projektwoche/stm/STM32-Toolchain/arm-none-eabi/lib/gcc/arm-none-eabi/4.8.0/../../../../arm-none-eabi/lib/thumb/cortex-m4/float-abi-hard/fpuv4-sp-d16/libc.a(lib_a-strlen.o)
                0x0000000008004484                strlen
 .text          0x00000000080044e4     0x14cc /home/robert/Desktop/Projektwoche/stm/STM32-Toolchain/arm-none-eabi/lib/gcc/arm-none-eabi/4.8.0/../../../../arm-none-eabi/lib/thumb/cortex-m4/float-abi-hard/fpuv4-sp-d16/libc.a(lib_a-vfprintf.o)
                0x00000000080044e4                _vfprintf_r
                0x000000000800591c                vfprintf
 .text          0x00000000080059b0       0xc8 /home/robert/Desktop/Projektwoche/stm/STM32-Toolchain/arm-none-eabi/lib/gcc/arm-none-eabi/4.8.0/../../../../arm-none-eabi/lib/thumb/cortex-m4/float-abi-hard/fpuv4-sp-d16/libc.a(lib_a-wsetup.o)
                0x00000000080059b0                __swsetup_r
 .text          0x0000000008005a78     0x1080 /home/robert/Desktop/Projektwoche/stm/STM32-Toolchain/arm-none-eabi/lib/gcc/arm-none-eabi/4.8.0/../../../../arm-none-eabi/lib/thumb/cortex-m4/float-abi-hard/fpuv4-sp-d16/libc.a(lib_a-dtoa.o)
                0x0000000008005ba4                _dtoa_r
 .text          0x0000000008006af8      0x1ac /home/robert/Desktop/Projektwoche/stm/STM32-Toolchain/arm-none-eabi/lib/gcc/arm-none-eabi/4.8.0/../../../../arm-none-eabi/lib/thumb/cortex-m4/float-abi-hard/fpuv4-sp-d16/libc.a(lib_a-fflush.o)
                0x0000000008006af8                __sflush_r
                0x0000000008006c50                _fflush_r
                0x0000000008006c7c                fflush
 .text          0x0000000008006ca4      0x21c /home/robert/Desktop/Projektwoche/stm/STM32-Toolchain/arm-none-eabi/lib/gcc/arm-none-eabi/4.8.0/../../../../arm-none-eabi/lib/thumb/cortex-m4/float-abi-hard/fpuv4-sp-d16/libc.a(lib_a-findfp.o)
                0x0000000008006cac                _cleanup_r
                0x0000000008006cb8                __sfmoreglue
                0x0000000008006ce4                _cleanup
                0x0000000008006cfc                __sinit
                0x0000000008006df4                __sfp
                0x0000000008006e80                __sfp_lock_acquire
                0x0000000008006e84                __sfp_lock_release
                0x0000000008006e88                __sinit_lock_acquire
                0x0000000008006e8c                __sinit_lock_release
                0x0000000008006e90                __fp_lock_all
                0x0000000008006ea8                __fp_unlock_all
 .text          0x0000000008006ec0      0x240 /home/robert/Desktop/Projektwoche/stm/STM32-Toolchain/arm-none-eabi/lib/gcc/arm-none-eabi/4.8.0/../../../../arm-none-eabi/lib/thumb/cortex-m4/float-abi-hard/fpuv4-sp-d16/libc.a(lib_a-freer.o)
                0x0000000008006ec0                _malloc_trim_r
                0x0000000008006f64                _free_r
 .text          0x0000000008007100      0x2f4 /home/robert/Desktop/Projektwoche/stm/STM32-Toolchain/arm-none-eabi/lib/gcc/arm-none-eabi/4.8.0/../../../../arm-none-eabi/lib/thumb/cortex-m4/float-abi-hard/fpuv4-sp-d16/libc.a(lib_a-fvwrite.o)
                0x0000000008007100                __sfvwrite_r
 .text          0x00000000080073f4       0x9c /home/robert/Desktop/Projektwoche/stm/STM32-Toolchain/arm-none-eabi/lib/gcc/arm-none-eabi/4.8.0/../../../../arm-none-eabi/lib/thumb/cortex-m4/float-abi-hard/fpuv4-sp-d16/libc.a(lib_a-fwalk.o)
                0x00000000080073f4                _fwalk
                0x0000000008007440                _fwalk_reent
 .text          0x0000000008007490       0x9c /home/robert/Desktop/Projektwoche/stm/STM32-Toolchain/arm-none-eabi/lib/gcc/arm-none-eabi/4.8.0/../../../../arm-none-eabi/lib/thumb/cortex-m4/float-abi-hard/fpuv4-sp-d16/libc.a(lib_a-locale.o)
                0x0000000008007490                _setlocale_r
                0x00000000080074e4                __locale_charset
                0x00000000080074f0                __locale_mb_cur_max
                0x00000000080074fc                __locale_msgcharset
                0x0000000008007504                __locale_cjk_lang
                0x0000000008007508                _localeconv_r
                0x0000000008007510                setlocale
                0x0000000008007524                localeconv
 .text          0x000000000800752c       0xe4 /home/robert/Desktop/Projektwoche/stm/STM32-Toolchain/arm-none-eabi/lib/gcc/arm-none-eabi/4.8.0/../../../../arm-none-eabi/lib/thumb/cortex-m4/float-abi-hard/fpuv4-sp-d16/libc.a(lib_a-makebuf.o)
                0x000000000800752c                __smakebuf_r
 .text          0x0000000008007610       0x90 /home/robert/Desktop/Projektwoche/stm/STM32-Toolchain/arm-none-eabi/lib/gcc/arm-none-eabi/4.8.0/../../../../arm-none-eabi/lib/thumb/cortex-m4/float-abi-hard/fpuv4-sp-d16/libc.a(lib_a-memchr-stub.o)
                0x0000000008007610                memchr
 .text          0x00000000080076a0       0xc4 /home/robert/Desktop/Projektwoche/stm/STM32-Toolchain/arm-none-eabi/lib/gcc/arm-none-eabi/4.8.0/../../../../arm-none-eabi/lib/thumb/cortex-m4/float-abi-hard/fpuv4-sp-d16/libc.a(lib_a-memmove.o)
                0x00000000080076a0                memmove
 .text          0x0000000008007764      0x8f8 /home/robert/Desktop/Projektwoche/stm/STM32-Toolchain/arm-none-eabi/lib/gcc/arm-none-eabi/4.8.0/../../../../arm-none-eabi/lib/thumb/cortex-m4/float-abi-hard/fpuv4-sp-d16/libc.a(lib_a-mprec.o)
                0x0000000008007764                _Balloc
                0x00000000080077b0                _Bfree
                0x00000000080077c4                __multadd
                0x000000000800785c                __s2b
                0x00000000080078f8                __hi0bits
                0x0000000008007934                __lo0bits
                0x0000000008007990                __i2b
                0x00000000080079a4                __multiply
                0x0000000008007af8                __pow5mult
                0x0000000008007b98                __lshift
                0x0000000008007c54                __mcmp
                0x0000000008007c98                __mdiff
                0x0000000008007d6c                __ulp
                0x0000000008007dbc                __b2d
                0x0000000008007e6c                __d2b
                0x0000000008007f20                __ratio
                0x0000000008007f80                _mprec_log10
                0x0000000008007fb8                __copybits
                0x0000000008008000                __any_on
 .text          0x000000000800805c      0x3e0 /home/robert/Desktop/Projektwoche/stm/STM32-Toolchain/arm-none-eabi/lib/gcc/arm-none-eabi/4.8.0/../../../../arm-none-eabi/lib/thumb/cortex-m4/float-abi-hard/fpuv4-sp-d16/libc.a(lib_a-reallocr.o)
                0x000000000800805c                _realloc_r
 .text          0x000000000800843c       0x54 /home/robert/Desktop/Projektwoche/stm/STM32-Toolchain/arm-none-eabi/lib/gcc/arm-none-eabi/4.8.0/../../../../arm-none-eabi/lib/thumb/cortex-m4/float-abi-hard/fpuv4-sp-d16/libc.a(lib_a-s_fpclassify.o)
                0x000000000800843c                __fpclassifyd
 .text          0x0000000008008490       0x88 /home/robert/Desktop/Projektwoche/stm/STM32-Toolchain/arm-none-eabi/lib/gcc/arm-none-eabi/4.8.0/../../../../arm-none-eabi/lib/thumb/cortex-m4/float-abi-hard/fpuv4-sp-d16/libc.a(lib_a-stdio.o)
                0x0000000008008490                __sread
                0x00000000080084b4                __seofread
                0x00000000080084b8                __swrite
                0x00000000080084f0                __sseek
                0x0000000008008510                __sclose
 .text          0x0000000008008518      0x248 /home/robert/Desktop/Projektwoche/stm/STM32-Toolchain/arm-none-eabi/lib/gcc/arm-none-eabi/4.8.0/../../../../arm-none-eabi/lib/thumb/cortex-m4/float-abi-hard/fpuv4-sp-d16/libc.a(lib_a-strcmp.o)
                0x0000000008008518                strcmp
 .text          0x0000000008008760      0xb70 /home/robert/Desktop/Projektwoche/stm/STM32-Toolchain/arm-none-eabi/lib/gcc/arm-none-eabi/4.8.0/../../../../arm-none-eabi/lib/thumb/cortex-m4/float-abi-hard/fpuv4-sp-d16/libc.a(lib_a-vfiprintf.o)
                0x00000000080087dc                __sprint_r
                0x00000000080087f4                _vfiprintf_r
                0x000000000800923c                vfiprintf
 .text          0x00000000080092d0       0x2c /home/robert/Desktop/Projektwoche/stm/STM32-Toolchain/arm-none-eabi/lib/gcc/arm-none-eabi/4.8.0/../../../../arm-none-eabi/lib/thumb/cortex-m4/float-abi-hard/fpuv4-sp-d16/libc.a(lib_a-writer.o)
                0x00000000080092d0                _write_r
 .text          0x00000000080092fc       0x60 /home/robert/Desktop/Projektwoche/stm/STM32-Toolchain/arm-none-eabi/lib/gcc/arm-none-eabi/4.8.0/../../../../arm-none-eabi/lib/thumb/cortex-m4/float-abi-hard/fpuv4-sp-d16/libc.a(lib_a-callocr.o)
                0x00000000080092fc                _calloc_r
 .text          0x000000000800935c       0x28 /home/robert/Desktop/Projektwoche/stm/STM32-Toolchain/arm-none-eabi/lib/gcc/arm-none-eabi/4.8.0/../../../../arm-none-eabi/lib/thumb/cortex-m4/float-abi-hard/fpuv4-sp-d16/libc.a(lib_a-closer.o)
                0x000000000800935c                _close_r
 .text          0x0000000008009384       0x94 /home/robert/Desktop/Projektwoche/stm/STM32-Toolchain/arm-none-eabi/lib/gcc/arm-none-eabi/4.8.0/../../../../arm-none-eabi/lib/thumb/cortex-m4/float-abi-hard/fpuv4-sp-d16/libc.a(lib_a-fclose.o)
                0x0000000008009384                _fclose_r
                0x0000000008009408                fclose
 .text          0x0000000008009418       0xe8 /home/robert/Desktop/Projektwoche/stm/STM32-Toolchain/arm-none-eabi/lib/gcc/arm-none-eabi/4.8.0/../../../../arm-none-eabi/lib/thumb/cortex-m4/float-abi-hard/fpuv4-sp-d16/libc.a(lib_a-fputwc.o)
                0x0000000008009418                _fputwc_r
                0x00000000080094d8                fputwc
 .text          0x0000000008009500       0x28 /home/robert/Desktop/Projektwoche/stm/STM32-Toolchain/arm-none-eabi/lib/gcc/arm-none-eabi/4.8.0/../../../../arm-none-eabi/lib/thumb/cortex-m4/float-abi-hard/fpuv4-sp-d16/libc.a(lib_a-fstatr.o)
                0x0000000008009500                _fstat_r
 .text          0x0000000008009528       0x2c /home/robert/Desktop/Projektwoche/stm/STM32-Toolchain/arm-none-eabi/lib/gcc/arm-none-eabi/4.8.0/../../../../arm-none-eabi/lib/thumb/cortex-m4/float-abi-hard/fpuv4-sp-d16/libc.a(lib_a-lseekr.o)
                0x0000000008009528                _lseek_r
 .text          0x0000000008009554       0x2c /home/robert/Desktop/Projektwoche/stm/STM32-Toolchain/arm-none-eabi/lib/gcc/arm-none-eabi/4.8.0/../../../../arm-none-eabi/lib/thumb/cortex-m4/float-abi-hard/fpuv4-sp-d16/libc.a(lib_a-readr.o)
                0x0000000008009554                _read_r
 .text          0x0000000008009580       0xb8 /home/robert/Desktop/Projektwoche/stm/STM32-Toolchain/arm-none-eabi/lib/gcc/arm-none-eabi/4.8.0/../../../../arm-none-eabi/lib/thumb/cortex-m4/float-abi-hard/fpuv4-sp-d16/libc.a(lib_a-wbuf.o)
                0x0000000008009580                __swbuf_r
                0x0000000008009624                __swbuf
 .text          0x0000000008009638       0xbc /home/robert/Desktop/Projektwoche/stm/STM32-Toolchain/arm-none-eabi/lib/gcc/arm-none-eabi/4.8.0/../../../../arm-none-eabi/lib/thumb/cortex-m4/float-abi-hard/fpuv4-sp-d16/libc.a(lib_a-wcrtomb.o)
                0x0000000008009638                _wcrtomb_r
                0x0000000008009690                wcrtomb
 .text          0x00000000080096f4       0x4c /home/robert/Desktop/Projektwoche/stm/STM32-Toolchain/arm-none-eabi/lib/gcc/arm-none-eabi/4.8.0/../../../../arm-none-eabi/lib/thumb/cortex-m4/float-abi-hard/fpuv4-sp-d16/libc.a(lib_a-wctomb_r.o)
                0x00000000080096f4                __ascii_wctomb
                0x0000000008009710                _wctomb_r
 .text          0x0000000008009740       0x50 /home/robert/Desktop/Projektwoche/stm/STM32-Toolchain/arm-none-eabi/lib/gcc/arm-none-eabi/4.8.0/thumb/cortex-m4/float-abi-hard/fpuv4-sp-d16/libgcc.a(_arm_fixdfsi.o)
                0x0000000008009740                __fixdfsi
                0x0000000008009740                __aeabi_d2iz
                0x0000000008009790                . = ALIGN (0x4)
 *(.rodata*)
 .rodata        0x0000000008009790       0x1c /home/robert/Desktop/Projektwoche/stm/U23_2013_examples/examples/ssd1289/obj/LCD.o
 .rodata        0x00000000080097ac       0x2c /home/robert/Desktop/Projektwoche/stm/U23_2013_examples/examples/ssd1289/obj/main.o
 .rodata.FONT6x8_table
                0x00000000080097d8      0x2f8 /home/robert/Desktop/Projektwoche/stm/U23_2013_examples/examples/ssd1289/obj/AsciiLib.o
 .rodata.FONT8x8_table
                0x0000000008009ad0      0x2f8 /home/robert/Desktop/Projektwoche/stm/U23_2013_examples/examples/ssd1289/obj/AsciiLib.o
 .rodata.MS_GOTHIC_8x16_table
                0x0000000008009dc8      0x5f0 /home/robert/Desktop/Projektwoche/stm/U23_2013_examples/examples/ssd1289/obj/AsciiLib.o
 .rodata.SYSTEM_8x16_table
                0x000000000800a3b8      0x5f0 /home/robert/Desktop/Projektwoche/stm/U23_2013_examples/examples/ssd1289/obj/AsciiLib.o
 .rodata        0x000000000800a9a8       0x6c /home/robert/Desktop/Projektwoche/stm/U23_2013_examples/libs/libsystem/obj/libsystem.a(NewlibSyscalls.o)
 .rodata.__func__.5194
                0x000000000800aa14        0xc /home/robert/Desktop/Projektwoche/stm/U23_2013_examples/libs/libsystem/obj/libsystem.a(NewlibSyscalls.o)
 .rodata.__func__.5200
                0x000000000800aa20        0xc /home/robert/Desktop/Projektwoche/stm/U23_2013_examples/libs/libsystem/obj/libsystem.a(NewlibSyscalls.o)
 .rodata.__func__.5211
                0x000000000800aa2c        0xc /home/robert/Desktop/Projektwoche/stm/U23_2013_examples/libs/libsystem/obj/libsystem.a(NewlibSyscalls.o)
 .rodata.__func__.5217
                0x000000000800aa38        0xc /home/robert/Desktop/Projektwoche/stm/U23_2013_examples/libs/libsystem/obj/libsystem.a(NewlibSyscalls.o)
 .rodata.__func__.5221
                0x000000000800aa44        0xc /home/robert/Desktop/Projektwoche/stm/U23_2013_examples/libs/libsystem/obj/libsystem.a(NewlibSyscalls.o)
 .rodata.__func__.5225
                0x000000000800aa50       0x10 /home/robert/Desktop/Projektwoche/stm/U23_2013_examples/libs/libsystem/obj/libsystem.a(NewlibSyscalls.o)
 .rodata        0x000000000800aa60       0x34 /home/robert/Desktop/Projektwoche/stm/U23_2013_examples/libs/libsystem/obj/libsystem.a(Audio.o)
 .rodata        0x000000000800aa94        0x4 /home/robert/Desktop/Projektwoche/stm/STM32-Toolchain/arm-none-eabi/lib/gcc/arm-none-eabi/4.8.0/../../../../arm-none-eabi/lib/thumb/cortex-m4/float-abi-hard/fpuv4-sp-d16/libc.a(lib_a-impure.o)
                0x000000000800aa94                _global_impure_ptr
 .rodata.str1.4
                0x000000000800aa98        0x2 /home/robert/Desktop/Projektwoche/stm/STM32-Toolchain/arm-none-eabi/lib/gcc/arm-none-eabi/4.8.0/../../../../arm-none-eabi/lib/thumb/cortex-m4/float-abi-hard/fpuv4-sp-d16/libc.a(lib_a-impure.o)
                                          0x4 (size before relaxing)
 *fill*         0x000000000800aa9a        0x2 00
 .rodata        0x000000000800aa9c       0x20 /home/robert/Desktop/Projektwoche/stm/STM32-Toolchain/arm-none-eabi/lib/gcc/arm-none-eabi/4.8.0/../../../../arm-none-eabi/lib/thumb/cortex-m4/float-abi-hard/fpuv4-sp-d16/libc.a(lib_a-vfprintf.o)
 .rodata.str1.4
                0x000000000800aabc       0x42 /home/robert/Desktop/Projektwoche/stm/STM32-Toolchain/arm-none-eabi/lib/gcc/arm-none-eabi/4.8.0/../../../../arm-none-eabi/lib/thumb/cortex-m4/float-abi-hard/fpuv4-sp-d16/libc.a(lib_a-vfprintf.o)
                                         0x44 (size before relaxing)
 *fill*         0x000000000800aafe        0x2 00
 .rodata.str1.4
                0x000000000800ab00       0x10 /home/robert/Desktop/Projektwoche/stm/STM32-Toolchain/arm-none-eabi/lib/gcc/arm-none-eabi/4.8.0/../../../../arm-none-eabi/lib/thumb/cortex-m4/float-abi-hard/fpuv4-sp-d16/libc.a(lib_a-dtoa.o)
                                         0x14 (size before relaxing)
 .rodata.str1.4
                0x000000000800ab10        0xc /home/robert/Desktop/Projektwoche/stm/STM32-Toolchain/arm-none-eabi/lib/gcc/arm-none-eabi/4.8.0/../../../../arm-none-eabi/lib/thumb/cortex-m4/float-abi-hard/fpuv4-sp-d16/libc.a(lib_a-locale.o)
                                         0x14 (size before relaxing)
 *fill*         0x000000000800ab1c        0x4 00
 .rodata        0x000000000800ab20      0x128 /home/robert/Desktop/Projektwoche/stm/STM32-Toolchain/arm-none-eabi/lib/gcc/arm-none-eabi/4.8.0/../../../../arm-none-eabi/lib/thumb/cortex-m4/float-abi-hard/fpuv4-sp-d16/libc.a(lib_a-mprec.o)
                0x000000000800ab30                __mprec_tens
                0x000000000800abf8                __mprec_tinytens
                0x000000000800ac20                __mprec_bigtens
 .rodata        0x000000000800ac48       0x20 /home/robert/Desktop/Projektwoche/stm/STM32-Toolchain/arm-none-eabi/lib/gcc/arm-none-eabi/4.8.0/../../../../arm-none-eabi/lib/thumb/cortex-m4/float-abi-hard/fpuv4-sp-d16/libc.a(lib_a-vfiprintf.o)
 .rodata.str1.4
                0x0000000000000000       0x30 /home/robert/Desktop/Projektwoche/stm/STM32-Toolchain/arm-none-eabi/lib/gcc/arm-none-eabi/4.8.0/../../../../arm-none-eabi/lib/thumb/cortex-m4/float-abi-hard/fpuv4-sp-d16/libc.a(lib_a-vfiprintf.o)
                0x000000000800ac68                . = ALIGN (0x4)
                0x000000000800ac68                __exidx_start = .

.glue_7         0x000000000800ac68        0x0
 .glue_7        0x0000000000000000        0x0 linker stubs

.glue_7t        0x000000000800ac68        0x0
 .glue_7t       0x0000000000000000        0x0 linker stubs

.vfp11_veneer   0x000000000800ac68        0x0
 .vfp11_veneer  0x0000000000000000        0x0 linker stubs

.v4_bx          0x000000000800ac68        0x0
 .v4_bx         0x0000000000000000        0x0 linker stubs

.iplt           0x000000000800ac68        0x0
 .iplt          0x0000000000000000        0x0 /home/robert/Desktop/Projektwoche/stm/U23_2013_examples/examples/ssd1289/obj/SSD1289.o

.rel.dyn        0x000000000800ac68        0x0
 .rel.iplt      0x0000000000000000        0x0 /home/robert/Desktop/Projektwoche/stm/U23_2013_examples/examples/ssd1289/obj/SSD1289.o

.ARM.exidx
 *(.ARM.exidx*)
                0x000000000800ac68                __exidx_end = .
                0x000000000800ac68                _etext = .

.data           0x0000000010000000      0x910 load address 0x000000000800ac68
                0x0000000010000000                _data = .
 *(.data*)
 .data.matrix   0x0000000010000000       0x38 /home/robert/Desktop/Projektwoche/stm/U23_2013_examples/examples/ssd1289/obj/XPT2046.o
                0x0000000010000000                matrix
 .data.APBAHBPrescTable
                0x0000000010000038       0x10 /home/robert/Desktop/Projektwoche/stm/U23_2013_examples/libs/libstm32f4xx/obj/libstm32f4xx.a(stm32f4xx_rcc.o)
 .data.spi_txe  0x0000000010000048        0x1 /home/robert/Desktop/Projektwoche/stm/U23_2013_examples/libs/libsystem/obj/libsystem.a(Spi.o)
 *fill*         0x0000000010000049        0x7 00
 .data          0x0000000010000050      0x430 /home/robert/Desktop/Projektwoche/stm/STM32-Toolchain/arm-none-eabi/lib/gcc/arm-none-eabi/4.8.0/../../../../arm-none-eabi/lib/thumb/cortex-m4/float-abi-hard/fpuv4-sp-d16/libc.a(lib_a-impure.o)
                0x0000000010000050                _impure_ptr
 .data          0x0000000010000480      0x410 /home/robert/Desktop/Projektwoche/stm/STM32-Toolchain/arm-none-eabi/lib/gcc/arm-none-eabi/4.8.0/../../../../arm-none-eabi/lib/thumb/cortex-m4/float-abi-hard/fpuv4-sp-d16/libc.a(lib_a-mallocr.o)
                0x0000000010000480                __malloc_av_
                0x0000000010000888                __malloc_sbrk_base
                0x000000001000088c                __malloc_trim_threshold
 .data          0x0000000010000890       0x7c /home/robert/Desktop/Projektwoche/stm/STM32-Toolchain/arm-none-eabi/lib/gcc/arm-none-eabi/4.8.0/../../../../arm-none-eabi/lib/thumb/cortex-m4/float-abi-hard/fpuv4-sp-d16/libc.a(lib_a-locale.o)
                0x00000000100008b0                __mb_cur_max
 .data          0x000000001000090c        0x4 /home/robert/Desktop/Projektwoche/stm/STM32-Toolchain/arm-none-eabi/lib/gcc/arm-none-eabi/4.8.0/../../../../arm-none-eabi/lib/thumb/cortex-m4/float-abi-hard/fpuv4-sp-d16/libc.a(lib_a-wctomb_r.o)
                0x000000001000090c                __wctomb
                0x0000000010000910                . = ALIGN (0x4)
                0x0000000010000910                _edata = .

.igot.plt       0x0000000010000910        0x0 load address 0x000000000800b578
 .igot.plt      0x0000000000000000        0x0 /home/robert/Desktop/Projektwoche/stm/U23_2013_examples/examples/ssd1289/obj/SSD1289.o

.bss            0x0000000010000910       0x84 load address 0x000000000800b578
 *(.bss*)
 .bss.screen.9461
                0x0000000010000910        0x4 /home/robert/Desktop/Projektwoche/stm/U23_2013_examples/examples/ssd1289/obj/XPT2046.o
 .bss.buttonList
                0x0000000010000914        0x4 /home/robert/Desktop/Projektwoche/stm/U23_2013_examples/examples/ssd1289/obj/LCD.o
                0x0000000010000914                buttonList
 .bss.heap_end.5184
                0x0000000010000918        0x4 /home/robert/Desktop/Projektwoche/stm/U23_2013_examples/libs/libsystem/obj/libsystem.a(NewlibSyscalls.o)
 .bss.SysTickCounter
                0x000000001000091c        0x4 /home/robert/Desktop/Projektwoche/stm/U23_2013_examples/libs/libsystem/obj/libsystem.a(SysTick.o)
                0x000000001000091c                SysTickCounter
 .bss.CurrentDebugDevice
                0x0000000010000920        0x1 /home/robert/Desktop/Projektwoche/stm/U23_2013_examples/libs/libsystem/obj/libsystem.a(Debug.o)
                0x0000000010000920                CurrentDebugDevice
 *fill*         0x0000000010000921        0x3 00
 .bss.CallbackFunction
                0x0000000010000924        0x4 /home/robert/Desktop/Projektwoche/stm/U23_2013_examples/libs/libsystem/obj/libsystem.a(Audio.o)
 .bss.CallbackContext
                0x0000000010000928        0x4 /home/robert/Desktop/Projektwoche/stm/U23_2013_examples/libs/libsystem/obj/libsystem.a(Audio.o)
 .bss.NextBufferSamples
                0x000000001000092c        0x4 /home/robert/Desktop/Projektwoche/stm/U23_2013_examples/libs/libsystem/obj/libsystem.a(Audio.o)
 .bss.NextBufferLength
                0x0000000010000930        0x4 /home/robert/Desktop/Projektwoche/stm/U23_2013_examples/libs/libsystem/obj/libsystem.a(Audio.o)
 .bss.DMARunning
                0x0000000010000934        0x1 /home/robert/Desktop/Projektwoche/stm/U23_2013_examples/libs/libsystem/obj/libsystem.a(Audio.o)
 *fill*         0x0000000010000935        0x3 00
 .bss.BufferNumber
                0x0000000010000938        0x4 /home/robert/Desktop/Projektwoche/stm/U23_2013_examples/libs/libsystem/obj/libsystem.a(Audio.o)
 .bss.spi_running
                0x000000001000093c        0x1 /home/robert/Desktop/Projektwoche/stm/U23_2013_examples/libs/libsystem/obj/libsystem.a(Spi.o)
 .bss.spi_last_byte
                0x000000001000093d        0x1 /home/robert/Desktop/Projektwoche/stm/U23_2013_examples/libs/libsystem/obj/libsystem.a(Spi.o)
 *fill*         0x000000001000093e        0x2 00
 .bss.spi_transmit_buffer
                0x0000000010000940        0x4 /home/robert/Desktop/Projektwoche/stm/U23_2013_examples/libs/libsystem/obj/libsystem.a(Spi.o)
 .bss.spi_receive_buffer
                0x0000000010000944        0x4 /home/robert/Desktop/Projektwoche/stm/U23_2013_examples/libs/libsystem/obj/libsystem.a(Spi.o)
 .bss.spi_data_buffersize
                0x0000000010000948        0x2 /home/robert/Desktop/Projektwoche/stm/U23_2013_examples/libs/libsystem/obj/libsystem.a(Spi.o)
 .bss.spi_data_rx_counter
                0x000000001000094a        0x2 /home/robert/Desktop/Projektwoche/stm/U23_2013_examples/libs/libsystem/obj/libsystem.a(Spi.o)
 .bss.spi_data_tx_counter
                0x000000001000094c        0x2 /home/robert/Desktop/Projektwoche/stm/U23_2013_examples/libs/libsystem/obj/libsystem.a(Spi.o)
 *fill*         0x000000001000094e        0x2 00
 .bss.spi_external_handler
                0x0000000010000950        0x4 /home/robert/Desktop/Projektwoche/stm/U23_2013_examples/libs/libsystem/obj/libsystem.a(Spi.o)
 .bss           0x0000000010000954       0x34 /home/robert/Desktop/Projektwoche/stm/STM32-Toolchain/arm-none-eabi/lib/gcc/arm-none-eabi/4.8.0/../../../../arm-none-eabi/lib/thumb/cortex-m4/float-abi-hard/fpuv4-sp-d16/libc.a(lib_a-mallocr.o)
                0x0000000010000954                __malloc_top_pad
                0x0000000010000958                __malloc_current_mallinfo
                0x0000000010000980                __malloc_max_sbrked_mem
                0x0000000010000984                __malloc_max_total_mem
 *(COMMON)
 COMMON         0x0000000010000988        0x5 /home/robert/Desktop/Projektwoche/stm/U23_2013_examples/libs/libstm32f4xx/obj/libstm32f4xx.a(stm32_ub_onewire.o)
                0x0000000010000988                ow_akt_delay
                0x000000001000098c                ow_ascii_err_flag
 *fill*         0x000000001000098d        0x3 00
 COMMON         0x0000000010000990        0x4 /home/robert/Desktop/Projektwoche/stm/STM32-Toolchain/arm-none-eabi/lib/gcc/arm-none-eabi/4.8.0/../../../../arm-none-eabi/lib/thumb/cortex-m4/float-abi-hard/fpuv4-sp-d16/libc.a(lib_a-reent.o)
                0x0000000010000990                errno
                0x0000000010000994                . = ALIGN (0x4)
                0x0000000010000994                _ebss = .

.ARM.extab
 *(.ARM.extab*)
                0x0000000010000994                . = ALIGN (0x4)
                0x0000000010000994                end = .
                0x0000000010000a00                . = ALIGN (0x100)
                0x0000000010000a00                _start_heap = .

.sram.data      0x0000000020000000        0x0 load address 0x000000000800b578
                0x0000000020000000                __sram_data_start = ABSOLUTE (.)
 *(.sram.data*)
                0x0000000020000000                . = ALIGN (0x4)
                0x000000000800b578                __srom_data_start = LOADADDR (.sram.data)
                0x0000000020000000                __sram_data_end = .
                0x0000000020000000                PROVIDE (__sram_data_end, .)
                0x000000000800b578                PROVIDE (__srom_data_end, (LOADADDR (.sram.data) + SIZEOF (.sram.data)))

.sram.bss       0x0000000020000000      0x400 load address 0x000000000800b578
                0x0000000020000000                __sram_bss_start = ABSOLUTE (.)
 *(.sram.bss*)
 .sram.bss      0x0000000020000000      0x400 /home/robert/Desktop/Projektwoche/stm/U23_2013_examples/libs/libsystem/obj/libsystem.a(Audio.o)
                0x0000000020000400                . = ALIGN (0x4)
                0x0000000020000400                __sram_bss_end = .
                0x0000000020000400                PROVIDE (__sram_bss_end, .)
                0x0000000010010000                PROVIDE (_stack, (ORIGIN (ccmram) + 0x10000))
LOAD /home/robert/Desktop/Projektwoche/stm/U23_2013_examples/examples/ssd1289/obj/SSD1289.o
LOAD /home/robert/Desktop/Projektwoche/stm/U23_2013_examples/examples/ssd1289/obj/XPT2046.o
LOAD /home/robert/Desktop/Projektwoche/stm/U23_2013_examples/examples/ssd1289/obj/LCD.o
LOAD /home/robert/Desktop/Projektwoche/stm/U23_2013_examples/examples/ssd1289/obj/main.o
LOAD /home/robert/Desktop/Projektwoche/stm/U23_2013_examples/examples/ssd1289/obj/AsciiLib.o
LOAD /home/robert/Desktop/Projektwoche/stm/U23_2013_examples/libs/libCMSIS/obj/libCMSIS.a
LOAD /home/robert/Desktop/Projektwoche/stm/U23_2013_examples/libs/libstm32f4xx/obj/libstm32f4xx.a
LOAD /home/robert/Desktop/Projektwoche/stm/U23_2013_examples/libs/libsystem/obj/libsystem.a
LOAD /home/robert/Desktop/Projektwoche/stm/STM32-Toolchain/arm-none-eabi/lib/gcc/arm-none-eabi/4.8.0/../../../../arm-none-eabi/lib/thumb/cortex-m4/float-abi-hard/fpuv4-sp-d16/libm.a
START GROUP
LOAD /home/robert/Desktop/Projektwoche/stm/STM32-Toolchain/arm-none-eabi/lib/gcc/arm-none-eabi/4.8.0/thumb/cortex-m4/float-abi-hard/fpuv4-sp-d16/libgcc.a
LOAD /home/robert/Desktop/Projektwoche/stm/STM32-Toolchain/arm-none-eabi/lib/gcc/arm-none-eabi/4.8.0/../../../../arm-none-eabi/lib/thumb/cortex-m4/float-abi-hard/fpuv4-sp-d16/libc.a
END GROUP
OUTPUT(/home/robert/Desktop/Projektwoche/stm/U23_2013_examples/examples/ssd1289/obj/ssd1289.elf elf32-littlearm)

.debug_info     0x0000000000000000    0x274c2
 .debug_info    0x0000000000000000      0xf7b /home/robert/Desktop/Projektwoche/stm/U23_2013_examples/examples/ssd1289/obj/SSD1289.o
 .debug_info    0x0000000000000f7b      0x8b4 /home/robert/Desktop/Projektwoche/stm/U23_2013_examples/examples/ssd1289/obj/XPT2046.o
 .debug_info    0x000000000000182f      0x501 /home/robert/Desktop/Projektwoche/stm/U23_2013_examples/examples/ssd1289/obj/LCD.o
 .debug_info    0x0000000000001d30      0x9b6 /home/robert/Desktop/Projektwoche/stm/U23_2013_examples/examples/ssd1289/obj/main.o
 .debug_info    0x00000000000026e6      0x14c /home/robert/Desktop/Projektwoche/stm/U23_2013_examples/examples/ssd1289/obj/AsciiLib.o
 .debug_info    0x0000000000002832      0x573 /home/robert/Desktop/Projektwoche/stm/U23_2013_examples/libs/libCMSIS/obj/libCMSIS.a(system_stm32f4xx.o)
 .debug_info    0x0000000000002da5      0x15c /home/robert/Desktop/Projektwoche/stm/U23_2013_examples/libs/libCMSIS/obj/libCMSIS.a(startup_stm32f4xx.o)
 .debug_info    0x0000000000002f01      0x51c /home/robert/Desktop/Projektwoche/stm/U23_2013_examples/libs/libstm32f4xx/obj/libstm32f4xx.a(misc.o)
 .debug_info    0x000000000000341d     0x1c35 /home/robert/Desktop/Projektwoche/stm/U23_2013_examples/libs/libstm32f4xx/obj/libstm32f4xx.a(stm32f4xx_tim.o)
 .debug_info    0x0000000000005052      0x996 /home/robert/Desktop/Projektwoche/stm/U23_2013_examples/libs/libstm32f4xx/obj/libstm32f4xx.a(stm32f4xx_usart.o)
 .debug_info    0x00000000000059e8      0xc47 /home/robert/Desktop/Projektwoche/stm/U23_2013_examples/libs/libstm32f4xx/obj/libstm32f4xx.a(stm32f4xx_rcc.o)
 .debug_info    0x000000000000662f      0xadb /home/robert/Desktop/Projektwoche/stm/U23_2013_examples/libs/libstm32f4xx/obj/libstm32f4xx.a(stm32f4xx_spi.o)
 .debug_info    0x000000000000710a      0x718 /home/robert/Desktop/Projektwoche/stm/U23_2013_examples/libs/libstm32f4xx/obj/libstm32f4xx.a(stm32f4xx_dma.o)
 .debug_info    0x0000000000007822      0x5d9 /home/robert/Desktop/Projektwoche/stm/U23_2013_examples/libs/libstm32f4xx/obj/libstm32f4xx.a(stm32f4xx_gpio.o)
 .debug_info    0x0000000000007dfb      0x25e /home/robert/Desktop/Projektwoche/stm/U23_2013_examples/libs/libstm32f4xx/obj/libstm32f4xx.a(stm32f4xx_rng.o)
 .debug_info    0x0000000000008059      0xb99 /home/robert/Desktop/Projektwoche/stm/U23_2013_examples/libs/libstm32f4xx/obj/libstm32f4xx.a(stm32_ub_onewire.o)
 .debug_info    0x0000000000008bf2      0xe7b /home/robert/Desktop/Projektwoche/stm/U23_2013_examples/libs/libsystem/obj/libsystem.a(NewlibSyscalls.o)
 .debug_info    0x0000000000009a6d       0xcc /home/robert/Desktop/Projektwoche/stm/U23_2013_examples/libs/libsystem/obj/libsystem.a(SysTick.o)
 .debug_info    0x0000000000009b39      0xb87 /home/robert/Desktop/Projektwoche/stm/U23_2013_examples/libs/libsystem/obj/libsystem.a(Debug.o)
 .debug_info    0x000000000000a6c0      0x4c4 /home/robert/Desktop/Projektwoche/stm/U23_2013_examples/libs/libsystem/obj/libsystem.a(USART.o)
 .debug_info    0x000000000000ab84      0xc2d /home/robert/Desktop/Projektwoche/stm/U23_2013_examples/libs/libsystem/obj/libsystem.a(Audio.o)
 .debug_info    0x000000000000b7b1      0x851 /home/robert/Desktop/Projektwoche/stm/U23_2013_examples/libs/libsystem/obj/libsystem.a(Spi.o)
 .debug_info    0x000000000000c002      0x280 /home/robert/Desktop/Projektwoche/stm/U23_2013_examples/libs/libsystem/obj/libsystem.a(LED.o)
 .debug_info    0x000000000000c282      0x6ca /home/robert/Desktop/Projektwoche/stm/U23_2013_examples/libs/libsystem/obj/libsystem.a(Init.o)
 .debug_info    0x000000000000c94c       0xef /home/robert/Desktop/Projektwoche/stm/STM32-Toolchain/arm-none-eabi/lib/gcc/arm-none-eabi/4.8.0/thumb/cortex-m4/float-abi-hard/fpuv4-sp-d16/libgcc.a(_arm_addsubdf3.o)
 .debug_info    0x000000000000ca3b       0xef /home/robert/Desktop/Projektwoche/stm/STM32-Toolchain/arm-none-eabi/lib/gcc/arm-none-eabi/4.8.0/thumb/cortex-m4/float-abi-hard/fpuv4-sp-d16/libgcc.a(_arm_muldivdf3.o)
 .debug_info    0x000000000000cb2a       0xef /home/robert/Desktop/Projektwoche/stm/STM32-Toolchain/arm-none-eabi/lib/gcc/arm-none-eabi/4.8.0/thumb/cortex-m4/float-abi-hard/fpuv4-sp-d16/libgcc.a(_arm_cmpdf2.o)
 .debug_info    0x000000000000cc19       0xef /home/robert/Desktop/Projektwoche/stm/STM32-Toolchain/arm-none-eabi/lib/gcc/arm-none-eabi/4.8.0/thumb/cortex-m4/float-abi-hard/fpuv4-sp-d16/libgcc.a(_arm_fixunsdfsi.o)
 .debug_info    0x000000000000cd08      0x889 /home/robert/Desktop/Projektwoche/stm/STM32-Toolchain/arm-none-eabi/lib/gcc/arm-none-eabi/4.8.0/../../../../arm-none-eabi/lib/thumb/cortex-m4/float-abi-hard/fpuv4-sp-d16/libc.a(lib_a-errno.o)
 .debug_info    0x000000000000d591      0x9c2 /home/robert/Desktop/Projektwoche/stm/STM32-Toolchain/arm-none-eabi/lib/gcc/arm-none-eabi/4.8.0/../../../../arm-none-eabi/lib/thumb/cortex-m4/float-abi-hard/fpuv4-sp-d16/libc.a(lib_a-fprintf.o)
 .debug_info    0x000000000000df53      0xa4e /home/robert/Desktop/Projektwoche/stm/STM32-Toolchain/arm-none-eabi/lib/gcc/arm-none-eabi/4.8.0/../../../../arm-none-eabi/lib/thumb/cortex-m4/float-abi-hard/fpuv4-sp-d16/libc.a(lib_a-fwrite.o)
 .debug_info    0x000000000000e9a1      0x894 /home/robert/Desktop/Projektwoche/stm/STM32-Toolchain/arm-none-eabi/lib/gcc/arm-none-eabi/4.8.0/../../../../arm-none-eabi/lib/thumb/cortex-m4/float-abi-hard/fpuv4-sp-d16/libc.a(lib_a-impure.o)
 .debug_info    0x000000000000f235      0x915 /home/robert/Desktop/Projektwoche/stm/STM32-Toolchain/arm-none-eabi/lib/gcc/arm-none-eabi/4.8.0/../../../../arm-none-eabi/lib/thumb/cortex-m4/float-abi-hard/fpuv4-sp-d16/libc.a(lib_a-malloc.o)
 .debug_info    0x000000000000fb4a      0xd81 /home/robert/Desktop/Projektwoche/stm/STM32-Toolchain/arm-none-eabi/lib/gcc/arm-none-eabi/4.8.0/../../../../arm-none-eabi/lib/thumb/cortex-m4/float-abi-hard/fpuv4-sp-d16/libc.a(lib_a-mallocr.o)
 .debug_info    0x00000000000108cb      0x131 /home/robert/Desktop/Projektwoche/stm/STM32-Toolchain/arm-none-eabi/lib/gcc/arm-none-eabi/4.8.0/../../../../arm-none-eabi/lib/thumb/cortex-m4/float-abi-hard/fpuv4-sp-d16/libc.a(lib_a-memcpy-stub.o)
 .debug_info    0x00000000000109fc      0x117 /home/robert/Desktop/Projektwoche/stm/STM32-Toolchain/arm-none-eabi/lib/gcc/arm-none-eabi/4.8.0/../../../../arm-none-eabi/lib/thumb/cortex-m4/float-abi-hard/fpuv4-sp-d16/libc.a(lib_a-memset.o)
 .debug_info    0x0000000000010b13      0x8b4 /home/robert/Desktop/Projektwoche/stm/STM32-Toolchain/arm-none-eabi/lib/gcc/arm-none-eabi/4.8.0/../../../../arm-none-eabi/lib/thumb/cortex-m4/float-abi-hard/fpuv4-sp-d16/libc.a(lib_a-mlock.o)
 .debug_info    0x00000000000113c7      0x9ab /home/robert/Desktop/Projektwoche/stm/STM32-Toolchain/arm-none-eabi/lib/gcc/arm-none-eabi/4.8.0/../../../../arm-none-eabi/lib/thumb/cortex-m4/float-abi-hard/fpuv4-sp-d16/libc.a(lib_a-printf.o)
 .debug_info    0x0000000000011d72      0x8f4 /home/robert/Desktop/Projektwoche/stm/STM32-Toolchain/arm-none-eabi/lib/gcc/arm-none-eabi/4.8.0/../../../../arm-none-eabi/lib/thumb/cortex-m4/float-abi-hard/fpuv4-sp-d16/libc.a(lib_a-sbrkr.o)
 .debug_info    0x0000000000012666      0x997 /home/robert/Desktop/Projektwoche/stm/STM32-Toolchain/arm-none-eabi/lib/gcc/arm-none-eabi/4.8.0/../../../../arm-none-eabi/lib/thumb/cortex-m4/float-abi-hard/fpuv4-sp-d16/libc.a(lib_a-setvbuf.o)
 .debug_info    0x0000000000012ffd       0xbd /home/robert/Desktop/Projektwoche/stm/STM32-Toolchain/arm-none-eabi/lib/gcc/arm-none-eabi/4.8.0/../../../../arm-none-eabi/lib/thumb/cortex-m4/float-abi-hard/fpuv4-sp-d16/libc.a(lib_a-strcpy.o)
 .debug_info    0x00000000000130ba       0xb5 /home/robert/Desktop/Projektwoche/stm/STM32-Toolchain/arm-none-eabi/lib/gcc/arm-none-eabi/4.8.0/../../../../arm-none-eabi/lib/thumb/cortex-m4/float-abi-hard/fpuv4-sp-d16/libc.a(lib_a-strlen.o)
 .debug_info    0x000000000001316f     0x17ff /home/robert/Desktop/Projektwoche/stm/STM32-Toolchain/arm-none-eabi/lib/gcc/arm-none-eabi/4.8.0/../../../../arm-none-eabi/lib/thumb/cortex-m4/float-abi-hard/fpuv4-sp-d16/libc.a(lib_a-vfprintf.o)
 .debug_info    0x000000000001496e      0x922 /home/robert/Desktop/Projektwoche/stm/STM32-Toolchain/arm-none-eabi/lib/gcc/arm-none-eabi/4.8.0/../../../../arm-none-eabi/lib/thumb/cortex-m4/float-abi-hard/fpuv4-sp-d16/libc.a(lib_a-wsetup.o)
 .debug_info    0x0000000000015290     0x1331 /home/robert/Desktop/Projektwoche/stm/STM32-Toolchain/arm-none-eabi/lib/gcc/arm-none-eabi/4.8.0/../../../../arm-none-eabi/lib/thumb/cortex-m4/float-abi-hard/fpuv4-sp-d16/libc.a(lib_a-dtoa.o)
 .debug_info    0x00000000000165c1      0xa96 /home/robert/Desktop/Projektwoche/stm/STM32-Toolchain/arm-none-eabi/lib/gcc/arm-none-eabi/4.8.0/../../../../arm-none-eabi/lib/thumb/cortex-m4/float-abi-hard/fpuv4-sp-d16/libc.a(lib_a-fflush.o)
 .debug_info    0x0000000000017057      0xd11 /home/robert/Desktop/Projektwoche/stm/STM32-Toolchain/arm-none-eabi/lib/gcc/arm-none-eabi/4.8.0/../../../../arm-none-eabi/lib/thumb/cortex-m4/float-abi-hard/fpuv4-sp-d16/libc.a(lib_a-findfp.o)
 .debug_info    0x0000000000017d68      0xc1c /home/robert/Desktop/Projektwoche/stm/STM32-Toolchain/arm-none-eabi/lib/gcc/arm-none-eabi/4.8.0/../../../../arm-none-eabi/lib/thumb/cortex-m4/float-abi-hard/fpuv4-sp-d16/libc.a(lib_a-freer.o)
 .debug_info    0x0000000000018984      0xc6e /home/robert/Desktop/Projektwoche/stm/STM32-Toolchain/arm-none-eabi/lib/gcc/arm-none-eabi/4.8.0/../../../../arm-none-eabi/lib/thumb/cortex-m4/float-abi-hard/fpuv4-sp-d16/libc.a(lib_a-fvwrite.o)
 .debug_info    0x00000000000195f2      0x99c /home/robert/Desktop/Projektwoche/stm/STM32-Toolchain/arm-none-eabi/lib/gcc/arm-none-eabi/4.8.0/../../../../arm-none-eabi/lib/thumb/cortex-m4/float-abi-hard/fpuv4-sp-d16/libc.a(lib_a-fwalk.o)
 .debug_info    0x0000000000019f8e      0xbe5 /home/robert/Desktop/Projektwoche/stm/STM32-Toolchain/arm-none-eabi/lib/gcc/arm-none-eabi/4.8.0/../../../../arm-none-eabi/lib/thumb/cortex-m4/float-abi-hard/fpuv4-sp-d16/libc.a(lib_a-locale.o)
 .debug_info    0x000000000001ab73      0xae6 /home/robert/Desktop/Projektwoche/stm/STM32-Toolchain/arm-none-eabi/lib/gcc/arm-none-eabi/4.8.0/../../../../arm-none-eabi/lib/thumb/cortex-m4/float-abi-hard/fpuv4-sp-d16/libc.a(lib_a-makebuf.o)
 .debug_info    0x000000000001b659      0x129 /home/robert/Desktop/Projektwoche/stm/STM32-Toolchain/arm-none-eabi/lib/gcc/arm-none-eabi/4.8.0/../../../../arm-none-eabi/lib/thumb/cortex-m4/float-abi-hard/fpuv4-sp-d16/libc.a(lib_a-memchr-stub.o)
 .debug_info    0x000000000001b782      0x131 /home/robert/Desktop/Projektwoche/stm/STM32-Toolchain/arm-none-eabi/lib/gcc/arm-none-eabi/4.8.0/../../../../arm-none-eabi/lib/thumb/cortex-m4/float-abi-hard/fpuv4-sp-d16/libc.a(lib_a-memmove.o)
 .debug_info    0x000000000001b8b3     0x1683 /home/robert/Desktop/Projektwoche/stm/STM32-Toolchain/arm-none-eabi/lib/gcc/arm-none-eabi/4.8.0/../../../../arm-none-eabi/lib/thumb/cortex-m4/float-abi-hard/fpuv4-sp-d16/libc.a(lib_a-mprec.o)
 .debug_info    0x000000000001cf36      0xcca /home/robert/Desktop/Projektwoche/stm/STM32-Toolchain/arm-none-eabi/lib/gcc/arm-none-eabi/4.8.0/../../../../arm-none-eabi/lib/thumb/cortex-m4/float-abi-hard/fpuv4-sp-d16/libc.a(lib_a-reallocr.o)
 .debug_info    0x000000000001dc00      0xa46 /home/robert/Desktop/Projektwoche/stm/STM32-Toolchain/arm-none-eabi/lib/gcc/arm-none-eabi/4.8.0/../../../../arm-none-eabi/lib/thumb/cortex-m4/float-abi-hard/fpuv4-sp-d16/libc.a(lib_a-reent.o)
 .debug_info    0x000000000001e646      0x14b /home/robert/Desktop/Projektwoche/stm/STM32-Toolchain/arm-none-eabi/lib/gcc/arm-none-eabi/4.8.0/../../../../arm-none-eabi/lib/thumb/cortex-m4/float-abi-hard/fpuv4-sp-d16/libc.a(lib_a-s_fpclassify.o)
 .debug_info    0x000000000001e791      0xb7f /home/robert/Desktop/Projektwoche/stm/STM32-Toolchain/arm-none-eabi/lib/gcc/arm-none-eabi/4.8.0/../../../../arm-none-eabi/lib/thumb/cortex-m4/float-abi-hard/fpuv4-sp-d16/libc.a(lib_a-stdio.o)
 .debug_info    0x000000000001f310      0x10b /home/robert/Desktop/Projektwoche/stm/STM32-Toolchain/arm-none-eabi/lib/gcc/arm-none-eabi/4.8.0/../../../../arm-none-eabi/lib/thumb/cortex-m4/float-abi-hard/fpuv4-sp-d16/libc.a(lib_a-strcmp.o)
 .debug_info    0x000000000001f41b     0x1515 /home/robert/Desktop/Projektwoche/stm/STM32-Toolchain/arm-none-eabi/lib/gcc/arm-none-eabi/4.8.0/../../../../arm-none-eabi/lib/thumb/cortex-m4/float-abi-hard/fpuv4-sp-d16/libc.a(lib_a-vfiprintf.o)
 .debug_info    0x0000000000020930      0x929 /home/robert/Desktop/Projektwoche/stm/STM32-Toolchain/arm-none-eabi/lib/gcc/arm-none-eabi/4.8.0/../../../../arm-none-eabi/lib/thumb/cortex-m4/float-abi-hard/fpuv4-sp-d16/libc.a(lib_a-writer.o)
 .debug_info    0x0000000000021259      0x9e0 /home/robert/Desktop/Projektwoche/stm/STM32-Toolchain/arm-none-eabi/lib/gcc/arm-none-eabi/4.8.0/../../../../arm-none-eabi/lib/thumb/cortex-m4/float-abi-hard/fpuv4-sp-d16/libc.a(lib_a-callocr.o)
 .debug_info    0x0000000000021c39      0x8e0 /home/robert/Desktop/Projektwoche/stm/STM32-Toolchain/arm-none-eabi/lib/gcc/arm-none-eabi/4.8.0/../../../../arm-none-eabi/lib/thumb/cortex-m4/float-abi-hard/fpuv4-sp-d16/libc.a(lib_a-closer.o)
 .debug_info    0x0000000000022519      0x9c6 /home/robert/Desktop/Projektwoche/stm/STM32-Toolchain/arm-none-eabi/lib/gcc/arm-none-eabi/4.8.0/../../../../arm-none-eabi/lib/thumb/cortex-m4/float-abi-hard/fpuv4-sp-d16/libc.a(lib_a-fclose.o)
 .debug_info    0x0000000000022edf      0xa94 /home/robert/Desktop/Projektwoche/stm/STM32-Toolchain/arm-none-eabi/lib/gcc/arm-none-eabi/4.8.0/../../../../arm-none-eabi/lib/thumb/cortex-m4/float-abi-hard/fpuv4-sp-d16/libc.a(lib_a-fputwc.o)
 .debug_info    0x0000000000023973      0xa5e /home/robert/Desktop/Projektwoche/stm/STM32-Toolchain/arm-none-eabi/lib/gcc/arm-none-eabi/4.8.0/../../../../arm-none-eabi/lib/thumb/cortex-m4/float-abi-hard/fpuv4-sp-d16/libc.a(lib_a-fstatr.o)
 .debug_info    0x00000000000243d1      0x90c /home/robert/Desktop/Projektwoche/stm/STM32-Toolchain/arm-none-eabi/lib/gcc/arm-none-eabi/4.8.0/../../../../arm-none-eabi/lib/thumb/cortex-m4/float-abi-hard/fpuv4-sp-d16/libc.a(lib_a-lseekr.o)
 .debug_info    0x0000000000024cdd      0x922 /home/robert/Desktop/Projektwoche/stm/STM32-Toolchain/arm-none-eabi/lib/gcc/arm-none-eabi/4.8.0/../../../../arm-none-eabi/lib/thumb/cortex-m4/float-abi-hard/fpuv4-sp-d16/libc.a(lib_a-readr.o)
 .debug_info    0x00000000000255ff      0x9b7 /home/robert/Desktop/Projektwoche/stm/STM32-Toolchain/arm-none-eabi/lib/gcc/arm-none-eabi/4.8.0/../../../../arm-none-eabi/lib/thumb/cortex-m4/float-abi-hard/fpuv4-sp-d16/libc.a(lib_a-wbuf.o)
 .debug_info    0x0000000000025fb6      0xa68 /home/robert/Desktop/Projektwoche/stm/STM32-Toolchain/arm-none-eabi/lib/gcc/arm-none-eabi/4.8.0/../../../../arm-none-eabi/lib/thumb/cortex-m4/float-abi-hard/fpuv4-sp-d16/libc.a(lib_a-wcrtomb.o)
 .debug_info    0x0000000000026a1e      0x9b5 /home/robert/Desktop/Projektwoche/stm/STM32-Toolchain/arm-none-eabi/lib/gcc/arm-none-eabi/4.8.0/../../../../arm-none-eabi/lib/thumb/cortex-m4/float-abi-hard/fpuv4-sp-d16/libc.a(lib_a-wctomb_r.o)
 .debug_info    0x00000000000273d3       0xef /home/robert/Desktop/Projektwoche/stm/STM32-Toolchain/arm-none-eabi/lib/gcc/arm-none-eabi/4.8.0/thumb/cortex-m4/float-abi-hard/fpuv4-sp-d16/libgcc.a(_arm_fixdfsi.o)

.debug_abbrev   0x0000000000000000     0x7d93
 .debug_abbrev  0x0000000000000000      0x237 /home/robert/Desktop/Projektwoche/stm/U23_2013_examples/examples/ssd1289/obj/SSD1289.o
 .debug_abbrev  0x0000000000000237      0x239 /home/robert/Desktop/Projektwoche/stm/U23_2013_examples/examples/ssd1289/obj/XPT2046.o
 .debug_abbrev  0x0000000000000470      0x1c7 /home/robert/Desktop/Projektwoche/stm/U23_2013_examples/examples/ssd1289/obj/LCD.o
 .debug_abbrev  0x0000000000000637      0x24d /home/robert/Desktop/Projektwoche/stm/U23_2013_examples/examples/ssd1289/obj/main.o
 .debug_abbrev  0x0000000000000884       0x9e /home/robert/Desktop/Projektwoche/stm/U23_2013_examples/examples/ssd1289/obj/AsciiLib.o
 .debug_abbrev  0x0000000000000922      0x136 /home/robert/Desktop/Projektwoche/stm/U23_2013_examples/libs/libCMSIS/obj/libCMSIS.a(system_stm32f4xx.o)
 .debug_abbrev  0x0000000000000a58       0xcc /home/robert/Desktop/Projektwoche/stm/U23_2013_examples/libs/libCMSIS/obj/libCMSIS.a(startup_stm32f4xx.o)
 .debug_abbrev  0x0000000000000b24      0x145 /home/robert/Desktop/Projektwoche/stm/U23_2013_examples/libs/libstm32f4xx/obj/libstm32f4xx.a(misc.o)
 .debug_abbrev  0x0000000000000c69      0x187 /home/robert/Desktop/Projektwoche/stm/U23_2013_examples/libs/libstm32f4xx/obj/libstm32f4xx.a(stm32f4xx_tim.o)
 .debug_abbrev  0x0000000000000df0      0x155 /home/robert/Desktop/Projektwoche/stm/U23_2013_examples/libs/libstm32f4xx/obj/libstm32f4xx.a(stm32f4xx_usart.o)
 .debug_abbrev  0x0000000000000f45      0x1e3 /home/robert/Desktop/Projektwoche/stm/U23_2013_examples/libs/libstm32f4xx/obj/libstm32f4xx.a(stm32f4xx_rcc.o)
 .debug_abbrev  0x0000000000001128      0x167 /home/robert/Desktop/Projektwoche/stm/U23_2013_examples/libs/libstm32f4xx/obj/libstm32f4xx.a(stm32f4xx_spi.o)
 .debug_abbrev  0x000000000000128f      0x155 /home/robert/Desktop/Projektwoche/stm/U23_2013_examples/libs/libstm32f4xx/obj/libstm32f4xx.a(stm32f4xx_dma.o)
 .debug_abbrev  0x00000000000013e4      0x1a3 /home/robert/Desktop/Projektwoche/stm/U23_2013_examples/libs/libstm32f4xx/obj/libstm32f4xx.a(stm32f4xx_gpio.o)
 .debug_abbrev  0x0000000000001587      0x144 /home/robert/Desktop/Projektwoche/stm/U23_2013_examples/libs/libstm32f4xx/obj/libstm32f4xx.a(stm32f4xx_rng.o)
 .debug_abbrev  0x00000000000016cb      0x243 /home/robert/Desktop/Projektwoche/stm/U23_2013_examples/libs/libstm32f4xx/obj/libstm32f4xx.a(stm32_ub_onewire.o)
 .debug_abbrev  0x000000000000190e      0x231 /home/robert/Desktop/Projektwoche/stm/U23_2013_examples/libs/libsystem/obj/libsystem.a(NewlibSyscalls.o)
 .debug_abbrev  0x0000000000001b3f       0x9b /home/robert/Desktop/Projektwoche/stm/U23_2013_examples/libs/libsystem/obj/libsystem.a(SysTick.o)
 .debug_abbrev  0x0000000000001bda      0x236 /home/robert/Desktop/Projektwoche/stm/U23_2013_examples/libs/libsystem/obj/libsystem.a(Debug.o)
 .debug_abbrev  0x0000000000001e10      0x13c /home/robert/Desktop/Projektwoche/stm/U23_2013_examples/libs/libsystem/obj/libsystem.a(USART.o)
 .debug_abbrev  0x0000000000001f4c      0x20c /home/robert/Desktop/Projektwoche/stm/U23_2013_examples/libs/libsystem/obj/libsystem.a(Audio.o)
 .debug_abbrev  0x0000000000002158      0x1b4 /home/robert/Desktop/Projektwoche/stm/U23_2013_examples/libs/libsystem/obj/libsystem.a(Spi.o)
 .debug_abbrev  0x000000000000230c       0xff /home/robert/Desktop/Projektwoche/stm/U23_2013_examples/libs/libsystem/obj/libsystem.a(LED.o)
 .debug_abbrev  0x000000000000240b      0x170 /home/robert/Desktop/Projektwoche/stm/U23_2013_examples/libs/libsystem/obj/libsystem.a(Init.o)
 .debug_abbrev  0x000000000000257b       0x14 /home/robert/Desktop/Projektwoche/stm/STM32-Toolchain/arm-none-eabi/lib/gcc/arm-none-eabi/4.8.0/thumb/cortex-m4/float-abi-hard/fpuv4-sp-d16/libgcc.a(_arm_addsubdf3.o)
 .debug_abbrev  0x000000000000258f       0x14 /home/robert/Desktop/Projektwoche/stm/STM32-Toolchain/arm-none-eabi/lib/gcc/arm-none-eabi/4.8.0/thumb/cortex-m4/float-abi-hard/fpuv4-sp-d16/libgcc.a(_arm_muldivdf3.o)
 .debug_abbrev  0x00000000000025a3       0x14 /home/robert/Desktop/Projektwoche/stm/STM32-Toolchain/arm-none-eabi/lib/gcc/arm-none-eabi/4.8.0/thumb/cortex-m4/float-abi-hard/fpuv4-sp-d16/libgcc.a(_arm_cmpdf2.o)
 .debug_abbrev  0x00000000000025b7       0x14 /home/robert/Desktop/Projektwoche/stm/STM32-Toolchain/arm-none-eabi/lib/gcc/arm-none-eabi/4.8.0/thumb/cortex-m4/float-abi-hard/fpuv4-sp-d16/libgcc.a(_arm_fixunsdfsi.o)
 .debug_abbrev  0x00000000000025cb      0x18f /home/robert/Desktop/Projektwoche/stm/STM32-Toolchain/arm-none-eabi/lib/gcc/arm-none-eabi/4.8.0/../../../../arm-none-eabi/lib/thumb/cortex-m4/float-abi-hard/fpuv4-sp-d16/libc.a(lib_a-errno.o)
 .debug_abbrev  0x000000000000275a      0x216 /home/robert/Desktop/Projektwoche/stm/STM32-Toolchain/arm-none-eabi/lib/gcc/arm-none-eabi/4.8.0/../../../../arm-none-eabi/lib/thumb/cortex-m4/float-abi-hard/fpuv4-sp-d16/libc.a(lib_a-fprintf.o)
 .debug_abbrev  0x0000000000002970      0x234 /home/robert/Desktop/Projektwoche/stm/STM32-Toolchain/arm-none-eabi/lib/gcc/arm-none-eabi/4.8.0/../../../../arm-none-eabi/lib/thumb/cortex-m4/float-abi-hard/fpuv4-sp-d16/libc.a(lib_a-fwrite.o)
 .debug_abbrev  0x0000000000002ba4      0x180 /home/robert/Desktop/Projektwoche/stm/STM32-Toolchain/arm-none-eabi/lib/gcc/arm-none-eabi/4.8.0/../../../../arm-none-eabi/lib/thumb/cortex-m4/float-abi-hard/fpuv4-sp-d16/libc.a(lib_a-impure.o)
 .debug_abbrev  0x0000000000002d24      0x1fa /home/robert/Desktop/Projektwoche/stm/STM32-Toolchain/arm-none-eabi/lib/gcc/arm-none-eabi/4.8.0/../../../../arm-none-eabi/lib/thumb/cortex-m4/float-abi-hard/fpuv4-sp-d16/libc.a(lib_a-malloc.o)
 .debug_abbrev  0x0000000000002f1e      0x2a2 /home/robert/Desktop/Projektwoche/stm/STM32-Toolchain/arm-none-eabi/lib/gcc/arm-none-eabi/4.8.0/../../../../arm-none-eabi/lib/thumb/cortex-m4/float-abi-hard/fpuv4-sp-d16/libc.a(lib_a-mallocr.o)
 .debug_abbrev  0x00000000000031c0       0xab /home/robert/Desktop/Projektwoche/stm/STM32-Toolchain/arm-none-eabi/lib/gcc/arm-none-eabi/4.8.0/../../../../arm-none-eabi/lib/thumb/cortex-m4/float-abi-hard/fpuv4-sp-d16/libc.a(lib_a-memcpy-stub.o)
 .debug_abbrev  0x000000000000326b       0x9f /home/robert/Desktop/Projektwoche/stm/STM32-Toolchain/arm-none-eabi/lib/gcc/arm-none-eabi/4.8.0/../../../../arm-none-eabi/lib/thumb/cortex-m4/float-abi-hard/fpuv4-sp-d16/libc.a(lib_a-memset.o)
 .debug_abbrev  0x000000000000330a      0x19a /home/robert/Desktop/Projektwoche/stm/STM32-Toolchain/arm-none-eabi/lib/gcc/arm-none-eabi/4.8.0/../../../../arm-none-eabi/lib/thumb/cortex-m4/float-abi-hard/fpuv4-sp-d16/libc.a(lib_a-mlock.o)
 .debug_abbrev  0x00000000000034a4      0x227 /home/robert/Desktop/Projektwoche/stm/STM32-Toolchain/arm-none-eabi/lib/gcc/arm-none-eabi/4.8.0/../../../../arm-none-eabi/lib/thumb/cortex-m4/float-abi-hard/fpuv4-sp-d16/libc.a(lib_a-printf.o)
 .debug_abbrev  0x00000000000036cb      0x1fd /home/robert/Desktop/Projektwoche/stm/STM32-Toolchain/arm-none-eabi/lib/gcc/arm-none-eabi/4.8.0/../../../../arm-none-eabi/lib/thumb/cortex-m4/float-abi-hard/fpuv4-sp-d16/libc.a(lib_a-sbrkr.o)
 .debug_abbrev  0x00000000000038c8      0x235 /home/robert/Desktop/Projektwoche/stm/STM32-Toolchain/arm-none-eabi/lib/gcc/arm-none-eabi/4.8.0/../../../../arm-none-eabi/lib/thumb/cortex-m4/float-abi-hard/fpuv4-sp-d16/libc.a(lib_a-setvbuf.o)
 .debug_abbrev  0x0000000000003afd       0x72 /home/robert/Desktop/Projektwoche/stm/STM32-Toolchain/arm-none-eabi/lib/gcc/arm-none-eabi/4.8.0/../../../../arm-none-eabi/lib/thumb/cortex-m4/float-abi-hard/fpuv4-sp-d16/libc.a(lib_a-strcpy.o)
 .debug_abbrev  0x0000000000003b6f       0x70 /home/robert/Desktop/Projektwoche/stm/STM32-Toolchain/arm-none-eabi/lib/gcc/arm-none-eabi/4.8.0/../../../../arm-none-eabi/lib/thumb/cortex-m4/float-abi-hard/fpuv4-sp-d16/libc.a(lib_a-strlen.o)
 .debug_abbrev  0x0000000000003bdf      0x3e0 /home/robert/Desktop/Projektwoche/stm/STM32-Toolchain/arm-none-eabi/lib/gcc/arm-none-eabi/4.8.0/../../../../arm-none-eabi/lib/thumb/cortex-m4/float-abi-hard/fpuv4-sp-d16/libc.a(lib_a-vfprintf.o)
 .debug_abbrev  0x0000000000003fbf      0x1f3 /home/robert/Desktop/Projektwoche/stm/STM32-Toolchain/arm-none-eabi/lib/gcc/arm-none-eabi/4.8.0/../../../../arm-none-eabi/lib/thumb/cortex-m4/float-abi-hard/fpuv4-sp-d16/libc.a(lib_a-wsetup.o)
 .debug_abbrev  0x00000000000041b2      0x2be /home/robert/Desktop/Projektwoche/stm/STM32-Toolchain/arm-none-eabi/lib/gcc/arm-none-eabi/4.8.0/../../../../arm-none-eabi/lib/thumb/cortex-m4/float-abi-hard/fpuv4-sp-d16/libc.a(lib_a-dtoa.o)
 .debug_abbrev  0x0000000000004470      0x28e /home/robert/Desktop/Projektwoche/stm/STM32-Toolchain/arm-none-eabi/lib/gcc/arm-none-eabi/4.8.0/../../../../arm-none-eabi/lib/thumb/cortex-m4/float-abi-hard/fpuv4-sp-d16/libc.a(lib_a-fflush.o)
 .debug_abbrev  0x00000000000046fe      0x360 /home/robert/Desktop/Projektwoche/stm/STM32-Toolchain/arm-none-eabi/lib/gcc/arm-none-eabi/4.8.0/../../../../arm-none-eabi/lib/thumb/cortex-m4/float-abi-hard/fpuv4-sp-d16/libc.a(lib_a-findfp.o)
 .debug_abbrev  0x0000000000004a5e      0x27b /home/robert/Desktop/Projektwoche/stm/STM32-Toolchain/arm-none-eabi/lib/gcc/arm-none-eabi/4.8.0/../../../../arm-none-eabi/lib/thumb/cortex-m4/float-abi-hard/fpuv4-sp-d16/libc.a(lib_a-freer.o)
 .debug_abbrev  0x0000000000004cd9      0x24a /home/robert/Desktop/Projektwoche/stm/STM32-Toolchain/arm-none-eabi/lib/gcc/arm-none-eabi/4.8.0/../../../../arm-none-eabi/lib/thumb/cortex-m4/float-abi-hard/fpuv4-sp-d16/libc.a(lib_a-fvwrite.o)
 .debug_abbrev  0x0000000000004f23      0x1d1 /home/robert/Desktop/Projektwoche/stm/STM32-Toolchain/arm-none-eabi/lib/gcc/arm-none-eabi/4.8.0/../../../../arm-none-eabi/lib/thumb/cortex-m4/float-abi-hard/fpuv4-sp-d16/libc.a(lib_a-fwalk.o)
 .debug_abbrev  0x00000000000050f4      0x2a3 /home/robert/Desktop/Projektwoche/stm/STM32-Toolchain/arm-none-eabi/lib/gcc/arm-none-eabi/4.8.0/../../../../arm-none-eabi/lib/thumb/cortex-m4/float-abi-hard/fpuv4-sp-d16/libc.a(lib_a-locale.o)
 .debug_abbrev  0x0000000000005397      0x206 /home/robert/Desktop/Projektwoche/stm/STM32-Toolchain/arm-none-eabi/lib/gcc/arm-none-eabi/4.8.0/../../../../arm-none-eabi/lib/thumb/cortex-m4/float-abi-hard/fpuv4-sp-d16/libc.a(lib_a-makebuf.o)
 .debug_abbrev  0x000000000000559d       0xba /home/robert/Desktop/Projektwoche/stm/STM32-Toolchain/arm-none-eabi/lib/gcc/arm-none-eabi/4.8.0/../../../../arm-none-eabi/lib/thumb/cortex-m4/float-abi-hard/fpuv4-sp-d16/libc.a(lib_a-memchr-stub.o)
 .debug_abbrev  0x0000000000005657       0xab /home/robert/Desktop/Projektwoche/stm/STM32-Toolchain/arm-none-eabi/lib/gcc/arm-none-eabi/4.8.0/../../../../arm-none-eabi/lib/thumb/cortex-m4/float-abi-hard/fpuv4-sp-d16/libc.a(lib_a-memmove.o)
 .debug_abbrev  0x0000000000005702      0x38a /home/robert/Desktop/Projektwoche/stm/STM32-Toolchain/arm-none-eabi/lib/gcc/arm-none-eabi/4.8.0/../../../../arm-none-eabi/lib/thumb/cortex-m4/float-abi-hard/fpuv4-sp-d16/libc.a(lib_a-mprec.o)
 .debug_abbrev  0x0000000000005a8c      0x26b /home/robert/Desktop/Projektwoche/stm/STM32-Toolchain/arm-none-eabi/lib/gcc/arm-none-eabi/4.8.0/../../../../arm-none-eabi/lib/thumb/cortex-m4/float-abi-hard/fpuv4-sp-d16/libc.a(lib_a-reallocr.o)
 .debug_abbrev  0x0000000000005cf7      0x27b /home/robert/Desktop/Projektwoche/stm/STM32-Toolchain/arm-none-eabi/lib/gcc/arm-none-eabi/4.8.0/../../../../arm-none-eabi/lib/thumb/cortex-m4/float-abi-hard/fpuv4-sp-d16/libc.a(lib_a-reent.o)
 .debug_abbrev  0x0000000000005f72       0xca /home/robert/Desktop/Projektwoche/stm/STM32-Toolchain/arm-none-eabi/lib/gcc/arm-none-eabi/4.8.0/../../../../arm-none-eabi/lib/thumb/cortex-m4/float-abi-hard/fpuv4-sp-d16/libc.a(lib_a-s_fpclassify.o)
 .debug_abbrev  0x000000000000603c      0x246 /home/robert/Desktop/Projektwoche/stm/STM32-Toolchain/arm-none-eabi/lib/gcc/arm-none-eabi/4.8.0/../../../../arm-none-eabi/lib/thumb/cortex-m4/float-abi-hard/fpuv4-sp-d16/libc.a(lib_a-stdio.o)
 .debug_abbrev  0x0000000000006282       0x14 /home/robert/Desktop/Projektwoche/stm/STM32-Toolchain/arm-none-eabi/lib/gcc/arm-none-eabi/4.8.0/../../../../arm-none-eabi/lib/thumb/cortex-m4/float-abi-hard/fpuv4-sp-d16/libc.a(lib_a-strcmp.o)
 .debug_abbrev  0x0000000000006296      0x3ad /home/robert/Desktop/Projektwoche/stm/STM32-Toolchain/arm-none-eabi/lib/gcc/arm-none-eabi/4.8.0/../../../../arm-none-eabi/lib/thumb/cortex-m4/float-abi-hard/fpuv4-sp-d16/libc.a(lib_a-vfiprintf.o)
 .debug_abbrev  0x0000000000006643      0x1f4 /home/robert/Desktop/Projektwoche/stm/STM32-Toolchain/arm-none-eabi/lib/gcc/arm-none-eabi/4.8.0/../../../../arm-none-eabi/lib/thumb/cortex-m4/float-abi-hard/fpuv4-sp-d16/libc.a(lib_a-writer.o)
 .debug_abbrev  0x0000000000006837      0x213 /home/robert/Desktop/Projektwoche/stm/STM32-Toolchain/arm-none-eabi/lib/gcc/arm-none-eabi/4.8.0/../../../../arm-none-eabi/lib/thumb/cortex-m4/float-abi-hard/fpuv4-sp-d16/libc.a(lib_a-callocr.o)
 .debug_abbrev  0x0000000000006a4a      0x1ef /home/robert/Desktop/Projektwoche/stm/STM32-Toolchain/arm-none-eabi/lib/gcc/arm-none-eabi/4.8.0/../../../../arm-none-eabi/lib/thumb/cortex-m4/float-abi-hard/fpuv4-sp-d16/libc.a(lib_a-closer.o)
 .debug_abbrev  0x0000000000006c39      0x26c /home/robert/Desktop/Projektwoche/stm/STM32-Toolchain/arm-none-eabi/lib/gcc/arm-none-eabi/4.8.0/../../../../arm-none-eabi/lib/thumb/cortex-m4/float-abi-hard/fpuv4-sp-d16/libc.a(lib_a-fclose.o)
 .debug_abbrev  0x0000000000006ea5      0x292 /home/robert/Desktop/Projektwoche/stm/STM32-Toolchain/arm-none-eabi/lib/gcc/arm-none-eabi/4.8.0/../../../../arm-none-eabi/lib/thumb/cortex-m4/float-abi-hard/fpuv4-sp-d16/libc.a(lib_a-fputwc.o)
 .debug_abbrev  0x0000000000007137      0x1fe /home/robert/Desktop/Projektwoche/stm/STM32-Toolchain/arm-none-eabi/lib/gcc/arm-none-eabi/4.8.0/../../../../arm-none-eabi/lib/thumb/cortex-m4/float-abi-hard/fpuv4-sp-d16/libc.a(lib_a-fstatr.o)
 .debug_abbrev  0x0000000000007335      0x1fe /home/robert/Desktop/Projektwoche/stm/STM32-Toolchain/arm-none-eabi/lib/gcc/arm-none-eabi/4.8.0/../../../../arm-none-eabi/lib/thumb/cortex-m4/float-abi-hard/fpuv4-sp-d16/libc.a(lib_a-lseekr.o)
 .debug_abbrev  0x0000000000007533      0x1ef /home/robert/Desktop/Projektwoche/stm/STM32-Toolchain/arm-none-eabi/lib/gcc/arm-none-eabi/4.8.0/../../../../arm-none-eabi/lib/thumb/cortex-m4/float-abi-hard/fpuv4-sp-d16/libc.a(lib_a-readr.o)
 .debug_abbrev  0x0000000000007722      0x238 /home/robert/Desktop/Projektwoche/stm/STM32-Toolchain/arm-none-eabi/lib/gcc/arm-none-eabi/4.8.0/../../../../arm-none-eabi/lib/thumb/cortex-m4/float-abi-hard/fpuv4-sp-d16/libc.a(lib_a-wbuf.o)
 .debug_abbrev  0x000000000000795a      0x213 /home/robert/Desktop/Projektwoche/stm/STM32-Toolchain/arm-none-eabi/lib/gcc/arm-none-eabi/4.8.0/../../../../arm-none-eabi/lib/thumb/cortex-m4/float-abi-hard/fpuv4-sp-d16/libc.a(lib_a-wcrtomb.o)
 .debug_abbrev  0x0000000000007b6d      0x212 /home/robert/Desktop/Projektwoche/stm/STM32-Toolchain/arm-none-eabi/lib/gcc/arm-none-eabi/4.8.0/../../../../arm-none-eabi/lib/thumb/cortex-m4/float-abi-hard/fpuv4-sp-d16/libc.a(lib_a-wctomb_r.o)
 .debug_abbrev  0x0000000000007d7f       0x14 /home/robert/Desktop/Projektwoche/stm/STM32-Toolchain/arm-none-eabi/lib/gcc/arm-none-eabi/4.8.0/thumb/cortex-m4/float-abi-hard/fpuv4-sp-d16/libgcc.a(_arm_fixdfsi.o)

.debug_aranges  0x0000000000000000     0x1470
 .debug_aranges